 win32_pong

 Timestamp is 552dd5df (Tue Apr 14 22:07:11 2015)

 Preferred load address is 0000000140000000

 Start         Length     Name                   Class
 0001:00000000 00028d4cH .text$mn                CODE
 0001:00028d50 0000057bH .text$x                 CODE
 0002:00000000 000002e8H .idata$5                DATA
 0002:000002e8 00000008H .CRT$XCA                DATA
 0002:000002f0 00000008H .CRT$XCZ                DATA
 0002:000002f8 00000008H .CRT$XIA                DATA
 0002:00000300 00000020H .CRT$XIC                DATA
 0002:00000320 00000008H .CRT$XIY                DATA
 0002:00000328 00000008H .CRT$XIZ                DATA
 0002:00000330 00000008H .CRT$XPA                DATA
 0002:00000338 00000010H .CRT$XPX                DATA
 0002:00000348 00000008H .CRT$XPXA               DATA
 0002:00000350 00000008H .CRT$XPZ                DATA
 0002:00000358 00000008H .CRT$XTA                DATA
 0002:00000360 00000008H .CRT$XTZ                DATA
 0002:00000370 0000abf0H .rdata                  DATA
 0002:0000af60 0000004cH .rdata$debug            DATA
 0002:0000afb0 0000016cH .rdata$r                DATA
 0002:0000b120 00000008H .rtc$IAA                DATA
 0002:0000b128 00000008H .rtc$IZZ                DATA
 0002:0000b130 00000008H .rtc$TAA                DATA
 0002:0000b138 00000008H .rtc$TZZ                DATA
 0002:0000b140 00000c44H .xdata                  DATA
 0002:0000bd88 00000084H .xdata$x                DATA
 0002:0000be0c 00000000H .edata                  DATA
 0002:0000be0c 00000050H .idata$2                DATA
 0002:0000be5c 00000014H .idata$3                DATA
 0002:0000be70 000002e8H .idata$4                DATA
 0002:0000c158 0000068aH .idata$6                DATA
 0003:00000000 00001638H .data                   DATA
 0003:00001638 00000070H .data$r                 DATA
 0003:000016c0 00002518H .bss                    DATA
 0004:00000000 0000147cH .pdata                  DATA

  Address         Publics by Value              Rva+Base               Lib:Object

 0000:00000000       __guard_fids_count         0000000000000000     <absolute>
 0000:00000000       ___safe_se_handler_table   0000000000000000     <absolute>
 0000:00000000       __guard_flags              0000000000000000     <absolute>
 0000:00000000       __guard_fids_table         0000000000000000     <absolute>
 0000:00000000       ___safe_se_handler_count   0000000000000000     <absolute>
 0000:00000000       __ImageBase                0000000140000000     <linker-defined>
 0001:00000000       WinMain                    0000000140001000 f   win32_pong.obj
 0001:00000820       ??H@YA?ATvect2@@T0@0@Z     0000000140001820 f   win32_pong.obj
 0001:00000880       ??Y@YAAEATvect2@@AEAT0@T0@@Z 0000000140001880 f   win32_pong.obj
 0001:000008e0       ??G@YA?ATvect2@@T0@0@Z     00000001400018e0 f   win32_pong.obj
 0001:00000940       ??D@YA?ATvect2@@MT0@@Z     0000000140001940 f   win32_pong.obj
 0001:000009a0       ??X@YAAEATvect2@@AEAT0@M@Z 00000001400019a0 f   win32_pong.obj
 0001:00000a00       ?DotProduct@@YAMTvect2@@0@Z 0000000140001a00 f   win32_pong.obj
 0001:000024a0       ?InitDSound@@YAXPEAUHWND__@@HPEAUSound_Data@@@Z 00000001400034a0 f   win32_pong.obj
 0001:00002750       ?ResizeClientBuffer@@YAXPEAUScreenBuffer@@JJ@Z 0000000140003750 f   win32_pong.obj
 0001:00002870       ?MainWindowCallback@@YA_JPEAUHWND__@@I_K_J@Z 0000000140003870 f   win32_pong.obj
 0001:000029b0       ??$_snprintf_s@$0BAA@@@YAHAEAY0BAA@D_KPEBDZZ 00000001400039b0 f i win32_pong.obj
 0001:00002a00       ?DrawPlayer@@YAXUplayer@@Utile_map@@PEAUgame_screen_buffer@@@Z 0000000140003a00 f i win32_pong.obj
 0001:00002b00       ?round@@YAMM@Z             0000000140003b00 f i win32_pong.obj
 0001:00002b20       roundf                     0000000140003b20 f   LIBCMTD:roundf.obj
 0001:00002bb0       _vsnprintf_helper          0000000140003bb0 f   LIBCMTD:vsnprnc.obj
 0001:00002e90       _vsnprintf_s               0000000140003e90 f   LIBCMTD:vsnprnc.obj
 0001:00002ee0       _vsnprintf_s_l             0000000140003ee0 f   LIBCMTD:vsnprnc.obj
 0001:00003480       _vsprintf_s_l              0000000140004480 f   LIBCMTD:vsnprnc.obj
 0001:00003810       __GSHandlerCheck           0000000140004810 f   LIBCMTD:gshandler.obj
 0001:00003850       __GSHandlerCheckCommon     0000000140004850 f   LIBCMTD:gshandler.obj
 0001:00003960       __security_check_cookie    0000000140004960 f   LIBCMTD:amdsecgs.obj
 0001:00003980       _fpmath                    0000000140004980 f   LIBCMTD:fpinit.obj
 0001:000039a0       _cfltcvt_init              00000001400049a0 f   LIBCMTD:fpinit.obj
 0001:00003ab0       WinMainCRTStartup          0000000140004ab0 f   LIBCMTD:wincrt0.obj
 0001:00003d00       _fd_int                    0000000140004d00 f   LIBCMTD:_test.obj
 0001:00003f30       _call_reportfault          0000000140004f30 f   LIBCMTD:invarg.obj
 0001:00004060       _initp_misc_invarg         0000000140005060 f   LIBCMTD:invarg.obj
 0001:00004080       _invalid_parameter         0000000140005080 f   LIBCMTD:invarg.obj
 0001:00004110       _invoke_watson             0000000140005110 f   LIBCMTD:invarg.obj
 0001:00004170       _flsbuf                    0000000140005170 f   LIBCMTD:_flsbuf.obj
 0001:00004510       _CrtDbgReportW             0000000140005510 f   LIBCMTD:dbgrptw.obj
 0001:00004590       _CrtDbgReportWV            0000000140005590 f i LIBCMTD:dbgrptw.obj
 0001:000045f0       __crtMessageWindowW        00000001400055f0 f   LIBCMTD:dbgrptw.obj
 0001:00004c70       _invoke_watson_if_error    0000000140005c70 f i LIBCMTD:dbgrptw.obj
 0001:00004cc0       _invoke_watson_if_oneof    0000000140005cc0 f i LIBCMTD:dbgrptw.obj
 0001:00004d40       memset                     0000000140005d40 f   LIBCMTD:memset.obj
 0001:00004f70       ??0_LocaleUpdate@@QEAA@PEAUlocaleinfo_struct@@@Z 0000000140005f70 f i LIBCMTD:output.obj
 0001:000050b0       ??1_LocaleUpdate@@QEAA@XZ  00000001400060b0 f i LIBCMTD:output.obj
 0001:000050f0       ?GetLocaleT@_LocaleUpdate@@QEAAPEAUlocaleinfo_struct@@XZ 00000001400060f0 f i LIBCMTD:output.obj
 0001:00005100       get_int64_arg              0000000140006100 f i LIBCMTD:output.obj
 0001:00005170       get_int_arg                0000000140006170 f i LIBCMTD:output.obj
 0001:000051d0       get_short_arg              00000001400061d0 f i LIBCMTD:output.obj
 0001:00005240       _output_s_l                0000000140006240 f   LIBCMTD:outputs.obj
 0001:00006e20       __doserrno                 0000000140007e20 f   LIBCMTD:dosmap.obj
 0001:00006e50       _dosmaperr                 0000000140007e50 f   LIBCMTD:dosmap.obj
 0001:00006e80       _errno                     0000000140007e80 f   LIBCMTD:dosmap.obj
 0001:00006eb0       _get_errno_from_oserr      0000000140007eb0 f   LIBCMTD:dosmap.obj
 0001:00007470       _CrtCheckMemory            0000000140008470 f   LIBCMTD:dbgheap.obj
 0001:00007a10       _CrtDumpMemoryLeaks        0000000140008a10 f   LIBCMTD:dbgheap.obj
 0001:00007ad0       _CrtGetCheckCount          0000000140008ad0 f   LIBCMTD:dbgheap.obj
 0001:00007ae0       _CrtIsValidHeapPointer     0000000140008ae0 f   LIBCMTD:dbgheap.obj
 0001:00007b40       _CrtIsValidPointer         0000000140008b40 f   LIBCMTD:dbgheap.obj
 0001:00007b80       _CrtMemCheckpoint          0000000140008b80 f   LIBCMTD:dbgheap.obj
 0001:00007e10       _CrtMemDumpAllObjectsSince 0000000140008e10 f   LIBCMTD:dbgheap.obj
 0001:00007e60       _CrtSetCheckCount          0000000140008e60 f   LIBCMTD:dbgheap.obj
 0001:00007e80       _CrtSetDbgFlag             0000000140008e80 f   LIBCMTD:dbgheap.obj
 0001:00007fc0       _calloc_dbg                0000000140008fc0 f   LIBCMTD:dbgheap.obj
 0001:00008040       _calloc_dbg_impl           0000000140009040 f   LIBCMTD:dbgheap.obj
 0001:000080f0       _free_dbg                  00000001400090f0 f   LIBCMTD:dbgheap.obj
 0001:00008130       _free_dbg_nolock           0000000140009130 f   LIBCMTD:dbgheap.obj
 0001:00008cc0       _malloc_dbg                0000000140009cc0 f   LIBCMTD:dbgheap.obj
 0001:00008d10       _msize_dbg                 0000000140009d10 f   LIBCMTD:dbgheap.obj
 0001:00008f60       _nh_malloc_dbg             0000000140009f60 f   LIBCMTD:dbgheap.obj
 0001:000092f0       _realloc_dbg               000000014000a2f0 f   LIBCMTD:dbgheap.obj
 0001:00009c60       __raise_securityfailure    000000014000ac60 f   LIBCMTD:gs_report.obj
 0001:00009cb0       __report_gsfailure         000000014000acb0 f   LIBCMTD:gs_report.obj
 0001:00009d90       __report_rangecheckfailure 000000014000ad90 f   LIBCMTD:gs_report.obj
 0001:00009db0       __report_securityfailure   000000014000adb0 f   LIBCMTD:gs_report.obj
 0001:00009e50       ?strrchr@@YAPEADPEADH@Z    000000014000ae50 f i LIBCMTD:cvt.obj
 0001:00009e70       _cfltcvt                   000000014000ae70 f   LIBCMTD:cvt.obj
 0001:00009ec0       _cfltcvt_l                 000000014000aec0 f   LIBCMTD:cvt.obj
 0001:00009fe0       _cftoa_l                   000000014000afe0 f   LIBCMTD:cvt.obj
 0001:0000aae0       _cftoe                     000000014000bae0 f   LIBCMTD:cvt.obj
 0001:0000b100       _cftoe_l                   000000014000c100 f   LIBCMTD:cvt.obj
 0001:0000b800       _cftof_l                   000000014000c800 f   LIBCMTD:cvt.obj
 0001:0000bae0       _cftog_l                   000000014000cae0 f   LIBCMTD:cvt.obj
 0001:0000bea0       _cropzeros                 000000014000cea0 f   LIBCMTD:cvt.obj
 0001:0000bec0       _cropzeros_l               000000014000cec0 f   LIBCMTD:cvt.obj
 0001:0000c040       _fassign                   000000014000d040 f   LIBCMTD:cvt.obj
 0001:0000c070       _fassign_l                 000000014000d070 f   LIBCMTD:cvt.obj
 0001:0000c0e0       _forcdecpt                 000000014000d0e0 f   LIBCMTD:cvt.obj
 0001:0000c100       _forcdecpt_l               000000014000d100 f   LIBCMTD:cvt.obj
 0001:0000c200       _positive                  000000014000d200 f   LIBCMTD:cvt.obj
 0001:0000c290       _initp_misc_cfltcvt_tab    000000014000d290 f   LIBCMTD:cmiscdat.obj
 0001:0000c2e0       ?__CxxUnhandledExceptionFilter@@YAJPEAU_EXCEPTION_POINTERS@@@Z 000000014000d2e0 f   LIBCMTD:unhandld.obj
 0001:0000c360       __CxxSetUnhandledExceptionFilter 000000014000d360 f   LIBCMTD:unhandld.obj
 0001:0000c380       _XcptFilter                000000014000d380 f   LIBCMTD:winxfltr.obj
 0001:0000c6b0       _freefls                   000000014000d6b0 f   LIBCMTD:tidtable.obj
 0001:0000c8c0       _getptd                    000000014000d8c0 f   LIBCMTD:tidtable.obj
 0001:0000c8f0       _getptd_noexit             000000014000d8f0 f   LIBCMTD:tidtable.obj
 0001:0000c9c0       _initptd                   000000014000d9c0 f   LIBCMTD:tidtable.obj
 0001:0000caf0       _mtinit                    000000014000daf0 f   LIBCMTD:tidtable.obj
 0001:0000cbb0       _mtterm                    000000014000dbb0 f   LIBCMTD:tidtable.obj
 0001:0000cbe0       __crtCorExitProcess        000000014000dbe0 f   LIBCMTD:crt0dat.obj
 0001:0000cc30       __crtExitProcess           000000014000dc30 f   LIBCMTD:crt0dat.obj
 0001:0000cc50       __freeCrtMemory            000000014000dc50 f   LIBCMTD:crt0dat.obj
 0001:0000ce80       _amsg_exit                 000000014000de80 f   LIBCMTD:crt0dat.obj
 0001:0000ceb0       _c_exit                    000000014000deb0 f   LIBCMTD:crt0dat.obj
 0001:0000ced0       _cexit                     000000014000ded0 f   LIBCMTD:crt0dat.obj
 0001:0000cef0       _cinit                     000000014000def0 f   LIBCMTD:crt0dat.obj
 0001:0000cfa0       _exit                      000000014000dfa0 f   LIBCMTD:crt0dat.obj
 0001:0000cfc0       _init_pointers             000000014000dfc0 f   LIBCMTD:crt0dat.obj
 0001:0000d070       _initterm_e                000000014000e070 f   LIBCMTD:crt0dat.obj
 0001:0000d0d0       _lockexit                  000000014000e0d0 f   LIBCMTD:crt0dat.obj
 0001:0000d0f0       _unlockexit                000000014000e0f0 f   LIBCMTD:crt0dat.obj
 0001:0000d320       exit                       000000014000e320 f   LIBCMTD:crt0dat.obj
 0001:0000d340       _heap_init                 000000014000e340 f   LIBCMTD:heapinit.obj
 0001:0000d370       _ioinit                    000000014000e370 f   LIBCMTD:ioinit.obj
 0001:0000d950       _set_pgmptr                000000014000e950 f i LIBCMTD:stdargv.obj
 0001:0000d970       _setargv                   000000014000e970 f   LIBCMTD:stdargv.obj
 0001:0000dfd0       _setenvp                   000000014000efd0 f   LIBCMTD:stdenvp.obj
 0001:0000e1e0       _FF_MSGBANNER              000000014000f1e0 f   LIBCMTD:crt0msg.obj
 0001:0000e230       _GET_RTERRMSG              000000014000f230 f   LIBCMTD:crt0msg.obj
 0001:0000e290       _NMSG_WRITE                000000014000f290 f   LIBCMTD:crt0msg.obj
 0001:0000e6c0       __set_app_type             000000014000f6c0 f   LIBCMTD:errmode.obj
 0001:0000e6d0       _set_error_mode            000000014000f6d0 f   LIBCMTD:errmode.obj
 0001:0000e7e0       __security_init_cookie     000000014000f7e0 f   LIBCMTD:gs_support.obj
 0001:0000e900       _RTC_Initialize            000000014000f900 f   LIBCMTD:initsect.obj
 0001:0000e940       _RTC_Terminate             000000014000f940 f   LIBCMTD:initsect.obj
 0001:0000e980       __crtGetEnvironmentStringsA 000000014000f980 f   LIBCMTD:a_env.obj
 0001:0000eb60       __crtCaptureCurrentContext 000000014000fb60 f   LIBCMTD:winapisupp.obj
 0001:0000ec00       __crtCapturePreviousContext 000000014000fc00 f   LIBCMTD:winapisupp.obj
 0001:0000ecc0       __crtFlsAlloc              000000014000fcc0 f   LIBCMTD:winapisupp.obj
 0001:0000ed10       __crtFlsFree               000000014000fd10 f   LIBCMTD:winapisupp.obj
 0001:0000ed60       __crtFlsGetValue           000000014000fd60 f   LIBCMTD:winapisupp.obj
 0001:0000edb0       __crtFlsSetValue           000000014000fdb0 f   LIBCMTD:winapisupp.obj
 0001:0000ee10       __crtGetShowWindowMode     000000014000fe10 f   LIBCMTD:winapisupp.obj
 0001:0000ee50       __crtInitializeCriticalSectionEx 000000014000fe50 f   LIBCMTD:winapisupp.obj
 0001:0000eec0       __crtIsPackagedApp         000000014000fec0 f   LIBCMTD:winapisupp.obj
 0001:0000ef00       __crtLoadWinApiPointers    000000014000ff00 f   LIBCMTD:winapisupp.obj
 0001:0000f4f0       __crtSetUnhandledExceptionFilter 00000001400104f0 f   LIBCMTD:winapisupp.obj
 0001:0000f510       __crtTerminateProcess      0000000140010510 f   LIBCMTD:winapisupp.obj
 0001:0000f530       __crtUnhandledException    0000000140010530 f   LIBCMTD:winapisupp.obj
 0001:0000f560       _wincmdln                  0000000140010560 f   LIBCMTD:wincmdln.obj
 0001:0000f670       __C_specific_handler       0000000140010670 f   LIBCMTD:chandler.obj
 0001:0000fa90       _CrtDefaultAllocHook       0000000140010a90 f   LIBCMTD:dbghook.obj
 0001:0000fab0       __crt_debugger_hook        0000000140010ab0 f   LIBCMTD:dbghook.obj
 0001:0000fac0       __initstdio                0000000140010ac0 f   LIBCMTD:_file.obj
 0001:0000fbc0       __endstdio                 0000000140010bc0 f   LIBCMTD:_file.obj
 0001:0000fc00       __iob_func                 0000000140010c00 f   LIBCMTD:_file.obj
 0001:0000fc10       _lock_file                 0000000140010c10 f   LIBCMTD:_file.obj
 0001:0000fca0       _lock_file2                0000000140010ca0 f   LIBCMTD:_file.obj
 0001:0000fcf0       _unlock_file               0000000140010cf0 f   LIBCMTD:_file.obj
 0001:0000fd80       _unlock_file2              0000000140010d80 f   LIBCMTD:_file.obj
 0001:0000fdd0       _fileno                    0000000140010dd0 f   LIBCMTD:fileno.obj
 0001:0000fe90       _isatty                    0000000140010e90 f   LIBCMTD:isatty.obj
 0001:0000ffa0       _write                     0000000140010fa0 f   LIBCMTD:write.obj
 0001:00010240       _write_nolock              0000000140011240 f   LIBCMTD:write.obj
 0001:00011380       _lseeki64                  0000000140012380 f   LIBCMTD:lseeki64.obj
 0001:00011630       _lseeki64_nolock           0000000140012630 f   LIBCMTD:lseeki64.obj
 0001:00011750       _getbuf                    0000000140012750 f   LIBCMTD:_getbuf.obj
 0001:00011860       memcpy_s                   0000000140012860 f   LIBCMTD:memcpy_s.obj
 0001:00011ad0       wcscpy_s                   0000000140012ad0 f   LIBCMTD:wcscpy_s.obj
 0001:00011f80       wcslen                     0000000140012f80 f   LIBCMTD:wcslen.obj
 0001:00011fd0       _lock                      0000000140012fd0 f   LIBCMTD:mlock.obj
 0001:00012030       _mtdeletelocks             0000000140013030 f   LIBCMTD:mlock.obj
 0001:00012150       _mtinitlocknum             0000000140013150 f   LIBCMTD:mlock.obj
 0001:00012250       _mtinitlocks               0000000140013250 f   LIBCMTD:mlock.obj
 0001:000122f0       _unlock                    00000001400132f0 f   LIBCMTD:mlock.obj
 0001:00012320       _snwprintf_s               0000000140013320 f   LIBCMTD:swprintf.obj
 0001:00012380       __get_sigabrt              0000000140013380 f   LIBCMTD:winsig.obj
 0001:000123a0       _initp_misc_winsig         00000001400133a0 f   LIBCMTD:winsig.obj
 0001:000123e0       raise                      00000001400133e0 f   LIBCMTD:winsig.obj
 0001:00012850       __crtMessageBoxW           0000000140013850 f   LIBCMTD:crtmboxw.obj
 0001:00012cc0       __crtMessageBoxWaitThreadW 0000000140013cc0 f   LIBCMTD:crtmboxw.obj
 0001:00012d10       _CrtDbgBreak               0000000140013d10 f   LIBCMTD:dbgrptt.obj
 0001:00012d20       _VCrtDbgReportA            0000000140013d20 f   LIBCMTD:dbgrptt.obj
 0001:000136f0       _VCrtDbgReportW            00000001400146f0 f   LIBCMTD:dbgrptt.obj
 0001:00014240       __chkstk                   0000000140015240 f   LIBCMTD:chkstk.obj
 0001:00014240       _alloca_probe              0000000140015240 f   LIBCMTD:chkstk.obj
 0001:00014290       __isa_available_init       0000000140015290 f   LIBCMTD:cpu_disp.obj
 0001:000145d0       __addlocaleref             00000001400155d0 f   LIBCMTD:localref.obj
 0001:00014720       __freetlocinfo             0000000140015720 f   LIBCMTD:localref.obj
 0001:00014ad0       __removelocaleref          0000000140015ad0 f   LIBCMTD:localref.obj
 0001:00014c30       __updatetlocinfo           0000000140015c30 f   LIBCMTD:localref.obj
 0001:00014cd0       _updatetlocinfoEx_nolock   0000000140015cd0 f   LIBCMTD:localref.obj
 0001:00014d70       __initmbctable             0000000140015d70 f   LIBCMTD:mbctype.obj
 0001:00015400       __updatetmbcinfo           0000000140016400 f   LIBCMTD:mbctype.obj
 0001:00015510       _setmbcp                   0000000140016510 f   LIBCMTD:mbctype.obj
 0001:00015800       _setmbcp_nolock            0000000140016800 f   LIBCMTD:mbctype.obj
 0001:00015c50       _isleadbyte_l              0000000140016c50 f i LIBCMTD:_wctype.obj
 0001:00015cb0       isleadbyte                 0000000140016cb0 f i LIBCMTD:_wctype.obj
 0001:00015ce0       strlen                     0000000140016ce0 f   LIBCMTD:strlen.obj
 0001:00015d90       _get_printf_count_output   0000000140016d90 f   LIBCMTD:printf.obj
 0001:00015dc0       _wctomb_s_l                0000000140016dc0 f   LIBCMTD:wctomb.obj
 0001:00016260       wctomb_s                   0000000140017260 f   LIBCMTD:wctomb.obj
 0001:000162b0       _chvalidator               00000001400172b0 f   LIBCMTD:isctype.obj
 0001:00016320       _chvalidator_l             0000000140017320 f   LIBCMTD:isctype.obj
 0001:00016430       _isctype_l                 0000000140017430 f   LIBCMTD:isctype.obj
 0001:00016620       memmove                    0000000140017620 f   LIBCMTD:memcpy.obj
 0001:00016620       memcpy                     0000000140017620 f   LIBCMTD:memcpy.obj
 0001:00016b90       _free_base                 0000000140017b90 f   LIBCMTD:free.obj
 0001:00016bf0       _realloc_base              0000000140017bf0 f   LIBCMTD:realloc.obj
 0001:00016d10       _expand_base               0000000140017d10 f   LIBCMTD:expand.obj
 0001:00016ef0       _CrtDbgReport              0000000140017ef0 f   LIBCMTD:dbgrpt.obj
 0001:00016f70       _CrtDbgReportV             0000000140017f70 f i LIBCMTD:dbgrpt.obj
 0001:00016fd0       __crtMessageWindowA        0000000140017fd0 f   LIBCMTD:dbgrpt.obj
 0001:00017650       _callnewh                  0000000140018650 f   LIBCMTD:handler.obj
 0001:00017690       _initp_heap_handler        0000000140018690 f   LIBCMTD:handler.obj
 0001:000176b0       _heapchk                   00000001400186b0 f   LIBCMTD:heapchk.obj
 0001:000176f0       _snprintf_s                00000001400186f0 f   LIBCMTD:sprintf.obj
 0001:00017750       sprintf_s                  0000000140018750 f   LIBCMTD:sprintf.obj
 0001:000177a0       _heap_alloc_base           00000001400187a0 f i LIBCMTD:malloc.obj
 0001:00017810       _malloc_base               0000000140018810 f   LIBCMTD:malloc.obj
 0001:000178b0       _isdigit_l                 00000001400188b0 f i LIBCMTD:_ctype.obj
 0001:00017950       isdigit                    0000000140018950 f i LIBCMTD:_ctype.obj
 0001:00017990       _tolower_l                 0000000140018990 f   LIBCMTD:tolower.obj
 0001:00017cf0       tolower                    0000000140018cf0 f   LIBCMTD:tolower.obj
 0001:00017d40       strcpy_s                   0000000140018d40 f   LIBCMTD:strcpy_s.obj
 0001:000181e0       strrchr                    00000001400191e0 f   LIBCMTD:strrchr.obj
 0001:00018600       _fptostr                   0000000140019600 f   LIBCMTD:_fptostr.obj
 0001:00018a60       __crt_atoflt_l             0000000140019a60 f   LIBCMTD:atodbl.obj
 0001:00018c00       _atodbl_l                  0000000140019c00 f   LIBCMTD:atodbl.obj
 0001:00018d80       _atoflt_l                  0000000140019d80 f   LIBCMTD:atodbl.obj
 0001:00018db0       __dtold                    0000000140019db0 f   LIBCMTD:cfout.obj
 0001:00018f60       _fltout2                   0000000140019f60 f   LIBCMTD:cfout.obj
 0001:00019070       _fptrap                    000000014001a070 f   LIBCMTD:crt0fp.obj
 0001:00019090       ?_inconsistency@@YAXXZ     000000014001a090 f   LIBCMTD:hooks.obj
 0001:000190c0       ?terminate@@YAXXZ          000000014001a0c0 f   LIBCMTD:hooks.obj
 0001:000190f0       _initp_eh_hooks            000000014001a0f0 f   LIBCMTD:hooks.obj
 0001:00019120       _FindPESection             000000014001a120 f   LIBCMTD:pesect.obj
 0001:000191d0       _IsNonwritableInCurrentImage 000000014001a1d0 f   LIBCMTD:pesect.obj
 0001:00019260       _ValidateImageBase         000000014001a260 f   LIBCMTD:pesect.obj
 0001:000192e0       __onexitinit               000000014001a2e0 f   LIBCMTD:onexit.obj
 0001:00019350       _onexit                    000000014001a350 f   LIBCMTD:onexit.obj
 0001:00019560       atexit                     000000014001a560 f   LIBCMTD:onexit.obj
 0001:000195a0       _initp_misc_purevirt       000000014001a5a0 f   LIBCMTD:inithelp.obj
 0001:000195c0       _initp_misc_rand_s         000000014001a5c0 f   LIBCMTD:rand_s.obj
 0001:000195f0       _local_unwind              000000014001a5f0 f   LIBCMTD:jmpuwind.obj
 0001:00019620       _NLG_Notify                000000014001a620 f   LIBCMTD:jmpuwind.obj
 0001:00019640       __NLG_Dispatch2            000000014001a640 f   LIBCMTD:jmpuwind.obj
 0001:00019650       __NLG_Return2              000000014001a650 f   LIBCMTD:jmpuwind.obj
 0001:00019730       _ismbblead                 000000014001a730 f   LIBCMTD:ismbbyte.obj
 0001:00019760       wcscat_s                   000000014001a760 f   LIBCMTD:wcscat_s.obj
 0001:00019d90       wcsncpy_s                  000000014001ad90 f   LIBCMTD:wcsncpy_s.obj
 0001:0001a430       _fcloseall                 000000014001b430 f   LIBCMTD:closeall.obj
 0001:0001a530       _fflush_nolock             000000014001b530 f   LIBCMTD:fflush.obj
 0001:0001a5b0       _flush                     000000014001b5b0 f   LIBCMTD:fflush.obj
 0001:0001a6a0       _flushall                  000000014001b6a0 f   LIBCMTD:fflush.obj
 0001:0001a830       __lock_fhandle             000000014001b830 f   LIBCMTD:osfinfo.obj
 0001:0001a900       _free_osfhnd               000000014001b900 f   LIBCMTD:osfinfo.obj
 0001:0001aa30       _get_osfhandle             000000014001ba30 f   LIBCMTD:osfinfo.obj
 0001:0001ac30       _unlock_fhandle            000000014001bc30 f   LIBCMTD:osfinfo.obj
 0001:0001ac70       _mbtowc_l                  000000014001bc70 f   LIBCMTD:mbtowc.obj
 0001:0001afb0       mbtowc                     000000014001bfb0 f   LIBCMTD:mbtowc.obj
 0001:0001afe0       _putwch_nolock             000000014001bfe0 f   LIBCMTD:putwch.obj
 0001:0001b050       _vsnwprintf_s              000000014001c050 f   LIBCMTD:vswprnc.obj
 0001:0001b0a0       _vsnwprintf_s_l            000000014001c0a0 f   LIBCMTD:vswprnc.obj
 0001:0001b650       _vswprintf_helper          000000014001c650 f   LIBCMTD:vswprnc.obj
 0001:0001b9a0       strcat_s                   000000014001c9a0 f   LIBCMTD:strcat_s.obj
 0001:0001bfb0       _itoa_s                    000000014001cfb0 f   LIBCMTD:xtoas.obj
 0001:0001c5e0       _mbstowcs_l_helper         000000014001d5e0 f   LIBCMTD:mbstowcs.obj
 0001:0001cb50       _mbstowcs_s_l              000000014001db50 f   LIBCMTD:mbstowcs.obj
 0001:0001d0e0       mbstowcs_s                 000000014001e0e0 f   LIBCMTD:mbstowcs.obj
 0001:0001d1c0       _wcstombs_l_helper         000000014001e1c0 f   LIBCMTD:wcstombs.obj
 0001:0001d9d0       _wcstombs_s_l              000000014001e9d0 f   LIBCMTD:wcstombs.obj
 0001:0001ded0       wcstombs_s                 000000014001eed0 f   LIBCMTD:wcstombs.obj
 0001:0001df20       _itow_s                    000000014001ef20 f   LIBCMTD:xtows.obj
 0001:0001e570       __GSHandlerCheck_SEH       000000014001f570 f   LIBCMTD:gshandlerseh.obj
 0001:0001e630       __free_lconv_mon           000000014001f630 f   LIBCMTD:initmon.obj
 0001:0001e840       __free_lconv_num           000000014001f840 f   LIBCMTD:initnum.obj
 0001:0001e920       __free_lc_time             000000014001f920 f   LIBCMTD:inittime.obj
 0001:0001f860       _MallocaIsSizeInRange      0000000140020860 f i LIBCMTD:a_map.obj
 0001:0001f8a0       _MarkAllocaS               00000001400208a0 f i LIBCMTD:a_map.obj
 0001:0001f8d0       __crtLCMapStringA          00000001400208d0 f   LIBCMTD:a_map.obj
 0001:0001f980       _freea                     0000000140020980 f i LIBCMTD:a_map.obj
 0001:0001fbd0       __crtGetStringTypeA        0000000140020bd0 f   LIBCMTD:a_str.obj
 0001:0001fcf0       ?_GetEstablisherFrame@@YAPEA_KPEA_KPEAU_xDISPATCHER_CONTEXT@@PEBU_s_FuncInfo@@0@Z 0000000140020cf0 f   LIBCMTD:trnsctrl.obj
 0001:0001fe60       ?_GetRangeOfTrysToCheck@@YAPEBU_s_TryBlockMapEntry@@PEA_KPEBU_s_FuncInfo@@HHPEAI2PEAU_xDISPATCHER_CONTEXT@@@Z 0000000140020e60 f   LIBCMTD:trnsctrl.obj
 0001:00020080       ?__FrameUnwindToEmptyState@@YAXPEA_KPEAU_xDISPATCHER_CONTEXT@@PEBU_s_FuncInfo@@@Z 0000000140021080 f   LIBCMTD:trnsctrl.obj
 0001:00020120       ?__SehTransFilter@@YAHPEAU_EXCEPTION_POINTERS@@PEAUEHExceptionRecord@@PEA_KPEAU_CONTEXT@@PEAU_xDISPATCHER_CONTEXT@@PEBU_s_FuncInfo@@PEAH@Z 0000000140021120 f   LIBCMTD:trnsctrl.obj
 0001:000201e0       _CallSETranslator          00000001400211e0 f   LIBCMTD:trnsctrl.obj
 0001:00020260       _CreateFrameInfo           0000000140021260 f   LIBCMTD:trnsctrl.obj
 0001:000202e0       _FindAndUnlinkFrame        00000001400212e0 f   LIBCMTD:trnsctrl.obj
 0001:00020370       _GetImageBase              0000000140021370 f   LIBCMTD:trnsctrl.obj
 0001:00020390       _GetThrowImageBase         0000000140021390 f   LIBCMTD:trnsctrl.obj
 0001:000203b0       _IsExceptionObjectToBeDestroyed 00000001400213b0 f   LIBCMTD:trnsctrl.obj
 0001:00020410       _SetImageBase              0000000140021410 f   LIBCMTD:trnsctrl.obj
 0001:00020430       _SetThrowImageBase         0000000140021430 f   LIBCMTD:trnsctrl.obj
 0001:00020450       _UnwindNestedFrames        0000000140021450 f   LIBCMTD:trnsctrl.obj
 0001:000205c0       __CxxFrameHandler3         00000001400215c0 f   LIBCMTD:trnsctrl.obj
 0001:00020680       _locterm                   0000000140021680 f   LIBCMTD:wsetloca.obj
 0001:000206d0       _CopyMan                   00000001400216d0 f i LIBCMTD:intrncvt.obj
 0001:00020740       _FillZeroMan               0000000140021740 f i LIBCMTD:intrncvt.obj
 0001:00020780       _IncMan                    0000000140021780 f i LIBCMTD:intrncvt.obj
 0001:00020860       _IsZeroMan                 0000000140021860 f i LIBCMTD:intrncvt.obj
 0001:000208a0       _RoundMan                  00000001400218a0 f i LIBCMTD:intrncvt.obj
 0001:000209b0       _ShrMan                    00000001400219b0 f i LIBCMTD:intrncvt.obj
 0001:00020af0       _ZeroTail                  0000000140021af0 f i LIBCMTD:intrncvt.obj
 0001:00020ba0       __addl                     0000000140021ba0 f i LIBCMTD:intrncvt.obj
 0001:00020c00       _ld12cvt                   0000000140021c00 f i LIBCMTD:intrncvt.obj
 0001:00020f70       _ld12tod                   0000000140021f70 f   LIBCMTD:intrncvt.obj
 0001:00020fa0       _ld12tof                   0000000140021fa0 f   LIBCMTD:intrncvt.obj
 0001:00020fd0       __ld12mul                  0000000140021fd0 f i LIBCMTD:strgtold.obj
 0001:00021540       __multtenpow12             0000000140022540 f i LIBCMTD:strgtold.obj
 0001:00021670       __shl_12                   0000000140022670 f i LIBCMTD:strgtold.obj
 0001:00021710       __shr_12                   0000000140022710 f i LIBCMTD:strgtold.obj
 0001:000217b0       __strgtold12_l             00000001400227b0 f   LIBCMTD:strgtold.obj
 0001:00022590       $I10_OUTPUT                0000000140023590 f   LIBCMTD:x10fout.obj
 0001:00022e50       __add_12                   0000000140023e50 f i LIBCMTD:x10fout.obj
 0001:00022f30       abort                      0000000140023f30 f   LIBCMTD:abort.obj
 0001:00022fc0       GetTableIndexFromLocaleName 0000000140023fc0 f   LIBCMTD:winapinls.obj
 0001:00023070       __crtDownlevelLocaleNameToLCID 0000000140024070 f   LIBCMTD:winapinls.obj
 0001:000230d0       __crtLCMapStringEx         00000001400240d0 f   LIBCMTD:winapinls.obj
 0001:000231b0       __wcsnicmp_ascii           00000001400241b0 f   LIBCMTD:winapinls.obj
 0001:000232d0       _get_fpsr                  00000001400242d0 f   LIBCMTD:fpsr.obj
 0001:000232e0       _set_fpsr                  00000001400242e0 f   LIBCMTD:fpsr.obj
 0001:000232ea       _fclrf                     00000001400242ea f   LIBCMTD:fpsr.obj
 0001:000232fe       _frnd                      00000001400242fe f   LIBCMTD:fpsr.obj
 0001:00023320       _fclose_nolock             0000000140024320 f   LIBCMTD:fclose.obj
 0001:00023470       fclose                     0000000140024470 f   LIBCMTD:fclose.obj
 0001:00023570       _commit                    0000000140024570 f   LIBCMTD:commit.obj
 0001:00023800       __termconout               0000000140024800 f   LIBCMTD:initcon.obj
 0001:00023830       __initconout               0000000140024830 f   LIBCMTD:initcon.obj
 0001:00023880       _woutput_s_l               0000000140024880 f   LIBCMTD:woutputs.obj
 0001:00025170       _fputwc_nolock             0000000140026170 f   LIBCMTD:fputwc.obj
 0001:000255d0       free                       00000001400265d0 f   LIBCMTD:dbgfree.obj
 0001:000255f0       malloc                     00000001400265f0 f   LIBCMTD:dbgmalloc.obj
 0001:00025630       __DestructExceptionObject  0000000140026630 f   LIBCMTD:frame.obj
 0001:00025720       ??0bad_exception@std@@QEAA@AEBV01@@Z 0000000140026720 f i LIBCMTD:frame.obj
 0001:00025760       ??0bad_exception@std@@QEAA@PEBD@Z 0000000140026760 f i LIBCMTD:frame.obj
 0001:000257a0       ??1bad_exception@std@@UEAA@XZ 00000001400267a0 f i LIBCMTD:frame.obj
 0001:000257d0       ??_Gbad_exception@std@@UEAAPEAXI@Z 00000001400267d0 f i LIBCMTD:frame.obj
 0001:000257d0       ??_Ebad_exception@std@@UEAAPEAXI@Z 00000001400267d0 f i LIBCMTD:frame.obj
 0001:000267a0       __AdjustPointer            00000001400277a0 f   LIBCMTD:frame.obj
 0001:00026820       __BuildCatchObject         0000000140027820 f   LIBCMTD:frame.obj
 0001:00026960       __BuildCatchObjectHelper   0000000140027960 f   LIBCMTD:frame.obj
 0001:00026d90       __CxxCallCatchBlock        0000000140027d90 f   LIBCMTD:frame.obj
 0001:00027000       __FrameUnwindFilter        0000000140028000 f   LIBCMTD:frame.obj
 0001:00027090       __FrameUnwindToState       0000000140028090 f   LIBCMTD:frame.obj
 0001:000272f0       __InternalCxxFrameHandler  00000001400282f0 f   LIBCMTD:frame.obj
 0001:00027710       __TypeMatch                0000000140028710 f   LIBCMTD:frame.obj
 0001:00027900       ?__GetCurrentState@@YAHPEA_KPEAU_xDISPATCHER_CONTEXT@@PEBU_s_FuncInfo@@@Z 0000000140028900 f   LIBCMTD:ehstate.obj
 0001:00027960       ?__GetUnwindTryBlock@@YAHPEA_KPEAU_xDISPATCHER_CONTEXT@@PEBU_s_FuncInfo@@@Z 0000000140028960 f   LIBCMTD:ehstate.obj
 0001:000279b0       ?__SetState@@YAXPEA_KPEAU_xDISPATCHER_CONTEXT@@PEBU_s_FuncInfo@@H@Z 00000001400289b0 f   LIBCMTD:ehstate.obj
 0001:000279e0       ?__SetUnwindTryBlock@@YAXPEA_KPEAU_xDISPATCHER_CONTEXT@@PEBU_s_FuncInfo@@H@Z 00000001400289e0 f   LIBCMTD:ehstate.obj
 0001:00027a50       ?__StateFromControlPc@@YAHPEBU_s_FuncInfo@@PEAU_xDISPATCHER_CONTEXT@@@Z 0000000140028a50 f   LIBCMTD:ehstate.obj
 0001:00027a80       ?__StateFromIp@@YAHPEBU_s_FuncInfo@@PEAU_xDISPATCHER_CONTEXT@@_J@Z 0000000140028a80 f   LIBCMTD:ehstate.obj
 0001:00027b70       memcmp                     0000000140028b70 f   LIBCMTD:memcmp.obj
 0001:00027c40       __mtold12                  0000000140028c40 f   LIBCMTD:mantold.obj
 0001:00027dd0       _close                     0000000140028dd0 f   LIBCMTD:close.obj
 0001:00028050       _close_nolock              0000000140029050 f   LIBCMTD:close.obj
 0001:00028160       _freebuf                   0000000140029160 f   LIBCMTD:_freebuf.obj
 0001:00028220       _flswbuf                   0000000140029220 f   LIBCMTD:_flswbuf.obj
 0001:000285d0       ??3@YAXPEAX@Z              00000001400295d0 f   LIBCMTD:dbgdel.obj
 0001:000286b0       strcmp                     00000001400296b0 f   LIBCMTD:strcmp.obj
 0001:00028720       ?_ValidateExecute@@YAHP6A_JXZ@Z 0000000140029720 f   LIBCMTD:validate.obj
 0001:00028750       ?_ValidateRead@@YAHPEBXI@Z 0000000140029750 f   LIBCMTD:validate.obj
 0001:00028750       ?_ValidateWrite@@YAHPEAXI@Z 0000000140029750 f   LIBCMTD:validate.obj
 0001:00028790       _CallSettingFrame          0000000140029790 f   LIBCMTD:handlers.obj
 0001:000287d0       _GetNextInstrOffset        00000001400297d0 f   LIBCMTD:handlers.obj
 0001:000287e0       ??1type_info@@UEAA@XZ      00000001400297e0 f   LIBCMTD:typinfo.obj
 0001:00028810       ??8type_info@@QEBA_NAEBV0@@Z 0000000140029810 f   LIBCMTD:typinfo.obj
 0001:00028860       ??_Etype_info@@UEAAPEAXI@Z 0000000140029860 f i LIBCMTD:typinfo.obj
 0001:00028860       ??_Gtype_info@@UEAAPEAXI@Z 0000000140029860 f i LIBCMTD:typinfo.obj
 0001:000288a0       ??0exception@std@@QEAA@AEBQEBD@Z 00000001400298a0 f   LIBCMTD:stdexcpt.obj
 0001:000288f0       ??0exception@std@@QEAA@AEBV01@@Z 00000001400298f0 f   LIBCMTD:stdexcpt.obj
 0001:00028940       ??1exception@std@@UEAA@XZ  0000000140029940 f   LIBCMTD:stdexcpt.obj
 0001:00028970       ??4exception@std@@QEAAAEAV01@AEBV01@@Z 0000000140029970 f   LIBCMTD:stdexcpt.obj
 0001:000289e0       ??_Eexception@std@@UEAAPEAXI@Z 00000001400299e0 f i LIBCMTD:stdexcpt.obj
 0001:000289e0       ??_Gexception@std@@UEAAPEAXI@Z 00000001400299e0 f i LIBCMTD:stdexcpt.obj
 0001:00028a20       ?_Copy_str@exception@std@@AEAAXPEBD@Z 0000000140029a20 f   LIBCMTD:stdexcpt.obj
 0001:00028a90       ?_Tidy@exception@std@@AEAAXXZ 0000000140029a90 f   LIBCMTD:stdexcpt.obj
 0001:00028ad0       ?what@exception@std@@UEBAPEBDXZ 0000000140029ad0 f   LIBCMTD:stdexcpt.obj
 0001:00028b10       _CxxThrowException         0000000140029b10 f   LIBCMTD:throw.obj
 0001:00028c30       ?_Type_info_dtor@type_info@@CAXPEAV1@@Z 0000000140029c30 f   LIBCMTD:typname.obj
 0001:00028d40       IsProcessorFeaturePresent  0000000140029d40 f   kernel32:KERNEL32.dll
 0001:00028d46       RtlUnwindEx                0000000140029d46 f   kernel32:KERNEL32.dll
 0002:00000000       __imp_StretchDIBits        000000014002b000     gdi32:GDI32.dll
 0002:00000008       \177GDI32_NULL_THUNK_DATA  000000014002b008     gdi32:GDI32.dll
 0002:00000010       __imp_RtlPcToFileHeader    000000014002b010     kernel32:KERNEL32.dll
 0002:00000018       __imp_CloseHandle          000000014002b018     kernel32:KERNEL32.dll
 0002:00000020       __imp_CreateFileW          000000014002b020     kernel32:KERNEL32.dll
 0002:00000028       __imp_FlushFileBuffers     000000014002b028     kernel32:KERNEL32.dll
 0002:00000030       __imp_RaiseException       000000014002b030     kernel32:KERNEL32.dll
 0002:00000038       __imp_LCMapStringW         000000014002b038     kernel32:KERNEL32.dll
 0002:00000040       __imp_RtlCaptureContext    000000014002b040     kernel32:KERNEL32.dll
 0002:00000048       __imp_GetStringTypeW       000000014002b048     kernel32:KERNEL32.dll
 0002:00000050       __imp_OutputDebugStringA   000000014002b050     kernel32:KERNEL32.dll
 0002:00000058       __imp_QueryPerformanceCounter 000000014002b058     kernel32:KERNEL32.dll
 0002:00000060       __imp_QueryPerformanceFrequency 000000014002b060     kernel32:KERNEL32.dll
 0002:00000068       __imp_Sleep                000000014002b068     kernel32:KERNEL32.dll
 0002:00000070       __imp_VirtualAlloc         000000014002b070     kernel32:KERNEL32.dll
 0002:00000078       __imp_VirtualFree          000000014002b078     kernel32:KERNEL32.dll
 0002:00000080       __imp_GetProcAddress       000000014002b080     kernel32:KERNEL32.dll
 0002:00000088       __imp_LoadLibraryA         000000014002b088     kernel32:KERNEL32.dll
 0002:00000090       __imp_GetCommandLineA      000000014002b090     kernel32:KERNEL32.dll
 0002:00000098       __imp_IsDebuggerPresent    000000014002b098     kernel32:KERNEL32.dll
 0002:000000a0       __imp_EncodePointer        000000014002b0a0     kernel32:KERNEL32.dll
 0002:000000a8       __imp_DecodePointer        000000014002b0a8     kernel32:KERNEL32.dll
 0002:000000b0       __imp_IsProcessorFeaturePresent 000000014002b0b0     kernel32:KERNEL32.dll
 0002:000000b8       __imp_GetModuleFileNameW   000000014002b0b8     kernel32:KERNEL32.dll
 0002:000000c0       __imp_GetModuleHandleExW   000000014002b0c0     kernel32:KERNEL32.dll
 0002:000000c8       __imp_HeapSize             000000014002b0c8     kernel32:KERNEL32.dll
 0002:000000d0       __imp_HeapValidate         000000014002b0d0     kernel32:KERNEL32.dll
 0002:000000d8       __imp_GetSystemInfo        000000014002b0d8     kernel32:KERNEL32.dll
 0002:000000e0       __imp_GetLastError         000000014002b0e0     kernel32:KERNEL32.dll
 0002:000000e8       __imp_SetLastError         000000014002b0e8     kernel32:KERNEL32.dll
 0002:000000f0       __imp_GetCurrentThreadId   000000014002b0f0     kernel32:KERNEL32.dll
 0002:000000f8       __imp_ExitProcess          000000014002b0f8     kernel32:KERNEL32.dll
 0002:00000100       __imp_MultiByteToWideChar  000000014002b100     kernel32:KERNEL32.dll
 0002:00000108       __imp_WideCharToMultiByte  000000014002b108     kernel32:KERNEL32.dll
 0002:00000110       __imp_GetProcessHeap       000000014002b110     kernel32:KERNEL32.dll
 0002:00000118       __imp_GetStdHandle         000000014002b118     kernel32:KERNEL32.dll
 0002:00000120       __imp_GetFileType          000000014002b120     kernel32:KERNEL32.dll
 0002:00000128       __imp_DeleteCriticalSection 000000014002b128     kernel32:KERNEL32.dll
 0002:00000130       __imp_GetStartupInfoW      000000014002b130     kernel32:KERNEL32.dll
 0002:00000138       __imp_GetModuleFileNameA   000000014002b138     kernel32:KERNEL32.dll
 0002:00000140       __imp_WriteFile            000000014002b140     kernel32:KERNEL32.dll
 0002:00000148       __imp_GetCurrentProcessId  000000014002b148     kernel32:KERNEL32.dll
 0002:00000150       __imp_GetSystemTimeAsFileTime 000000014002b150     kernel32:KERNEL32.dll
 0002:00000158       __imp_GetEnvironmentStringsW 000000014002b158     kernel32:KERNEL32.dll
 0002:00000160       __imp_FreeEnvironmentStringsW 000000014002b160     kernel32:KERNEL32.dll
 0002:00000168       __imp_RtlLookupFunctionEntry 000000014002b168     kernel32:KERNEL32.dll
 0002:00000170       __imp_RtlVirtualUnwind     000000014002b170     kernel32:KERNEL32.dll
 0002:00000178       __imp_UnhandledExceptionFilter 000000014002b178     kernel32:KERNEL32.dll
 0002:00000180       __imp_SetUnhandledExceptionFilter 000000014002b180     kernel32:KERNEL32.dll
 0002:00000188       __imp_InitializeCriticalSectionAndSpinCount 000000014002b188     kernel32:KERNEL32.dll
 0002:00000190       __imp_GetCurrentProcess    000000014002b190     kernel32:KERNEL32.dll
 0002:00000198       __imp_TerminateProcess     000000014002b198     kernel32:KERNEL32.dll
 0002:000001a0       __imp_TlsAlloc             000000014002b1a0     kernel32:KERNEL32.dll
 0002:000001a8       __imp_TlsGetValue          000000014002b1a8     kernel32:KERNEL32.dll
 0002:000001b0       __imp_TlsSetValue          000000014002b1b0     kernel32:KERNEL32.dll
 0002:000001b8       __imp_TlsFree              000000014002b1b8     kernel32:KERNEL32.dll
 0002:000001c0       __imp_GetModuleHandleW     000000014002b1c0     kernel32:KERNEL32.dll
 0002:000001c8       __imp_RtlUnwindEx          000000014002b1c8     kernel32:KERNEL32.dll
 0002:000001d0       __imp_EnterCriticalSection 000000014002b1d0     kernel32:KERNEL32.dll
 0002:000001d8       __imp_LeaveCriticalSection 000000014002b1d8     kernel32:KERNEL32.dll
 0002:000001e0       __imp_GetConsoleCP         000000014002b1e0     kernel32:KERNEL32.dll
 0002:000001e8       __imp_GetConsoleMode       000000014002b1e8     kernel32:KERNEL32.dll
 0002:000001f0       __imp_SetFilePointerEx     000000014002b1f0     kernel32:KERNEL32.dll
 0002:000001f8       __imp_OutputDebugStringW   000000014002b1f8     kernel32:KERNEL32.dll
 0002:00000200       __imp_WaitForSingleObjectEx 000000014002b200     kernel32:KERNEL32.dll
 0002:00000208       __imp_CreateThread         000000014002b208     kernel32:KERNEL32.dll
 0002:00000210       __imp_LoadLibraryExW       000000014002b210     kernel32:KERNEL32.dll
 0002:00000218       __imp_WriteConsoleW        000000014002b218     kernel32:KERNEL32.dll
 0002:00000220       __imp_IsValidCodePage      000000014002b220     kernel32:KERNEL32.dll
 0002:00000228       __imp_GetACP               000000014002b228     kernel32:KERNEL32.dll
 0002:00000230       __imp_GetOEMCP             000000014002b230     kernel32:KERNEL32.dll
 0002:00000238       __imp_GetCPInfo            000000014002b238     kernel32:KERNEL32.dll
 0002:00000240       __imp_HeapFree             000000014002b240     kernel32:KERNEL32.dll
 0002:00000248       __imp_HeapReAlloc          000000014002b248     kernel32:KERNEL32.dll
 0002:00000250       __imp_HeapQueryInformation 000000014002b250     kernel32:KERNEL32.dll
 0002:00000258       __imp_HeapAlloc            000000014002b258     kernel32:KERNEL32.dll
 0002:00000260       __imp_SetStdHandle         000000014002b260     kernel32:KERNEL32.dll
 0002:00000268       \177KERNEL32_NULL_THUNK_DATA 000000014002b268     kernel32:KERNEL32.dll
 0002:00000270       __imp_ReleaseDC            000000014002b270     User32:USER32.dll
 0002:00000278       __imp_DispatchMessageA     000000014002b278     User32:USER32.dll
 0002:00000280       __imp_PeekMessageA         000000014002b280     User32:USER32.dll
 0002:00000288       __imp_GetClientRect        000000014002b288     User32:USER32.dll
 0002:00000290       __imp_EndPaint             000000014002b290     User32:USER32.dll
 0002:00000298       __imp_BeginPaint           000000014002b298     User32:USER32.dll
 0002:000002a0       __imp_TranslateMessage     000000014002b2a0     User32:USER32.dll
 0002:000002a8       __imp_GetDC                000000014002b2a8     User32:USER32.dll
 0002:000002b0       __imp_CreateWindowExA      000000014002b2b0     User32:USER32.dll
 0002:000002b8       __imp_RegisterClassA       000000014002b2b8     User32:USER32.dll
 0002:000002c0       __imp_DefWindowProcA       000000014002b2c0     User32:USER32.dll
 0002:000002c8       \177USER32_NULL_THUNK_DATA 000000014002b2c8     User32:USER32.dll
 0002:000002d0       __imp_timeEndPeriod        000000014002b2d0     winmm:WINMM.dll
 0002:000002d8       __imp_timeBeginPeriod      000000014002b2d8     winmm:WINMM.dll
 0002:000002e0       \177WINMM_NULL_THUNK_DATA  000000014002b2e0     winmm:WINMM.dll
 0002:000002e8       __xc_a                     000000014002b2e8     LIBCMTD:crt0init.obj
 0002:000002f0       __xc_z                     000000014002b2f0     LIBCMTD:crt0init.obj
 0002:000002f8       __xi_a                     000000014002b2f8     LIBCMTD:crt0init.obj
 0002:00000328       __xi_z                     000000014002b328     LIBCMTD:crt0init.obj
 0002:00000330       __xp_a                     000000014002b330     LIBCMTD:crt0init.obj
 0002:00000350       __xp_z                     000000014002b350     LIBCMTD:crt0init.obj
 0002:00000358       __xt_a                     000000014002b358     LIBCMTD:crt0init.obj
 0002:00000360       __xt_z                     000000014002b360     LIBCMTD:crt0init.obj
 0002:00000468       __real@3f000000            000000014002b468     win32_pong.obj
 0002:0000046c       __real@3f800000            000000014002b46c     win32_pong.obj
 0002:00000470       __real@3fc00000            000000014002b470     win32_pong.obj
 0002:00000474       __real@40000000            000000014002b474     win32_pong.obj
 0002:00000478       __real@41200000            000000014002b478     win32_pong.obj
 0002:0000047c       __real@41f00000            000000014002b47c     win32_pong.obj
 0002:00000480       __real@42480000            000000014002b480     win32_pong.obj
 0002:00000484       __real@42c80000            000000014002b484     win32_pong.obj
 0002:00000488       __real@447a0000            000000014002b488     win32_pong.obj
 0002:0000048c       __real@5f800000            000000014002b48c     win32_pong.obj
 0002:00000490       __real@bf800000            000000014002b490     win32_pong.obj
 0002:00000498       ??_C@_1CC@MGIEJOME@?$AA?$CI?$AAf?$AAo?$AAr?$AAm?$AAa?$AAt?$AA?5?$AA?$CB?$AA?$DN?$AA?5?$AAN?$AAU?$AAL?$AAL?$AA?$CJ?$AA?$AA@ 000000014002b498     LIBCMTD:vsnprnc.obj
 0002:000004bc       ??_C@_15GANGMFKL@?$AA?$CF?$AAs?$AA?$AA@ 000000014002b4bc     LIBCMTD:vsnprnc.obj
 0002:000004d0       ??_C@_1FE@CKCGICM@?$AAf?$AA?3?$AA?2?$AAd?$AAd?$AA?2?$AAv?$AAc?$AAt?$AAo?$AAo?$AAl?$AAs?$AA?2?$AAc?$AAr?$AAt?$AA?2?$AAc?$AAr?$AAt?$AAw?$AA3?$AA2?$AA?2?$AAs?$AAt?$AAd?$AAi?$AAo?$AA?2?$AAv@ 000000014002b4d0     LIBCMTD:vsnprnc.obj
 0002:00000528       ??_C@_1CE@PCFPEIFI@?$AA_?$AAv?$AAs?$AAn?$AAp?$AAr?$AAi?$AAn?$AAt?$AAf?$AA_?$AAh?$AAe?$AAl?$AAp?$AAe?$AAr?$AA?$AA@ 000000014002b528     LIBCMTD:vsnprnc.obj
 0002:00000550       ??_C@_1EC@FABAOFFO@?$AA?$CI?$AAc?$AAo?$AAu?$AAn?$AAt?$AA?5?$AA?$DN?$AA?$DN?$AA?5?$AA0?$AA?$CJ?$AA?5?$AA?$HM?$AA?$HM?$AA?5?$AA?$CI?$AAs?$AAt?$AAr?$AAi?$AAn?$AAg?$AA?5?$AA?$CB?$AA?$DN?$AA?5?$AAN?$AAU?$AAL?$AAL?$AA?$CJ@ 000000014002b550     LIBCMTD:vsnprnc.obj
 0002:00000598       ??_C@_1BO@MLMCMBKN@?$AAf?$AAo?$AAr?$AAm?$AAa?$AAt?$AA?5?$AA?$CB?$AA?$DN?$AA?5?$AAN?$AAU?$AAL?$AAL?$AA?$AA@ 000000014002b598     LIBCMTD:vsnprnc.obj
 0002:000005b8       ??_C@_1BM@BLJALHEF@?$AA_?$AAv?$AAs?$AAp?$AAr?$AAi?$AAn?$AAt?$AAf?$AA_?$AAs?$AA_?$AAl?$AA?$AA@ 000000014002b5b8     LIBCMTD:vsnprnc.obj
 0002:000005e0       ??_C@_1EE@OKCKIGFK@?$AAs?$AAt?$AAr?$AAi?$AAn?$AAg?$AA?5?$AA?$CB?$AA?$DN?$AA?5?$AAN?$AAU?$AAL?$AAL?$AA?5?$AA?$CG?$AA?$CG?$AA?5?$AAs?$AAi?$AAz?$AAe?$AAI?$AAn?$AAB?$AAy?$AAt?$AAe?$AAs?$AA?5?$AA?$DO?$AA?5@ 000000014002b5e0     LIBCMTD:vsnprnc.obj
 0002:00000628       ??_C@_1DA@HPBFKMEB@?$AA?$CI?$AA?$CC?$AAB?$AAu?$AAf?$AAf?$AAe?$AAr?$AA?5?$AAt?$AAo?$AAo?$AA?5?$AAs?$AAm?$AAa?$AAl?$AAl?$AA?$CC?$AA?0?$AA?5?$AA0?$AA?$CJ?$AA?$AA@ 000000014002b628     LIBCMTD:vsnprnc.obj
 0002:00000658       ??_C@_1BO@MMPELNIM@?$AA_?$AAv?$AAs?$AAn?$AAp?$AAr?$AAi?$AAn?$AAt?$AAf?$AA_?$AAs?$AA_?$AAl?$AA?$AA@ 000000014002b658     LIBCMTD:vsnprnc.obj
 0002:00000678       _FPinit                    000000014002b678     LIBCMTD:fpinit.obj
 0002:000006f0       ??_C@_1BI@MFCLPIBM@?$AAs?$AAt?$AAr?$AA?5?$AA?$CB?$AA?$DN?$AA?5?$AAN?$AAU?$AAL?$AAL?$AA?$AA@ 000000014002b6f0     LIBCMTD:_flsbuf.obj
 0002:00000710       ??_C@_1FC@OBEHAONE@?$AAf?$AA?3?$AA?2?$AAd?$AAd?$AA?2?$AAv?$AAc?$AAt?$AAo?$AAo?$AAl?$AAs?$AA?2?$AAc?$AAr?$AAt?$AA?2?$AAc?$AAr?$AAt?$AAw?$AA3?$AA2?$AA?2?$AAs?$AAt?$AAd?$AAi?$AAo?$AA?2?$AA_@ 000000014002b710     LIBCMTD:_flsbuf.obj
 0002:00000770       ??_C@_1HO@MLMGPAFH@?$AA?$CI?$AA?$CC?$AAi?$AAn?$AAc?$AAo?$AAn?$AAs?$AAi?$AAs?$AAt?$AAe?$AAn?$AAt?$AA?5?$AAI?$AAO?$AAB?$AA?5?$AAf?$AAi?$AAe?$AAl?$AAd?$AAs?$AA?$CC?$AA?0?$AA?5?$AAs?$AAt?$AAr?$AAe@ 000000014002b770     LIBCMTD:_flsbuf.obj
 0002:00000808       ??_C@_1BA@GLMCNLEM@?$AAW?$AAa?$AAr?$AAn?$AAi?$AAn?$AAg?$AA?$AA@ 000000014002b808     LIBCMTD:dbgrptw.obj
 0002:00000818       ??_C@_1M@ILHOPKA@?$AAE?$AAr?$AAr?$AAo?$AAr?$AA?$AA@ 000000014002b818     LIBCMTD:dbgrptw.obj
 0002:00000828       ??_C@_1CC@CGHMNGDG@?$AAA?$AAs?$AAs?$AAe?$AAr?$AAt?$AAi?$AAo?$AAn?$AA?5?$AAF?$AAa?$AAi?$AAl?$AAe?$AAd?$AA?$AA@ 000000014002b828     LIBCMTD:dbgrptw.obj
 0002:00000850       ??_C@_17LGKOMLJ@?$AA?4?$AA?4?$AA?4?$AA?$AA@ 000000014002b850     LIBCMTD:dbgrptw.obj
 0002:00000860       ??_C@_1EO@JACJHHCK@?$AAf?$AA?3?$AA?2?$AAd?$AAd?$AA?2?$AAv?$AAc?$AAt?$AAo?$AAo?$AAl?$AAs?$AA?2?$AAc?$AAr?$AAt?$AA?2?$AAc?$AAr?$AAt?$AAw?$AA3?$AA2?$AA?2?$AAm?$AAi?$AAs?$AAc?$AA?2?$AAd?$AAb@ 000000014002b860     LIBCMTD:dbgrptw.obj
 0002:000008b0       ??_C@_1CI@PGJIFDEK@?$AA_?$AA_?$AAc?$AAr?$AAt?$AAM?$AAe?$AAs?$AAs?$AAa?$AAg?$AAe?$AAW?$AAi?$AAn?$AAd?$AAo?$AAw?$AAW?$AA?$AA@ 000000014002b8b0     LIBCMTD:dbgrptw.obj
 0002:000008e0       ??_C@_1GI@DEDNNLCI@?$AAw?$AAc?$AAs?$AAc?$AAp?$AAy?$AA_?$AAs?$AA?$CI?$AAs?$AAz?$AAE?$AAx?$AAe?$AAN?$AAa?$AAm?$AAe?$AA?0?$AA?5?$AA2?$AA6?$AA0?$AA?0?$AA?5?$AAL?$AA?$CC?$AA?$DM?$AAp?$AAr?$AAo?$AAg@ 000000014002b8e0     LIBCMTD:dbgrptw.obj
 0002:00000948       ??_C@_1CO@EAEJAADC@?$AA?$DM?$AAp?$AAr?$AAo?$AAg?$AAr?$AAa?$AAm?$AA?5?$AAn?$AAa?$AAm?$AAe?$AA?5?$AAu?$AAn?$AAk?$AAn?$AAo?$AAw?$AAn?$AA?$DO?$AA?$AA@ 000000014002b948     LIBCMTD:dbgrptw.obj
 0002:00000980       ??_C@_1NO@LECLLHOL@?$AAm?$AAe?$AAm?$AAc?$AAp?$AAy?$AA_?$AAs?$AA?$CI?$AAs?$AAz?$AAS?$AAh?$AAo?$AAr?$AAt?$AAP?$AAr?$AAo?$AAg?$AAN?$AAa?$AAm?$AAe?$AA?0?$AA?5?$AAs?$AAi?$AAz?$AAe?$AAo?$AAf@ 000000014002b980     LIBCMTD:dbgrptw.obj
 0002:00000a60       ??_C@_1OG@PMPPFHAF@?$AA?6?$AA?6?$AAF?$AAo?$AAr?$AA?5?$AAi?$AAn?$AAf?$AAo?$AAr?$AAm?$AAa?$AAt?$AAi?$AAo?$AAn?$AA?5?$AAo?$AAn?$AA?5?$AAh?$AAo?$AAw?$AA?5?$AAy?$AAo?$AAu?$AAr?$AA?5?$AAp?$AAr@ 000000014002ba60     LIBCMTD:dbgrptw.obj
 0002:00000b48       ??_C@_11LOCGONAA@?$AA?$AA@ 000000014002bb48     LIBCMTD:dbgrptw.obj
 0002:00000b50       ??_C@_1BK@PEDCIPMA@?$AAE?$AAx?$AAp?$AAr?$AAe?$AAs?$AAs?$AAi?$AAo?$AAn?$AA?3?$AA?5?$AA?$AA@ 000000014002bb50     LIBCMTD:dbgrptw.obj
 0002:00000b6c       ??_C@_15IABLJNFO@?$AA?6?$AA?6?$AA?$AA@ 000000014002bb6c     LIBCMTD:dbgrptw.obj
 0002:00000b78       ??_C@_1BA@GLLGCPCK@?$AA?6?$AAL?$AAi?$AAn?$AAe?$AA?3?$AA?5?$AA?$AA@ 000000014002bb78     LIBCMTD:dbgrptw.obj
 0002:00000b88       ??_C@_1BA@LNHECFIM@?$AA?6?$AAF?$AAi?$AAl?$AAe?$AA?3?$AA?5?$AA?$AA@ 000000014002bb88     LIBCMTD:dbgrptw.obj
 0002:00000b98       ??_C@_1BE@CGCJKGHI@?$AA?6?$AAM?$AAo?$AAd?$AAu?$AAl?$AAe?$AA?3?$AA?5?$AA?$AA@ 000000014002bb98     LIBCMTD:dbgrptw.obj
 0002:00000bb0       ??_C@_1KM@HNMIBKJH@?$AAD?$AAe?$AAb?$AAu?$AAg?$AA?5?$AA?$CF?$AAs?$AA?$CB?$AA?6?$AA?6?$AAP?$AAr?$AAo?$AAg?$AAr?$AAa?$AAm?$AA?3?$AA?5?$AA?$CF?$AAs?$AA?$CF?$AAs?$AA?$CF?$AAs?$AA?$CF?$AAs?$AA?$CF?$AAs?$AA?$CF?$AAs@ 000000014002bbb0     LIBCMTD:dbgrptw.obj
 0002:00000c60       ??_C@_1BI@KALLJECN@?$AA?$CI?$AA?$CK?$AA_?$AAe?$AAr?$AAr?$AAn?$AAo?$AA?$CI?$AA?$CJ?$AA?$CJ?$AA?$AA@ 000000014002bc60     LIBCMTD:dbgrptw.obj
 0002:00000c80       ??_C@_1JI@EACPGHID@?$AAw?$AAc?$AAs?$AAc?$AAp?$AAy?$AA_?$AAs?$AA?$CI?$AAs?$AAz?$AAO?$AAu?$AAt?$AAM?$AAe?$AAs?$AAs?$AAa?$AAg?$AAe?$AA?0?$AA?5?$AA4?$AA0?$AA9?$AA6?$AA?0?$AA?5?$AAL?$AA?$CC?$AA_@ 000000014002bc80     LIBCMTD:dbgrptw.obj
 0002:00000d20       ??_C@_1FG@BBOLDHGF@?$AA_?$AAC?$AAr?$AAt?$AAD?$AAb?$AAg?$AAR?$AAe?$AAp?$AAo?$AAr?$AAt?$AA?3?$AA?5?$AAS?$AAt?$AAr?$AAi?$AAn?$AAg?$AA?5?$AAt?$AAo?$AAo?$AA?5?$AAl?$AAo?$AAn?$AAg?$AA?5?$AAo@ 000000014002bd20     LIBCMTD:dbgrptw.obj
 0002:00000d80       ??_C@_1EK@MBDPDCGA@?$AAM?$AAi?$AAc?$AAr?$AAo?$AAs?$AAo?$AAf?$AAt?$AA?5?$AAV?$AAi?$AAs?$AAu?$AAa?$AAl?$AA?5?$AAC?$AA?$CL?$AA?$CL?$AA?5?$AAR?$AAu?$AAn?$AAt?$AAi?$AAm?$AAe?$AA?5?$AAL?$AAi?$AAb@ 000000014002bd80     LIBCMTD:dbgrptw.obj
 0002:00000dcc       ??_C@_06OJHGLDPL@?$CInull?$CJ?$AA@ 000000014002bdcc     LIBCMTD:output.obj
 0002:00000dd8       ??_C@_1O@CEDCILHN@?$AA?$CI?$AAn?$AAu?$AAl?$AAl?$AA?$CJ?$AA?$AA@ 000000014002bdd8     LIBCMTD:output.obj
 0002:00000df0       __lookuptable              000000014002bdf0     LIBCMTD:output.obj
 0002:00000e50       ??_C@_1CC@FADMNIL@?$AA?$CI?$AAs?$AAt?$AAr?$AAe?$AAa?$AAm?$AA?5?$AA?$CB?$AA?$DN?$AA?5?$AAN?$AAU?$AAL?$AAL?$AA?$CJ?$AA?$AA@ 000000014002be50     LIBCMTD:output.obj
 0002:00000e80       ??_C@_1FA@KMIJDCIC@?$AAf?$AA?3?$AA?2?$AAd?$AAd?$AA?2?$AAv?$AAc?$AAt?$AAo?$AAo?$AAl?$AAs?$AA?2?$AAc?$AAr?$AAt?$AA?2?$AAc?$AAr?$AAt?$AAw?$AA3?$AA2?$AA?2?$AAs?$AAt?$AAd?$AAi?$AAo?$AA?2?$AAo@ 000000014002be80     LIBCMTD:output.obj
 0002:00000ed0       ??_C@_1BAA@ODEGEDCK@?$AA?$CI?$AA?5?$AA?$CI?$AA_?$AAS?$AAt?$AAr?$AAe?$AAa?$AAm?$AA?9?$AA?$DO?$AA_?$AAf?$AAl?$AAa?$AAg?$AA?5?$AA?$CG?$AA?5?$AA_?$AAI?$AAO?$AAS?$AAT?$AAR?$AAG?$AA?$CJ?$AA?5?$AA?$HM?$AA?$HM?$AA?5@ 000000014002bed0     LIBCMTD:output.obj
 0002:00000fd0       ??_C@_1CC@IFFHEMNF@?$AA?$CI?$AAc?$AAh?$AA?5?$AA?$CB?$AA?$DN?$AA?5?$AA_?$AAT?$AA?$CI?$AA?8?$AA?2?$AA0?$AA?8?$AA?$CJ?$AA?$CJ?$AA?$AA@ 000000014002bfd0     LIBCMTD:output.obj
 0002:00001000       ??_C@_1EK@PNGFDECN@?$AA?$CI?$AA?$CC?$AA?8?$AAn?$AA?8?$AA?5?$AAf?$AAo?$AAr?$AAm?$AAa?$AAt?$AA?5?$AAs?$AAp?$AAe?$AAc?$AAi?$AAf?$AAi?$AAe?$AAr?$AA?5?$AAd?$AAi?$AAs?$AAa?$AAb?$AAl?$AAe?$AAd?$AA?$CC@ 000000014002c000     LIBCMTD:output.obj
 0002:00001050       ??_C@_0CI@CMOPBIOD@f?3?2dd?2vctools?2crt?2crtw32?2stdio?2o@ 000000014002c050     LIBCMTD:output.obj
 0002:00001080       __lookuptable_s            000000014002c080     LIBCMTD:outputs.obj
 0002:000010e0       ??_C@_1BI@COFBLHCG@?$AA_?$AAo?$AAu?$AAt?$AAp?$AAu?$AAt?$AA_?$AAs?$AA_?$AAl?$AA?$AA@ 000000014002c0e0     LIBCMTD:outputs.obj
 0002:00001100       ??_C@_1EE@DMAIGNBG@?$AA?$CI?$AA?$CC?$AAI?$AAn?$AAc?$AAo?$AAr?$AAr?$AAe?$AAc?$AAt?$AA?5?$AAf?$AAo?$AAr?$AAm?$AAa?$AAt?$AA?5?$AAs?$AAp?$AAe?$AAc?$AAi?$AAf?$AAi?$AAe?$AAr?$AA?$CC?$AA?0?$AA?5?$AA0@ 000000014002c100     LIBCMTD:outputs.obj
 0002:00001150       ??_C@_1FK@LNCFKALM@?$AA?$CI?$AA?$CI?$AAs?$AAt?$AAa?$AAt?$AAe?$AA?5?$AA?$DN?$AA?$DN?$AA?5?$AAS?$AAT?$AA_?$AAN?$AAO?$AAR?$AAM?$AAA?$AAL?$AA?$CJ?$AA?5?$AA?$HM?$AA?$HM?$AA?5?$AA?$CI?$AAs?$AAt?$AAa?$AAt?$AAe?$AA?5@ 000000014002c150     LIBCMTD:outputs.obj
 0002:000011d8       ??_C@_04HJMOFLDF@Free?$AA@ 000000014002c1d8     LIBCMTD:dbgheap.obj
 0002:000011e0       ??_C@_06EFAGIKOH@Normal?$AA@ 000000014002c1e0     LIBCMTD:dbgheap.obj
 0002:000011e8       ??_C@_03OGPFLFLO@CRT?$AA@  000000014002c1e8     LIBCMTD:dbgheap.obj
 0002:000011ec       ??_C@_06KMEJCCGM@Ignore?$AA@ 000000014002c1ec     LIBCMTD:dbgheap.obj
 0002:000011f4       ??_C@_06PJIGMIJB@Client?$AA@ 000000014002c1f4     LIBCMTD:dbgheap.obj
 0002:00001200       ??_C@_1CE@LJFEPPMP@?$AA_?$AAC?$AAr?$AAt?$AAC?$AAh?$AAe?$AAc?$AAk?$AAM?$AAe?$AAm?$AAo?$AAr?$AAy?$AA?$CI?$AA?$CJ?$AA?$AA@ 000000014002c200     LIBCMTD:dbgheap.obj
 0002:00001230       ??_C@_1FA@JKEKCOIC@?$AAf?$AA?3?$AA?2?$AAd?$AAd?$AA?2?$AAv?$AAc?$AAt?$AAo?$AAo?$AAl?$AAs?$AA?2?$AAc?$AAr?$AAt?$AA?2?$AAc?$AAr?$AAt?$AAw?$AA3?$AA2?$AA?2?$AAm?$AAi?$AAs?$AAc?$AA?2?$AAd?$AAb@ 000000014002c230     LIBCMTD:dbgheap.obj
 0002:00001280       ??_C@_0DF@BBEGIFEK@Client?5hook?5allocation?5failure?5a@ 000000014002c280     LIBCMTD:dbgheap.obj
 0002:000012b8       ??_C@_0CB@CCLOLAHO@Client?5hook?5allocation?5failure?4?6@ 000000014002c2b8     LIBCMTD:dbgheap.obj
 0002:000012dc       ??_C@_02DKCKIIND@?$CFs?$AA@ 000000014002c2dc     LIBCMTD:dbgheap.obj
 0002:000012e0       ??_C@_0CF@BICKFLAF@Invalid?5allocation?5size?3?5?$CFIu?5byt@ 000000014002c2e0     LIBCMTD:dbgheap.obj
 0002:00001308       ??_C@_0DC@JEMAGEKG@Error?3?5memory?5allocation?3?5bad?5me@ 000000014002c308     LIBCMTD:dbgheap.obj
 0002:00001340       ??_C@_0DI@KKJPDPGM@Client?5hook?5re?9allocation?5failur@ 000000014002c340     LIBCMTD:dbgheap.obj
 0002:00001378       ??_C@_0CE@DOFMDOL@Client?5hook?5re?9allocation?5failur@ 000000014002c378     LIBCMTD:dbgheap.obj
 0002:000013a0       ??_C@_0ED@GPCPBAGP@Invalid?5allocation?5size?3?5?$CFIu?5byt@ 000000014002c3a0     LIBCMTD:dbgheap.obj
 0002:000013f0       ??_C@_0FA@EFEIGJKG@Error?3?5memory?5allocation?3?5bad?5me@ 000000014002c3f0     LIBCMTD:dbgheap.obj
 0002:00001440       ??_C@_0EM@LGFLMAGJ@The?5Block?5at?50x?$CFp?5was?5allocated?5@ 000000014002c440     LIBCMTD:dbgheap.obj
 0002:00001490       ??_C@_1EE@GFOPCECE@?$AA_?$AAC?$AAr?$AAt?$AAI?$AAs?$AAV?$AAa?$AAl?$AAi?$AAd?$AAH?$AAe?$AAa?$AAp?$AAP?$AAo?$AAi?$AAn?$AAt?$AAe?$AAr?$AA?$CI?$AAp?$AAU?$AAs?$AAe?$AAr?$AAD?$AAa?$AAt?$AAa@ 000000014002c490     LIBCMTD:dbgheap.obj
 0002:000014e0       ??_C@_1IK@DCPKDGNH@?$AAp?$AAO?$AAl?$AAd?$AAB?$AAl?$AAo?$AAc?$AAk?$AA?9?$AA?$DO?$AAn?$AAL?$AAi?$AAn?$AAe?$AA?5?$AA?$DN?$AA?$DN?$AA?5?$AAI?$AAG?$AAN?$AAO?$AAR?$AAE?$AA_?$AAL?$AAI?$AAN?$AAE?$AA?5@ 000000014002c4e0     LIBCMTD:dbgheap.obj
 0002:00001570       ??_C@_0DA@HFBKENN@Error?3?5possible?5heap?5corruption?5@ 000000014002c570     LIBCMTD:dbgheap.obj
 0002:000015a0       ??_C@_1GE@PCKLOLAO@?$AAf?$AAR?$AAe?$AAa?$AAl?$AAl?$AAo?$AAc?$AA?5?$AA?$HM?$AA?$HM?$AA?5?$AA?$CI?$AA?$CB?$AAf?$AAR?$AAe?$AAa?$AAl?$AAl?$AAo?$AAc?$AA?5?$AA?$CG?$AA?$CG?$AA?5?$AAp?$AAN?$AAe?$AAw?$AAB?$AAl@ 000000014002c5a0     LIBCMTD:dbgheap.obj
 0002:00001608       ??_C@_1DC@GEFKNOOL@?$AA_?$AAp?$AAL?$AAa?$AAs?$AAt?$AAB?$AAl?$AAo?$AAc?$AAk?$AA?5?$AA?$DN?$AA?$DN?$AA?5?$AAp?$AAO?$AAl?$AAd?$AAB?$AAl?$AAo?$AAc?$AAk?$AA?$AA@ 000000014002c608     LIBCMTD:dbgheap.obj
 0002:00001640       ??_C@_1DE@KOOKLFBB@?$AA_?$AAp?$AAF?$AAi?$AAr?$AAs?$AAt?$AAB?$AAl?$AAo?$AAc?$AAk?$AA?5?$AA?$DN?$AA?$DN?$AA?5?$AAp?$AAO?$AAl?$AAd?$AAB?$AAl?$AAo?$AAc?$AAk?$AA?$AA@ 000000014002c640     LIBCMTD:dbgheap.obj
 0002:00001678       ??_C@_1CE@CJACEFBA@?$AAp?$AAU?$AAs?$AAe?$AAr?$AAD?$AAa?$AAt?$AAa?$AA?5?$AA?$CB?$AA?$DN?$AA?5?$AAN?$AAU?$AAL?$AAL?$AA?$AA@ 000000014002c678     LIBCMTD:dbgheap.obj
 0002:000016a0       ??_C@_0EJ@HEIBCIMJ@The?5Block?5at?50x?$CFp?5was?5allocated?5@ 000000014002c6a0     LIBCMTD:dbgheap.obj
 0002:000016f0       ??_C@_0BL@KEIPLFAC@Client?5hook?5free?5failure?4?6?$AA@ 000000014002c6f0     LIBCMTD:dbgheap.obj
 0002:00001710       ??_C@_1EO@LHDAJOCM@?$AA_?$AAB?$AAL?$AAO?$AAC?$AAK?$AA_?$AAT?$AAY?$AAP?$AAE?$AA_?$AAI?$AAS?$AA_?$AAV?$AAA?$AAL?$AAI?$AAD?$AA?$CI?$AAp?$AAH?$AAe?$AAa?$AAd?$AA?9?$AA?$DO?$AAn?$AAB?$AAl?$AAo@ 000000014002c710     LIBCMTD:dbgheap.obj
 0002:00001760       ??_C@_0KI@JGFOHMEB@HEAP?5CORRUPTION?5DETECTED?3?5before@ 000000014002c760     LIBCMTD:dbgheap.obj
 0002:00001810       ??_C@_0IK@PJCGLBOB@HEAP?5CORRUPTION?5DETECTED?3?5before@ 000000014002c810     LIBCMTD:dbgheap.obj
 0002:000018a0       ??_C@_0KE@MBMNHHHN@HEAP?5CORRUPTION?5DETECTED?3?5after?5@ 000000014002c8a0     LIBCMTD:dbgheap.obj
 0002:00001950       ??_C@_0IG@LEMBDCJK@HEAP?5CORRUPTION?5DETECTED?3?5after?5@ 000000014002c950     LIBCMTD:dbgheap.obj
 0002:000019e0       ??_C@_1HK@HPCBMDFG@?$AAp?$AAH?$AAe?$AAa?$AAd?$AA?9?$AA?$DO?$AAn?$AAL?$AAi?$AAn?$AAe?$AA?5?$AA?$DN?$AA?$DN?$AA?5?$AAI?$AAG?$AAN?$AAO?$AAR?$AAE?$AA_?$AAL?$AAI?$AAN?$AAE?$AA?5?$AA?$CG?$AA?$CG?$AA?5?$AAp@ 000000014002c9e0     LIBCMTD:dbgheap.obj
 0002:00001a60       ??_C@_1DM@ODCJIDCP@?$AAp?$AAH?$AAe?$AAa?$AAd?$AA?9?$AA?$DO?$AAn?$AAB?$AAl?$AAo?$AAc?$AAk?$AAU?$AAs?$AAe?$AA?5?$AA?$DN?$AA?$DN?$AA?5?$AAn?$AAB?$AAl?$AAo?$AAc?$AAk?$AAU?$AAs?$AAe?$AA?$AA@ 000000014002ca60     LIBCMTD:dbgheap.obj
 0002:00001aa0       ??_C@_1CK@DMAGEMBG@?$AA_?$AAp?$AAL?$AAa?$AAs?$AAt?$AAB?$AAl?$AAo?$AAc?$AAk?$AA?5?$AA?$DN?$AA?$DN?$AA?5?$AAp?$AAH?$AAe?$AAa?$AAd?$AA?$AA@ 000000014002caa0     LIBCMTD:dbgheap.obj
 0002:00001ad0       ??_C@_1CM@MMAADDMD@?$AA_?$AAp?$AAF?$AAi?$AAr?$AAs?$AAt?$AAB?$AAl?$AAo?$AAc?$AAk?$AA?5?$AA?$DN?$AA?$DN?$AA?5?$AAp?$AAH?$AAe?$AAa?$AAd?$AA?$AA@ 000000014002cad0     LIBCMTD:dbgheap.obj
 0002:00001b00       ??_C@_1BG@MBKOGDLD@?$AA_?$AAm?$AAs?$AAi?$AAz?$AAe?$AA_?$AAd?$AAb?$AAg?$AA?$AA@ 000000014002cb00     LIBCMTD:dbgheap.obj
 0002:00001b18       ??_C@_0CE@MKKHMBMK@_heapchk?5fails?5with?5_HEAPBADBEGI@ 000000014002cb18     LIBCMTD:dbgheap.obj
 0002:00001b40       ??_C@_0CD@CPKEAPBD@_heapchk?5fails?5with?5_HEAPBADNODE@ 000000014002cb40     LIBCMTD:dbgheap.obj
 0002:00001b68       ??_C@_0CC@MJGLGBDG@_heapchk?5fails?5with?5_HEAPBADEND?4@ 000000014002cb68     LIBCMTD:dbgheap.obj
 0002:00001b90       ??_C@_0CC@MFFCHFHO@_heapchk?5fails?5with?5_HEAPBADPTR?4@ 000000014002cb90     LIBCMTD:dbgheap.obj
 0002:00001bb8       ??_C@_0CL@HNNNMKMJ@_heapchk?5fails?5with?5unknown?5retu@ 000000014002cbb8     LIBCMTD:dbgheap.obj
 0002:00001be8       ??_C@_07OHKEFPKJ@DAMAGED?$AA@ 000000014002cbe8     LIBCMTD:dbgheap.obj
 0002:00001bf0       ??_C@_0KA@IHNJJKPL@HEAP?5CORRUPTION?5DETECTED?3?5on?5top@ 000000014002cbf0     LIBCMTD:dbgheap.obj
 0002:00001c90       ??_C@_0IC@BBJIOOJH@HEAP?5CORRUPTION?5DETECTED?3?5on?5top@ 000000014002cc90     LIBCMTD:dbgheap.obj
 0002:00001d20       ??_C@_0EG@DGJMPDBH@?$CFhs?5located?5at?50x?$CFp?5is?5?$CFIu?5bytes@ 000000014002cd20     LIBCMTD:dbgheap.obj
 0002:00001d68       ??_C@_0CI@JMLBEDHJ@?$CFhs?5located?5at?50x?$CFp?5is?5?$CFIu?5bytes@ 000000014002cd68     LIBCMTD:dbgheap.obj
 0002:00001d90       ??_C@_1BHO@NNANJNF@?$AA?$CI?$AAf?$AAN?$AAe?$AAw?$AAB?$AAi?$AAt?$AAs?$AA?$DN?$AA?$DN?$AA_?$AAC?$AAR?$AAT?$AAD?$AAB?$AAG?$AA_?$AAR?$AAE?$AAP?$AAO?$AAR?$AAT?$AA_?$AAF?$AAL?$AAA?$AAG?$AA?$CJ?$AA?5@ 000000014002cd90     LIBCMTD:dbgheap.obj
 0002:00001f10       ??_C@_1BO@GJFDNMNF@?$AA_?$AAC?$AAr?$AAt?$AAS?$AAe?$AAt?$AAD?$AAb?$AAg?$AAF?$AAl?$AAa?$AAg?$AA?$AA@ 000000014002cf10     LIBCMTD:dbgheap.obj
 0002:00001f30       ??_C@_1BM@MIMANDHC@?$AAs?$AAt?$AAa?$AAt?$AAe?$AA?5?$AA?$CB?$AA?$DN?$AA?5?$AAN?$AAU?$AAL?$AAL?$AA?$AA@ 000000014002cf30     LIBCMTD:dbgheap.obj
 0002:00001f50       ??_C@_1CE@NJJKELF@?$AA_?$AAC?$AAr?$AAt?$AAM?$AAe?$AAm?$AAC?$AAh?$AAe?$AAc?$AAk?$AAp?$AAo?$AAi?$AAn?$AAt?$AA?$AA@ 000000014002cf50     LIBCMTD:dbgheap.obj
 0002:00001f78       ??_C@_0DP@LEFMFBOD@Bad?5memory?5block?5found?5at?50x?$CFp?4?6@ 000000014002cf78     LIBCMTD:dbgheap.obj
 0002:00001fb8       ??_C@_0CB@EAAIGELO@Bad?5memory?5block?5found?5at?50x?$CFp?4?6@ 000000014002cfb8     LIBCMTD:dbgheap.obj
 0002:00001fdc       ??_C@_05MKKEDADM@?$CF?42X?5?$AA@ 000000014002cfdc     LIBCMTD:dbgheap.obj
 0002:00001fe8       ??_C@_1CG@LPFIACGM@?$AA_?$AAp?$AAr?$AAi?$AAn?$AAt?$AAM?$AAe?$AAm?$AAB?$AAl?$AAo?$AAc?$AAk?$AAD?$AAa?$AAt?$AAa?$AA?$AA@ 000000014002cfe8     LIBCMTD:dbgheap.obj
 0002:00002010       ??_C@_0BA@HJBKCELP@?5Data?3?5?$DM?$CFs?$DO?5?$CFs?6?$AA@ 000000014002d010     LIBCMTD:dbgheap.obj
 0002:00002020       ??_C@_0BE@KCIPKCIA@Dumping?5objects?5?9?$DO?6?$AA@ 000000014002d020     LIBCMTD:dbgheap.obj
 0002:00002038       ??_C@_0BE@OIEFNFL@?$CDFile?5Error?$CD?$CI?$CFd?$CJ?5?3?5?$AA@ 000000014002d038     LIBCMTD:dbgheap.obj
 0002:00002050       ??_C@_0L@JMEFFCCJ@?$CFhs?$CI?$CFd?$CJ?5?3?5?$AA@ 000000014002d050     LIBCMTD:dbgheap.obj
 0002:0000205c       ??_C@_06PKLGBFGM@?$HL?$CFld?$HN?5?$AA@ 000000014002d05c     LIBCMTD:dbgheap.obj
 0002:00002068       ??_C@_0DD@GHNAAKBB@client?5block?5at?50x?$CFp?0?5subtype?5?$CFx@ 000000014002d068     LIBCMTD:dbgheap.obj
 0002:000020a0       ??_C@_0CH@FAGDDGPN@normal?5block?5at?50x?$CFp?0?5?$CFIu?5bytes?5@ 000000014002d0a0     LIBCMTD:dbgheap.obj
 0002:000020c8       ??_C@_0DA@MDLBNIBM@crt?5block?5at?50x?$CFp?0?5subtype?5?$CFx?0?5?$CF@ 000000014002d0c8     LIBCMTD:dbgheap.obj
 0002:000020f8       ??_C@_0BH@GFGKJDCO@Object?5dump?5complete?4?6?$AA@ 000000014002d0f8     LIBCMTD:dbgheap.obj
 0002:00002110       ??_C@_0BI@JBFPOEJA@Detected?5memory?5leaks?$CB?6?$AA@ 000000014002d110     LIBCMTD:dbgheap.obj
 0002:00002138       ??_C@_1BI@ICGGMGLK@?$AAb?$AAu?$AAf?$AA?5?$AA?$CB?$AA?$DN?$AA?5?$AAN?$AAU?$AAL?$AAL?$AA?$AA@ 000000014002d138     LIBCMTD:cvt.obj
 0002:00002150       ??_C@_1EG@OHONNKNN@?$AAf?$AA?3?$AA?2?$AAd?$AAd?$AA?2?$AAv?$AAc?$AAt?$AAo?$AAo?$AAl?$AAs?$AA?2?$AAc?$AAr?$AAt?$AA?2?$AAf?$AAp?$AAw?$AA3?$AA2?$AA?2?$AAc?$AAo?$AAn?$AAv?$AA?2?$AAc?$AAv?$AAt@ 000000014002d150     LIBCMTD:cvt.obj
 0002:00002198       ??_C@_1BE@OLBNEILL@?$AA_?$AAc?$AAf?$AAt?$AAo?$AAe?$AA2?$AA_?$AAl?$AA?$AA@ 000000014002d198     LIBCMTD:cvt.obj
 0002:000021b0       ??_C@_1CA@CBMNPEO@?$AAs?$AAi?$AAz?$AAe?$AAI?$AAn?$AAB?$AAy?$AAt?$AAe?$AAs?$AA?5?$AA?$DO?$AA?5?$AA0?$AA?$AA@ 000000014002d1b0     LIBCMTD:cvt.obj
 0002:000021d0       ??_C@_1HE@NACBNDPP@?$AAs?$AAi?$AAz?$AAe?$AAI?$AAn?$AAB?$AAy?$AAt?$AAe?$AAs?$AA?5?$AA?$DO?$AA?5?$AA?$CI?$AAs?$AAi?$AAz?$AAe?$AA_?$AAt?$AA?$CJ?$AA?$CI?$AA3?$AA?5?$AA?$CL?$AA?5?$AA?$CI?$AAn?$AAd?$AAe?$AAc@ 000000014002d1d0     LIBCMTD:cvt.obj
 0002:00002250       ??_C@_1LE@EOIFGNCJ@?$AAs?$AAt?$AAr?$AAc?$AAp?$AAy?$AA_?$AAs?$AA?$CI?$AAp?$AA?0?$AA?5?$AA?$CI?$AAs?$AAi?$AAz?$AAe?$AAI?$AAn?$AAB?$AAy?$AAt?$AAe?$AAs?$AA?5?$AA?$DN?$AA?$DN?$AA?5?$AA?$CI?$AAs?$AAi?$AAz@ 000000014002d250     LIBCMTD:cvt.obj
 0002:00002304       ??_C@_05KLBDPFGC@e?$CL000?$AA@ 000000014002d304     LIBCMTD:cvt.obj
 0002:00002310       ??_C@_1BC@INKAPMHI@?$AA_?$AAc?$AAf?$AAt?$AAo?$AAe?$AA_?$AAl?$AA?$AA@ 000000014002d310     LIBCMTD:cvt.obj
 0002:00002328       ??_C@_1BC@JOKPCIC@?$AA_?$AAc?$AAf?$AAt?$AAo?$AAa?$AA_?$AAl?$AA?$AA@ 000000014002d328     LIBCMTD:cvt.obj
 0002:00002340       ??_C@_1FC@IKIMAMJB@?$AAs?$AAi?$AAz?$AAe?$AAI?$AAn?$AAB?$AAy?$AAt?$AAe?$AAs?$AA?5?$AA?$DO?$AA?5?$AA?$CI?$AAs?$AAi?$AAz?$AAe?$AA_?$AAt?$AA?$CJ?$AA?$CI?$AA1?$AA?5?$AA?$CL?$AA?5?$AA4?$AA?5?$AA?$CL?$AA?5?$AAn@ 000000014002d340     LIBCMTD:cvt.obj
 0002:00002398       ??_C@_1BE@CKPDLI@?$AA_?$AAc?$AAf?$AAt?$AAo?$AAf?$AA2?$AA_?$AAl?$AA?$AA@ 000000014002d398     LIBCMTD:cvt.obj
 0002:000023b0       ??_C@_1BC@DCPPLJL@?$AA_?$AAc?$AAf?$AAt?$AAo?$AAf?$AA_?$AAl?$AA?$AA@ 000000014002d3b0     LIBCMTD:cvt.obj
 0002:000023c8       ??_C@_1BC@MPIFPLAF@?$AA_?$AAc?$AAf?$AAt?$AAo?$AAg?$AA_?$AAl?$AA?$AA@ 000000014002d3c8     LIBCMTD:cvt.obj
 0002:000023e0       __real@0000000000000000    000000014002d3e0     LIBCMTD:cvt.obj
 0002:000023f0       _XcptActTab                000000014002d3f0     LIBCMTD:winxfltr.obj
 0002:000024b0       _XcptActTabCount           000000014002d4b0     LIBCMTD:winxfltr.obj
 0002:000024b4       _XcptActTabSize            000000014002d4b4     LIBCMTD:winxfltr.obj
 0002:000024b8       _First_FPE_Indx            000000014002d4b8     LIBCMTD:winxfltr.obj
 0002:000024bc       _Num_FPE                   000000014002d4bc     LIBCMTD:winxfltr.obj
 0002:000024c0       ??_C@_0CM@KPPOKOAI@f?3?2dd?2vctools?2crt?2crtw32?2startup@ 000000014002d4c0     LIBCMTD:tidtable.obj
 0002:000024f0       ??_C@_1BI@BGOHAHKC@?$AAm?$AAs?$AAc?$AAo?$AAr?$AAe?$AAe?$AA?4?$AAd?$AAl?$AAl?$AA?$AA@ 000000014002d4f0     LIBCMTD:crt0dat.obj
 0002:00002508       ??_C@_0P@MIGLKIOC@CorExitProcess?$AA@ 000000014002d508     LIBCMTD:crt0dat.obj
 0002:00002518       ??_C@_0CI@BIOGDJKL@f?3?2dd?2vctools?2crt?2crtw32?2lowio?2i@ 000000014002d518     LIBCMTD:ioinit.obj
 0002:00002540       ??_C@_0CL@OBKFGCKK@f?3?2dd?2vctools?2crt?2crtw32?2startup@ 000000014002d540     LIBCMTD:stdargv.obj
 0002:00002570       ??_C@_0CL@BJBFGFLH@f?3?2dd?2vctools?2crt?2crtw32?2startup@ 000000014002d570     LIBCMTD:stdenvp.obj
 0002:000025a0       ??_C@_1FG@MHBLOJIO@?$AAf?$AA?3?$AA?2?$AAd?$AAd?$AA?2?$AAv?$AAc?$AAt?$AAo?$AAo?$AAl?$AAs?$AA?2?$AAc?$AAr?$AAt?$AA?2?$AAc?$AAr?$AAt?$AAw?$AA3?$AA2?$AA?2?$AAs?$AAt?$AAa?$AAr?$AAt?$AAu?$AAp@ 000000014002d5a0     LIBCMTD:stdenvp.obj
 0002:000025f8       ??_C@_1BC@GHMCNHHL@?$AA_?$AAs?$AAe?$AAt?$AAe?$AAn?$AAv?$AAp?$AA?$AA@ 000000014002d5f8     LIBCMTD:stdenvp.obj
 0002:00002610       ??_C@_1DE@MMOGFGHF@?$AAs?$AAt?$AAr?$AAc?$AAp?$AAy?$AA_?$AAs?$AA?$CI?$AA?$CK?$AAe?$AAn?$AAv?$AA?0?$AA?5?$AAc?$AAc?$AAh?$AAa?$AAr?$AAs?$AA?0?$AA?5?$AAp?$AA?$CJ?$AA?$AA@ 000000014002d610     LIBCMTD:stdenvp.obj
 0002:000027c0       ??_C@_1FK@PGACCAFB@?$AAR?$AA6?$AA0?$AA0?$AA2?$AA?$AN?$AA?6?$AA?9?$AA?5?$AAf?$AAl?$AAo?$AAa?$AAt?$AAi?$AAn?$AAg?$AA?5?$AAp?$AAo?$AAi?$AAn?$AAt?$AA?5?$AAs?$AAu?$AAp?$AAp?$AAo?$AAr?$AAt?$AA?5@ 000000014002d7c0     LIBCMTD:crt0msg.obj
 0002:00002820       ??_C@_1FE@LLNEDJMD@?$AAR?$AA6?$AA0?$AA0?$AA8?$AA?$AN?$AA?6?$AA?9?$AA?5?$AAn?$AAo?$AAt?$AA?5?$AAe?$AAn?$AAo?$AAu?$AAg?$AAh?$AA?5?$AAs?$AAp?$AAa?$AAc?$AAe?$AA?5?$AAf?$AAo?$AAr?$AA?5?$AAa?$AAr@ 000000014002d820     LIBCMTD:crt0msg.obj
 0002:00002880       ??_C@_1FI@HONFMGBI@?$AAR?$AA6?$AA0?$AA0?$AA9?$AA?$AN?$AA?6?$AA?9?$AA?5?$AAn?$AAo?$AAt?$AA?5?$AAe?$AAn?$AAo?$AAu?$AAg?$AAh?$AA?5?$AAs?$AAp?$AAa?$AAc?$AAe?$AA?5?$AAf?$AAo?$AAr?$AA?5?$AAe?$AAn@ 000000014002d880     LIBCMTD:crt0msg.obj
 0002:000028e0       ??_C@_1EG@BEHAGFJD@?$AAR?$AA6?$AA0?$AA1?$AA0?$AA?$AN?$AA?6?$AA?9?$AA?5?$AAa?$AAb?$AAo?$AAr?$AAt?$AA?$CI?$AA?$CJ?$AA?5?$AAh?$AAa?$AAs?$AA?5?$AAb?$AAe?$AAe?$AAn?$AA?5?$AAc?$AAa?$AAl?$AAl?$AAe?$AAd@ 000000014002d8e0     LIBCMTD:crt0msg.obj
 0002:00002930       ??_C@_1FI@LOGNIKDM@?$AAR?$AA6?$AA0?$AA1?$AA6?$AA?$AN?$AA?6?$AA?9?$AA?5?$AAn?$AAo?$AAt?$AA?5?$AAe?$AAn?$AAo?$AAu?$AAg?$AAh?$AA?5?$AAs?$AAp?$AAa?$AAc?$AAe?$AA?5?$AAf?$AAo?$AAr?$AA?5?$AAt?$AAh@ 000000014002d930     LIBCMTD:crt0msg.obj
 0002:00002990       ??_C@_1FK@BEOGODMC@?$AAR?$AA6?$AA0?$AA1?$AA7?$AA?$AN?$AA?6?$AA?9?$AA?5?$AAu?$AAn?$AAe?$AAx?$AAp?$AAe?$AAc?$AAt?$AAe?$AAd?$AA?5?$AAm?$AAu?$AAl?$AAt?$AAi?$AAt?$AAh?$AAr?$AAe?$AAa?$AAd?$AA?5@ 000000014002d990     LIBCMTD:crt0msg.obj
 0002:000029f0       ??_C@_1EC@JIBHAOPH@?$AAR?$AA6?$AA0?$AA1?$AA8?$AA?$AN?$AA?6?$AA?9?$AA?5?$AAu?$AAn?$AAe?$AAx?$AAp?$AAe?$AAc?$AAt?$AAe?$AAd?$AA?5?$AAh?$AAe?$AAa?$AAp?$AA?5?$AAe?$AAr?$AAr?$AAo?$AAr?$AA?$AN?$AA?6@ 000000014002d9f0     LIBCMTD:crt0msg.obj
 0002:00002a40       ??_C@_1FC@ECHBIFBC@?$AAR?$AA6?$AA0?$AA1?$AA9?$AA?$AN?$AA?6?$AA?9?$AA?5?$AAu?$AAn?$AAa?$AAb?$AAl?$AAe?$AA?5?$AAt?$AAo?$AA?5?$AAo?$AAp?$AAe?$AAn?$AA?5?$AAc?$AAo?$AAn?$AAs?$AAo?$AAl?$AAe?$AA?5@ 000000014002da40     LIBCMTD:crt0msg.obj
 0002:00002aa0       ??_C@_1GK@FHCKBEFA@?$AAR?$AA6?$AA0?$AA2?$AA4?$AA?$AN?$AA?6?$AA?9?$AA?5?$AAn?$AAo?$AAt?$AA?5?$AAe?$AAn?$AAo?$AAu?$AAg?$AAh?$AA?5?$AAs?$AAp?$AAa?$AAc?$AAe?$AA?5?$AAf?$AAo?$AAr?$AA?5?$AA_?$AAo@ 000000014002daa0     LIBCMTD:crt0msg.obj
 0002:00002b10       ??_C@_1EM@MAADIHMB@?$AAR?$AA6?$AA0?$AA2?$AA5?$AA?$AN?$AA?6?$AA?9?$AA?5?$AAp?$AAu?$AAr?$AAe?$AA?5?$AAv?$AAi?$AAr?$AAt?$AAu?$AAa?$AAl?$AA?5?$AAf?$AAu?$AAn?$AAc?$AAt?$AAi?$AAo?$AAn?$AA?5?$AAc@ 000000014002db10     LIBCMTD:crt0msg.obj
 0002:00002b60       ??_C@_1GK@MCAAGJMO@?$AAR?$AA6?$AA0?$AA2?$AA6?$AA?$AN?$AA?6?$AA?9?$AA?5?$AAn?$AAo?$AAt?$AA?5?$AAe?$AAn?$AAo?$AAu?$AAg?$AAh?$AA?5?$AAs?$AAp?$AAa?$AAc?$AAe?$AA?5?$AAf?$AAo?$AAr?$AA?5?$AAs?$AAt@ 000000014002db60     LIBCMTD:crt0msg.obj
 0002:00002bd0       ??_C@_1GK@MFGOKLAG@?$AAR?$AA6?$AA0?$AA2?$AA7?$AA?$AN?$AA?6?$AA?9?$AA?5?$AAn?$AAo?$AAt?$AA?5?$AAe?$AAn?$AAo?$AAu?$AAg?$AAh?$AA?5?$AAs?$AAp?$AAa?$AAc?$AAe?$AA?5?$AAf?$AAo?$AAr?$AA?5?$AAl?$AAo@ 000000014002dbd0     LIBCMTD:crt0msg.obj
 0002:00002c40       ??_C@_1EK@HHFLMAOL@?$AAR?$AA6?$AA0?$AA2?$AA8?$AA?$AN?$AA?6?$AA?9?$AA?5?$AAu?$AAn?$AAa?$AAb?$AAl?$AAe?$AA?5?$AAt?$AAo?$AA?5?$AAi?$AAn?$AAi?$AAt?$AAi?$AAa?$AAl?$AAi?$AAz?$AAe?$AA?5?$AAh?$AAe@ 000000014002dc40     LIBCMTD:crt0msg.obj
 0002:00002c90       ??_C@_1DO@BMFCDCD@?$AAR?$AA6?$AA0?$AA3?$AA0?$AA?$AN?$AA?6?$AA?9?$AA?5?$AAC?$AAR?$AAT?$AA?5?$AAn?$AAo?$AAt?$AA?5?$AAi?$AAn?$AAi?$AAt?$AAi?$AAa?$AAl?$AAi?$AAz?$AAe?$AAd?$AA?$AN?$AA?6?$AA?$AA@ 000000014002dc90     LIBCMTD:crt0msg.obj
 0002:00002cd0       ??_C@_1MG@ENCOOIDF@?$AAR?$AA6?$AA0?$AA3?$AA1?$AA?$AN?$AA?6?$AA?9?$AA?5?$AAA?$AAt?$AAt?$AAe?$AAm?$AAp?$AAt?$AA?5?$AAt?$AAo?$AA?5?$AAi?$AAn?$AAi?$AAt?$AAi?$AAa?$AAl?$AAi?$AAz?$AAe?$AA?5?$AAt@ 000000014002dcd0     LIBCMTD:crt0msg.obj
 0002:00002da0       ??_C@_1GG@GOPILAJP@?$AAR?$AA6?$AA0?$AA3?$AA2?$AA?$AN?$AA?6?$AA?9?$AA?5?$AAn?$AAo?$AAt?$AA?5?$AAe?$AAn?$AAo?$AAu?$AAg?$AAh?$AA?5?$AAs?$AAp?$AAa?$AAc?$AAe?$AA?5?$AAf?$AAo?$AAr?$AA?5?$AAl?$AAo@ 000000014002dda0     LIBCMTD:crt0msg.obj
 0002:00002e10       ??_C@_1BOO@KGEDBGAJ@?$AAR?$AA6?$AA0?$AA3?$AA3?$AA?$AN?$AA?6?$AA?9?$AA?5?$AAA?$AAt?$AAt?$AAe?$AAm?$AAp?$AAt?$AA?5?$AAt?$AAo?$AA?5?$AAu?$AAs?$AAe?$AA?5?$AAM?$AAS?$AAI?$AAL?$AA?5?$AAc?$AAo?$AAd@ 000000014002de10     LIBCMTD:crt0msg.obj
 0002:00003000       ??_C@_1GG@MKFPEKFO@?$AAR?$AA6?$AA0?$AA3?$AA4?$AA?$AN?$AA?6?$AA?9?$AA?5?$AAi?$AAn?$AAc?$AAo?$AAn?$AAs?$AAi?$AAs?$AAt?$AAe?$AAn?$AAt?$AA?5?$AAo?$AAn?$AAe?$AAx?$AAi?$AAt?$AA?5?$AAb?$AAe?$AAg@ 000000014002e000     LIBCMTD:crt0msg.obj
 0002:00003068       ??_C@_1BO@BFCDCGC@?$AAD?$AAO?$AAM?$AAA?$AAI?$AAN?$AA?5?$AAe?$AAr?$AAr?$AAo?$AAr?$AA?$AN?$AA?6?$AA?$AA@ 000000014002e068     LIBCMTD:crt0msg.obj
 0002:00003088       ??_C@_1BK@KMOMNAAI@?$AAS?$AAI?$AAN?$AAG?$AA?5?$AAe?$AAr?$AAr?$AAo?$AAr?$AA?$AN?$AA?6?$AA?$AA@ 000000014002e088     LIBCMTD:crt0msg.obj
 0002:000030a8       ??_C@_1BM@JBBEPPHI@?$AAT?$AAL?$AAO?$AAS?$AAS?$AA?5?$AAe?$AAr?$AAr?$AAo?$AAr?$AA?$AN?$AA?6?$AA?$AA@ 000000014002e0a8     LIBCMTD:crt0msg.obj
 0002:000030c4       ??_C@_15JNBOKNOG@?$AA?$AN?$AA?6?$AA?$AA@ 000000014002e0c4     LIBCMTD:crt0msg.obj
 0002:000030d0       ??_C@_1BO@BKOMIGKJ@?$AAr?$AAu?$AAn?$AAt?$AAi?$AAm?$AAe?$AA?5?$AAe?$AAr?$AAr?$AAo?$AAr?$AA?5?$AA?$AA@ 000000014002e0d0     LIBCMTD:crt0msg.obj
 0002:000030f0       ??_C@_1FG@ILOHEEMG@?$AAf?$AA?3?$AA?2?$AAd?$AAd?$AA?2?$AAv?$AAc?$AAt?$AAo?$AAo?$AAl?$AAs?$AA?2?$AAc?$AAr?$AAt?$AA?2?$AAc?$AAr?$AAt?$AAw?$AA3?$AA2?$AA?2?$AAs?$AAt?$AAa?$AAr?$AAt?$AAu?$AAp@ 000000014002e0f0     LIBCMTD:crt0msg.obj
 0002:00003148       ??_C@_1BI@EAHMBMEC@?$AA_?$AAN?$AAM?$AAS?$AAG?$AA_?$AAW?$AAR?$AAI?$AAT?$AAE?$AA?$AA@ 000000014002e148     LIBCMTD:crt0msg.obj
 0002:00003160       ??_C@_1KO@BKLCKNFL@?$AAw?$AAc?$AAs?$AAc?$AAp?$AAy?$AA_?$AAs?$AA?$CI?$AAo?$AAu?$AAt?$AAm?$AAs?$AAg?$AA?0?$AA?5?$AA?$CI?$AAs?$AAi?$AAz?$AAe?$AAo?$AAf?$AA?$CI?$AAo?$AAu?$AAt?$AAm?$AAs?$AAg?$AA?$CJ@ 000000014002e160     LIBCMTD:crt0msg.obj
 0002:00003210       ??_C@_1DE@JNGNBFGO@?$AAR?$AAu?$AAn?$AAt?$AAi?$AAm?$AAe?$AA?5?$AAE?$AAr?$AAr?$AAo?$AAr?$AA?$CB?$AA?6?$AA?6?$AAP?$AAr?$AAo?$AAg?$AAr?$AAa?$AAm?$AA?3?$AA?5?$AA?$AA@ 000000014002e210     LIBCMTD:crt0msg.obj
 0002:00003250       ??_C@_1HK@FJJNAABO@?$AAw?$AAc?$AAs?$AAc?$AAp?$AAy?$AA_?$AAs?$AA?$CI?$AAp?$AAr?$AAo?$AAg?$AAn?$AAa?$AAm?$AAe?$AA?0?$AA?5?$AAp?$AAr?$AAo?$AAg?$AAn?$AAa?$AAm?$AAe?$AA_?$AAs?$AAi?$AAz?$AAe@ 000000014002e250     LIBCMTD:crt0msg.obj
 0002:000032d0       ??_C@_1HI@FLHKGEBE@?$AAw?$AAc?$AAs?$AAn?$AAc?$AAp?$AAy?$AA_?$AAs?$AA?$CI?$AAp?$AAc?$AAh?$AA?0?$AA?5?$AAp?$AAr?$AAo?$AAg?$AAn?$AAa?$AAm?$AAe?$AA_?$AAs?$AAi?$AAz?$AAe?$AA?5?$AA?9?$AA?5?$AA?$CI@ 000000014002e2d0     LIBCMTD:crt0msg.obj
 0002:00003350       ??_C@_1IA@DCJGKHFO@?$AAw?$AAc?$AAs?$AAc?$AAa?$AAt?$AA_?$AAs?$AA?$CI?$AAo?$AAu?$AAt?$AAm?$AAs?$AAg?$AA?0?$AA?5?$AA?$CI?$AAs?$AAi?$AAz?$AAe?$AAo?$AAf?$AA?$CI?$AAo?$AAu?$AAt?$AAm?$AAs?$AAg?$AA?$CJ@ 000000014002e350     LIBCMTD:crt0msg.obj
 0002:000033d0       ??_C@_1IG@NMONDPP@?$AAw?$AAc?$AAs?$AAc?$AAa?$AAt?$AA_?$AAs?$AA?$CI?$AAo?$AAu?$AAt?$AAm?$AAs?$AAg?$AA?0?$AA?5?$AA?$CI?$AAs?$AAi?$AAz?$AAe?$AAo?$AAf?$AA?$CI?$AAo?$AAu?$AAt?$AAm?$AAs?$AAg?$AA?$CJ@ 000000014002e3d0     LIBCMTD:crt0msg.obj
 0002:00003458       ??_C@_1DE@BCNCAIK@?$AA?$CI?$AA?$CC?$AAI?$AAn?$AAv?$AAa?$AAl?$AAi?$AAd?$AA?5?$AAe?$AAr?$AAr?$AAo?$AAr?$AA_?$AAm?$AAo?$AAd?$AAe?$AA?$CC?$AA?0?$AA?5?$AA0?$AA?$CJ?$AA?$AA@ 000000014002e458     LIBCMTD:errmode.obj
 0002:00003490       ??_C@_1FA@PBBGNIFD@?$AAf?$AA?3?$AA?2?$AAd?$AAd?$AA?2?$AAv?$AAc?$AAt?$AAo?$AAo?$AAl?$AAs?$AA?2?$AAc?$AAr?$AAt?$AA?2?$AAc?$AAr?$AAt?$AAw?$AA3?$AA2?$AA?2?$AAm?$AAi?$AAs?$AAc?$AA?2?$AAe?$AAr@ 000000014002e490     LIBCMTD:errmode.obj
 0002:000034e0       ??_C@_1CA@LFDHAMEM@?$AA_?$AAs?$AAe?$AAt?$AA_?$AAe?$AAr?$AAr?$AAo?$AAr?$AA_?$AAm?$AAo?$AAd?$AAe?$AA?$AA@ 000000014002e4e0     LIBCMTD:errmode.obj
 0002:00003500       ??_C@_0CG@NNNNMKLF@f?3?2dd?2vctools?2crt?2crtw32?2misc?2a_@ 000000014002e500     LIBCMTD:a_env.obj
 0002:00003528       ??_C@_1BK@MGMFAEKH@?$AAk?$AAe?$AAr?$AAn?$AAe?$AAl?$AA3?$AA2?$AA?4?$AAd?$AAl?$AAl?$AA?$AA@ 000000014002e528     LIBCMTD:winapisupp.obj
 0002:00003548       ??_C@_08KNHFBNJ@FlsAlloc?$AA@ 000000014002e548     LIBCMTD:winapisupp.obj
 0002:00003558       ??_C@_07PEJMOBNF@FlsFree?$AA@ 000000014002e558     LIBCMTD:winapisupp.obj
 0002:00003560       ??_C@_0M@GDNOONDI@FlsGetValue?$AA@ 000000014002e560     LIBCMTD:winapisupp.obj
 0002:00003570       ??_C@_0M@JCPCPOEF@FlsSetValue?$AA@ 000000014002e570     LIBCMTD:winapisupp.obj
 0002:00003580       ??_C@_0BM@HCFOFFN@InitializeCriticalSectionEx?$AA@ 000000014002e580     LIBCMTD:winapisupp.obj
 0002:000035a0       ??_C@_0P@DLHPPCNH@CreateEventExW?$AA@ 000000014002e5a0     LIBCMTD:winapisupp.obj
 0002:000035b0       ??_C@_0BD@KIEEOEEH@CreateSemaphoreExW?$AA@ 000000014002e5b0     LIBCMTD:winapisupp.obj
 0002:000035c8       ??_C@_0BI@BKLFFAPO@SetThreadStackGuarantee?$AA@ 000000014002e5c8     LIBCMTD:winapisupp.obj
 0002:000035e0       ??_C@_0BG@OGFAJCKC@CreateThreadpoolTimer?$AA@ 000000014002e5e0     LIBCMTD:winapisupp.obj
 0002:000035f8       ??_C@_0BD@LPLEMMDI@SetThreadpoolTimer?$AA@ 000000014002e5f8     LIBCMTD:winapisupp.obj
 0002:00003610       ??_C@_0CA@FMNJENH@WaitForThreadpoolTimerCallbacks?$AA@ 000000014002e610     LIBCMTD:winapisupp.obj
 0002:00003630       ??_C@_0BF@DCFCCNOC@CloseThreadpoolTimer?$AA@ 000000014002e630     LIBCMTD:winapisupp.obj
 0002:00003648       ??_C@_0BF@FLABGKKM@CreateThreadpoolWait?$AA@ 000000014002e648     LIBCMTD:winapisupp.obj
 0002:00003660       ??_C@_0BC@MGCOHNA@SetThreadpoolWait?$AA@ 000000014002e660     LIBCMTD:winapisupp.obj
 0002:00003678       ??_C@_0BE@OCIOMIMP@CloseThreadpoolWait?$AA@ 000000014002e678     LIBCMTD:winapisupp.obj
 0002:00003690       ??_C@_0BJ@LKGHFHBO@FlushProcessWriteBuffers?$AA@ 000000014002e690     LIBCMTD:winapisupp.obj
 0002:000036b0       ??_C@_0BP@KALKKPMO@FreeLibraryWhenCallbackReturns?$AA@ 000000014002e6b0     LIBCMTD:winapisupp.obj
 0002:000036d0       ??_C@_0BK@DFNBACLA@GetCurrentProcessorNumber?$AA@ 000000014002e6d0     LIBCMTD:winapisupp.obj
 0002:000036f0       ??_C@_0BP@KHGALBC@GetLogicalProcessorInformation?$AA@ 000000014002e6f0     LIBCMTD:winapisupp.obj
 0002:00003710       ??_C@_0BE@FKKLLFLM@CreateSymbolicLinkW?$AA@ 000000014002e710     LIBCMTD:winapisupp.obj
 0002:00003728       ??_C@_0BJ@OHNKDLIJ@SetDefaultDllDirectories?$AA@ 000000014002e728     LIBCMTD:winapisupp.obj
 0002:00003748       ??_C@_0BE@LJANKFHF@EnumSystemLocalesEx?$AA@ 000000014002e748     LIBCMTD:winapisupp.obj
 0002:00003760       ??_C@_0BA@IHGNDAEB@CompareStringEx?$AA@ 000000014002e760     LIBCMTD:winapisupp.obj
 0002:00003770       ??_C@_0BA@EPCJIIPD@GetDateFormatEx?$AA@ 000000014002e770     LIBCMTD:winapisupp.obj
 0002:00003780       ??_C@_0BA@ONOKGCMP@GetLocaleInfoEx?$AA@ 000000014002e780     LIBCMTD:winapisupp.obj
 0002:00003790       ??_C@_0BA@CIJJKCJJ@GetTimeFormatEx?$AA@ 000000014002e790     LIBCMTD:winapisupp.obj
 0002:000037a0       ??_C@_0BJ@PBCCBIPI@GetUserDefaultLocaleName?$AA@ 000000014002e7a0     LIBCMTD:winapisupp.obj
 0002:000037c0       ??_C@_0BC@CELBKLLA@IsValidLocaleName?$AA@ 000000014002e7c0     LIBCMTD:winapisupp.obj
 0002:000037d8       ??_C@_0O@KKBNKAPF@LCMapStringEx?$AA@ 000000014002e7d8     LIBCMTD:winapisupp.obj
 0002:000037e8       ??_C@_0BE@JOGNEJCI@GetCurrentPackageId?$AA@ 000000014002e7e8     LIBCMTD:winapisupp.obj
 0002:00003800       ??_C@_0P@CDHHOHKP@GetTickCount64?$AA@ 000000014002e800     LIBCMTD:winapisupp.obj
 0002:00003810       ??_C@_0BO@KPCLFDJJ@GetFileInformationByHandleExW?$AA@ 000000014002e810     LIBCMTD:winapisupp.obj
[...]
 0004:00000b70       $pdata$_fltout2            000000014003cb70     LIBCMTD:cfout.obj
 0004:00000b7c       $pdata$_fptrap             000000014003cb7c     LIBCMTD:crt0fp.obj
 0004:00000b88       $pdata$?_inconsistency@@YAXXZ 000000014003cb88     LIBCMTD:hooks.obj
 0004:00000b94       $pdata$?terminate@@YAXXZ   000000014003cb94     LIBCMTD:hooks.obj
 0004:00000ba0       $pdata$_initp_eh_hooks     000000014003cba0     LIBCMTD:hooks.obj
 0004:00000bac       $pdata$_FindPESection      000000014003cbac     LIBCMTD:pesect.obj
 0004:00000bb8       $pdata$_IsNonwritableInCurrentImage 000000014003cbb8     LIBCMTD:pesect.obj
 0004:00000bc4       $pdata$_ValidateImageBase  000000014003cbc4     LIBCMTD:pesect.obj
 0004:00000bd0       $pdata$__onexitinit        000000014003cbd0     LIBCMTD:onexit.obj
 0004:00000bdc       $pdata$_onexit             000000014003cbdc     LIBCMTD:onexit.obj
 0004:00000be8       $pdata$_onexit_nolock      000000014003cbe8     LIBCMTD:onexit.obj
 0004:00000bf4       $pdata$atexit              000000014003cbf4     LIBCMTD:onexit.obj
 0004:00000c30       $pdata$?x_ismbbtype_l@@YAHPEAUlocaleinfo_struct@@IHH@Z 000000014003cc30     LIBCMTD:ismbbyte.obj
 0004:00000c3c       $pdata$_ismbblead          000000014003cc3c     LIBCMTD:ismbbyte.obj
 0004:00000c48       $pdata$wcscat_s            000000014003cc48     LIBCMTD:wcscat_s.obj
 0004:00000c54       $pdata$wcsncpy_s           000000014003cc54     LIBCMTD:wcsncpy_s.obj
 0004:00000c60       $pdata$_fcloseall          000000014003cc60     LIBCMTD:closeall.obj
 0004:00000c6c       $pdata$_fflush_nolock      000000014003cc6c     LIBCMTD:fflush.obj
 0004:00000c78       $pdata$_flush              000000014003cc78     LIBCMTD:fflush.obj
 0004:00000c84       $pdata$_flushall           000000014003cc84     LIBCMTD:fflush.obj
 0004:00000c90       $pdata$flsall              000000014003cc90     LIBCMTD:fflush.obj
 0004:00000c9c       $pdata$__lock_fhandle      000000014003cc9c     LIBCMTD:osfinfo.obj
 0004:00000ca8       $pdata$_free_osfhnd        000000014003cca8     LIBCMTD:osfinfo.obj
 0004:00000cb4       $pdata$_get_osfhandle      000000014003ccb4     LIBCMTD:osfinfo.obj
 0004:00000cc0       $pdata$_unlock_fhandle     000000014003ccc0     LIBCMTD:osfinfo.obj
 0004:00000ccc       $pdata$_mbtowc_l           000000014003cccc     LIBCMTD:mbtowc.obj
 0004:00000cd8       $pdata$mbtowc              000000014003ccd8     LIBCMTD:mbtowc.obj
 0004:00000ce4       $pdata$_putwch_nolock      000000014003cce4     LIBCMTD:putwch.obj
 0004:00000cf0       $pdata$_vsnwprintf_s       000000014003ccf0     LIBCMTD:vswprnc.obj
 0004:00000cfc       $pdata$_vsnwprintf_s_l     000000014003ccfc     LIBCMTD:vswprnc.obj
 0004:00000d08       $pdata$_vswprintf_helper   000000014003cd08     LIBCMTD:vswprnc.obj
 0004:00000d14       $pdata$strcat_s            000000014003cd14     LIBCMTD:strcat_s.obj
 0004:00000d20       $pdata$_itoa_s             000000014003cd20     LIBCMTD:xtoas.obj
 0004:00000d2c       $pdata$xtoa_s              000000014003cd2c     LIBCMTD:xtoas.obj
 0004:00000d38       $pdata$_mbstowcs_l_helper  000000014003cd38     LIBCMTD:mbstowcs.obj
 0004:00000d44       $pdata$_mbstowcs_s_l       000000014003cd44     LIBCMTD:mbstowcs.obj
 0004:00000d50       $pdata$mbstowcs_s          000000014003cd50     LIBCMTD:mbstowcs.obj
 0004:00000d5c       $pdata$?wcsncnt@@YA_KPEB_W_K@Z 000000014003cd5c     LIBCMTD:wcstombs.obj
 0004:00000d68       $pdata$_wcstombs_l_helper  000000014003cd68     LIBCMTD:wcstombs.obj
 0004:00000d74       $pdata$_wcstombs_s_l       000000014003cd74     LIBCMTD:wcstombs.obj
 0004:00000d80       $pdata$wcstombs_s          000000014003cd80     LIBCMTD:wcstombs.obj
 0004:00000d8c       $pdata$_itow_s             000000014003cd8c     LIBCMTD:xtows.obj
 0004:00000d98       $pdata$xtow_s              000000014003cd98     LIBCMTD:xtows.obj
 0004:00000da4       $pdata$__GSHandlerCheck_SEH 000000014003cda4     LIBCMTD:gshandlerseh.obj
 0004:00000db0       $pdata$__free_lconv_mon    000000014003cdb0     LIBCMTD:initmon.obj
 0004:00000dbc       $pdata$__free_lconv_num    000000014003cdbc     LIBCMTD:initnum.obj
 0004:00000dc8       $pdata$__free_lc_time      000000014003cdc8     LIBCMTD:inittime.obj
 0004:00000dd4       $pdata$?__crtLCMapStringA_stat@@YAHPEAUlocaleinfo_struct@@PEB_WKPEBDHPEADHHH@Z 000000014003cdd4     LIBCMTD:a_map.obj
 0004:00000de0       $pdata$?strncnt@@YAHPEBDH@Z 000000014003cde0     LIBCMTD:a_map.obj
 0004:00000dec       $pdata$_MallocaIsSizeInRange 000000014003cdec     LIBCMTD:a_map.obj
 0004:00000df8       $pdata$__crtLCMapStringA   000000014003cdf8     LIBCMTD:a_map.obj
 0004:00000e04       $pdata$_freea              000000014003ce04     LIBCMTD:a_map.obj
 0004:00000e10       $pdata$?__crtGetStringTypeA_stat@@YAHPEAUlocaleinfo_struct@@KPEBDHPEAGHH@Z 000000014003ce10     LIBCMTD:a_str.obj
 0004:00000e1c       $pdata$__crtGetStringTypeA 000000014003ce1c     LIBCMTD:a_str.obj
 0004:00000e28       $pdata$?_CatchTryBlock@@YAPEBU_s_TryBlockMapEntry@@PEBU_s_FuncInfo@@H@Z 000000014003ce28     LIBCMTD:trnsctrl.obj
 0004:00000e34       $pdata$?_GetEstablisherFrame@@YAPEA_KPEA_KPEAU_xDISPATCHER_CONTEXT@@PEBU_s_FuncInfo@@0@Z 000000014003ce34     LIBCMTD:trnsctrl.obj
 0004:00000e40       $pdata$?_GetRangeOfTrysToCheck@@YAPEBU_s_TryBlockMapEntry@@PEA_KPEBU_s_FuncInfo@@HHPEAI2PEAU_xDISPATCHER_CONTEXT@@@Z 000000014003ce40     LIBCMTD:trnsctrl.obj
 0004:00000e4c       $pdata$?__FrameUnwindToEmptyState@@YAXPEA_KPEAU_xDISPATCHER_CONTEXT@@PEBU_s_FuncInfo@@@Z 000000014003ce4c     LIBCMTD:trnsctrl.obj
 0004:00000e58       $pdata$?__SehTransFilter@@YAHPEAU_EXCEPTION_POINTERS@@PEAUEHExceptionRecord@@PEA_KPEAU_CONTEXT@@PEAU_xDISPATCHER_CONTEXT@@PEBU_s_FuncInfo@@PEAH@Z 000000014003ce58     LIBCMTD:trnsctrl.obj
 0004:00000e64       $pdata$_CallSETranslator   000000014003ce64     LIBCMTD:trnsctrl.obj
 0004:00000e70       $pdata$_CreateFrameInfo    000000014003ce70     LIBCMTD:trnsctrl.obj
 0004:00000e7c       $pdata$_FindAndUnlinkFrame 000000014003ce7c     LIBCMTD:trnsctrl.obj
 0004:00000e88       $pdata$_GetImageBase       000000014003ce88     LIBCMTD:trnsctrl.obj
 0004:00000e94       $pdata$_GetThrowImageBase  000000014003ce94     LIBCMTD:trnsctrl.obj
 0004:00000ea0       $pdata$_IsExceptionObjectToBeDestroyed 000000014003cea0     LIBCMTD:trnsctrl.obj
 0004:00000eac       $pdata$_SetImageBase       000000014003ceac     LIBCMTD:trnsctrl.obj
 0004:00000eb8       $pdata$_SetThrowImageBase  000000014003ceb8     LIBCMTD:trnsctrl.obj
 0004:00000ec4       $pdata$_UnwindNestedFrames 000000014003cec4     LIBCMTD:trnsctrl.obj
 0004:00000ed0       $pdata$__CxxFrameHandler3  000000014003ced0     LIBCMTD:trnsctrl.obj
 0004:00000edc       $pdata$_locterm            000000014003cedc     LIBCMTD:wsetloca.obj
 0004:00000ee8       $pdata$_CopyMan            000000014003cee8     LIBCMTD:intrncvt.obj
 0004:00000ef4       $pdata$_FillZeroMan        000000014003cef4     LIBCMTD:intrncvt.obj
 0004:00000f00       $pdata$_IncMan             000000014003cf00     LIBCMTD:intrncvt.obj
 0004:00000f0c       $pdata$_IsZeroMan          000000014003cf0c     LIBCMTD:intrncvt.obj
 0004:00000f18       $pdata$_RoundMan           000000014003cf18     LIBCMTD:intrncvt.obj
 0004:00000f24       $pdata$_ShrMan             000000014003cf24     LIBCMTD:intrncvt.obj
 0004:00000f30       $pdata$_ZeroTail           000000014003cf30     LIBCMTD:intrncvt.obj
 0004:00000f3c       $pdata$__addl              000000014003cf3c     LIBCMTD:intrncvt.obj
 0004:00000f48       $pdata$_ld12cvt            000000014003cf48     LIBCMTD:intrncvt.obj
 0004:00000f54       $pdata$_ld12tod            000000014003cf54     LIBCMTD:intrncvt.obj
 0004:00000f60       $pdata$_ld12tof            000000014003cf60     LIBCMTD:intrncvt.obj
 0004:00000f6c       $pdata$__ld12mul           000000014003cf6c     LIBCMTD:strgtold.obj
 0004:00000f78       $pdata$__multtenpow12      000000014003cf78     LIBCMTD:strgtold.obj
 0004:00000f84       $pdata$__shl_12            000000014003cf84     LIBCMTD:strgtold.obj
 0004:00000f90       $pdata$__shr_12            000000014003cf90     LIBCMTD:strgtold.obj
 0004:00000f9c       $pdata$__strgtold12_l      000000014003cf9c     LIBCMTD:strgtold.obj
 0004:00000fa8       $pdata$$I10_OUTPUT         000000014003cfa8     LIBCMTD:x10fout.obj
 0004:00000fb4       $pdata$__add_12            000000014003cfb4     LIBCMTD:x10fout.obj
 0004:00000fc0       $pdata$abort               000000014003cfc0     LIBCMTD:abort.obj
 0004:00000fcc       $pdata$GetTableIndexFromLocaleName 000000014003cfcc     LIBCMTD:winapinls.obj
 0004:00000fd8       $pdata$__crtDownlevelLocaleNameToLCID 000000014003cfd8     LIBCMTD:winapinls.obj
 0004:00000fe4       $pdata$__crtLCMapStringEx  000000014003cfe4     LIBCMTD:winapinls.obj
 0004:00000ff0       $pdata$__wcsnicmp_ascii    000000014003cff0     LIBCMTD:winapinls.obj
 0004:00001008       $pdata$_fclose_nolock      000000014003d008     LIBCMTD:fclose.obj
 0004:00001014       $pdata$fclose              000000014003d014     LIBCMTD:fclose.obj
 0004:00001020       $pdata$_commit             000000014003d020     LIBCMTD:commit.obj
 0004:0000102c       $pdata$__termconout        000000014003d02c     LIBCMTD:initcon.obj
 0004:00001038       $pdata$__initconout        000000014003d038     LIBCMTD:initcon.obj
 0004:00001044       $pdata$_woutput_s_l        000000014003d044     LIBCMTD:woutputs.obj
 0004:00001050       $pdata$write_char          000000014003d050     LIBCMTD:woutputs.obj
 0004:0000105c       $pdata$write_multi_char    000000014003d05c     LIBCMTD:woutputs.obj
 0004:00001068       $pdata$write_string        000000014003d068     LIBCMTD:woutputs.obj
 0004:00001074       $pdata$_fputwc_nolock      000000014003d074     LIBCMTD:fputwc.obj
 0004:00001080       $pdata$free                000000014003d080     LIBCMTD:dbgfree.obj
 0004:0000108c       $pdata$malloc              000000014003d08c     LIBCMTD:dbgmalloc.obj
 0004:00001098       $pdata$__DestructExceptionObject 000000014003d098     LIBCMTD:frame.obj
 0004:000010a4       $pdata$??0bad_exception@std@@QEAA@AEBV01@@Z 000000014003d0a4     LIBCMTD:frame.obj
 0004:000010b0       $pdata$??0bad_exception@std@@QEAA@PEBD@Z 000000014003d0b0     LIBCMTD:frame.obj
 0004:000010bc       $pdata$??1bad_exception@std@@UEAA@XZ 000000014003d0bc     LIBCMTD:frame.obj
 0004:000010c8       $pdata$??_Gbad_exception@std@@UEAAPEAXI@Z 000000014003d0c8     LIBCMTD:frame.obj
 0004:000010d4       $pdata$?CatchIt@@YAXPEAUEHExceptionRecord@@PEA_KPEAU_CONTEXT@@PEAU_xDISPATCHER_CONTEXT@@PEBU_s_FuncInfo@@PEBU_s_HandlerType@@PEBU_s_CatchableType@@PEBU_s_TryBlockMapEntry@@H1EE@Z 000000014003d0d4     LIBCMTD:frame.obj
 0004:000010e0       $pdata$?ExFilterRethrow@@YAHPEAU_EXCEPTION_POINTERS@@PEAUEHExceptionRecord@@PEAH@Z 000000014003d0e0     LIBCMTD:frame.obj
 0004:000010ec       $pdata$?FindHandler@@YAXPEAUEHExceptionRecord@@PEA_KPEAU_CONTEXT@@PEAU_xDISPATCHER_CONTEXT@@PEBU_s_FuncInfo@@EH1@Z 000000014003d0ec     LIBCMTD:frame.obj
 0004:000010f8       $pdata$?FindHandlerForForeignException@@YAXPEAUEHExceptionRecord@@PEA_KPEAU_CONTEXT@@PEAU_xDISPATCHER_CONTEXT@@PEBU_s_FuncInfo@@HH1@Z 000000014003d0f8     LIBCMTD:frame.obj
 0004:00001104       $pdata$?IsInExceptionSpec@@YAEPEAUEHExceptionRecord@@PEBU_s_ESTypeList@@@Z 000000014003d104     LIBCMTD:frame.obj
 0004:00001110       $pdata$?Is_bad_exception_allowed@@YAEPEBU_s_ESTypeList@@@Z 000000014003d110     LIBCMTD:frame.obj
 0004:0000111c       $pdata$?__RethrowException@@YAXPEAUEHExceptionRecord@@@Z 000000014003d11c     LIBCMTD:frame.obj
 0004:00001128       $pdata$__AdjustPointer     000000014003d128     LIBCMTD:frame.obj
 0004:00001134       $pdata$__BuildCatchObject  000000014003d134     LIBCMTD:frame.obj
 0004:00001140       $pdata$__BuildCatchObjectHelper 000000014003d140     LIBCMTD:frame.obj
 0004:0000114c       $pdata$__CxxCallCatchBlock 000000014003d14c     LIBCMTD:frame.obj
 0004:00001158       $pdata$__FrameUnwindFilter 000000014003d158     LIBCMTD:frame.obj
 0004:00001164       $pdata$__FrameUnwindToState 000000014003d164     LIBCMTD:frame.obj
 0004:00001170       $pdata$__InternalCxxFrameHandler 000000014003d170     LIBCMTD:frame.obj
 0004:0000117c       $pdata$__TypeMatch         000000014003d17c     LIBCMTD:frame.obj
 0004:00001188       $pdata$?__GetCurrentState@@YAHPEA_KPEAU_xDISPATCHER_CONTEXT@@PEBU_s_FuncInfo@@@Z 000000014003d188     LIBCMTD:ehstate.obj
 0004:00001194       $pdata$?__GetUnwindTryBlock@@YAHPEA_KPEAU_xDISPATCHER_CONTEXT@@PEBU_s_FuncInfo@@@Z 000000014003d194     LIBCMTD:ehstate.obj
 0004:000011a0       $pdata$?__SetUnwindTryBlock@@YAXPEA_KPEAU_xDISPATCHER_CONTEXT@@PEBU_s_FuncInfo@@H@Z 000000014003d1a0     LIBCMTD:ehstate.obj
 0004:000011ac       $pdata$?__StateFromControlPc@@YAHPEBU_s_FuncInfo@@PEAU_xDISPATCHER_CONTEXT@@@Z 000000014003d1ac     LIBCMTD:ehstate.obj
 0004:000011b8       $pdata$?__StateFromIp@@YAHPEBU_s_FuncInfo@@PEAU_xDISPATCHER_CONTEXT@@_J@Z 000000014003d1b8     LIBCMTD:ehstate.obj
 0004:000011d0       $pdata$__mtold12           000000014003d1d0     LIBCMTD:mantold.obj
 0004:000011dc       $pdata$_close              000000014003d1dc     LIBCMTD:close.obj
 0004:000011e8       $pdata$_close_nolock       000000014003d1e8     LIBCMTD:close.obj
 0004:000011f4       $pdata$_freebuf            000000014003d1f4     LIBCMTD:_freebuf.obj
 0004:00001200       $pdata$_flswbuf            000000014003d200     LIBCMTD:_flswbuf.obj
 0004:0000120c       $pdata$??3@YAXPEAX@Z       000000014003d20c     LIBCMTD:dbgdel.obj
 0004:00001224       $pdata$?_ValidateExecute@@YAHP6A_JXZ@Z 000000014003d224     LIBCMTD:validate.obj
 0004:00001230       $pdata$?_ValidateWrite@@YAHPEAXI@Z 000000014003d230     LIBCMTD:validate.obj
 0004:00001230       $pdata$?_ValidateRead@@YAHPEBXI@Z 000000014003d230     LIBCMTD:validate.obj
 0004:00001248       $pdata$??1type_info@@UEAA@XZ 000000014003d248     LIBCMTD:typinfo.obj
 0004:00001254       $pdata$??8type_info@@QEBA_NAEBV0@@Z 000000014003d254     LIBCMTD:typinfo.obj
 0004:00001260       $pdata$??_Gtype_info@@UEAAPEAXI@Z 000000014003d260     LIBCMTD:typinfo.obj
 0004:0000126c       $pdata$??0exception@std@@QEAA@AEBQEBD@Z 000000014003d26c     LIBCMTD:stdexcpt.obj
 0004:00001278       $pdata$??0exception@std@@QEAA@AEBV01@@Z 000000014003d278     LIBCMTD:stdexcpt.obj
 0004:00001284       $pdata$??1exception@std@@UEAA@XZ 000000014003d284     LIBCMTD:stdexcpt.obj
 0004:00001290       $pdata$??4exception@std@@QEAAAEAV01@AEBV01@@Z 000000014003d290     LIBCMTD:stdexcpt.obj
 0004:0000129c       $pdata$??_Gexception@std@@UEAAPEAXI@Z 000000014003d29c     LIBCMTD:stdexcpt.obj
 0004:000012a8       $pdata$?_Copy_str@exception@std@@AEAAXPEBD@Z 000000014003d2a8     LIBCMTD:stdexcpt.obj
 0004:000012b4       $pdata$?_Tidy@exception@std@@AEAAXXZ 000000014003d2b4     LIBCMTD:stdexcpt.obj
 0004:000012c0       $pdata$?what@exception@std@@UEBAPEBDXZ 000000014003d2c0     LIBCMTD:stdexcpt.obj
 0004:000012cc       $pdata$_CxxThrowException  000000014003d2cc     LIBCMTD:throw.obj
 0004:000012d8       $pdata$?_Type_info_dtor@type_info@@CAXPEAV1@@Z 000000014003d2d8     LIBCMTD:typname.obj
 0004:000012e4       $pdata$__tmainCRTStartup$filt$0 000000014003d2e4     LIBCMTD:wincrt0.obj
 0004:000012f0       $pdata$_CrtCheckMemory$fin$0 000000014003d2f0     LIBCMTD:dbgheap.obj
 0004:000012fc       $pdata$_msize_dbg$fin$0    000000014003d2fc     LIBCMTD:dbgheap.obj
 0004:000012fc       $pdata$?fin$0@?0???3@YAXPEAX@Z@4HA 000000014003d2fc     LIBCMTD:dbgheap.obj
 0004:000012fc       $pdata$_realloc_dbg$fin$0  000000014003d2fc     LIBCMTD:dbgheap.obj
 0004:000012fc       $pdata$_CrtSetDbgFlag$fin$0 000000014003d2fc     LIBCMTD:dbgheap.obj
 0004:00001308       $pdata$_free_dbg$fin$0     000000014003d308     LIBCMTD:dbgheap.obj
 0004:00001314       $pdata$_CrtMemCheckpoint$fin$0 000000014003d314     LIBCMTD:dbgheap.obj
 0004:00001314       $pdata$?fin$0@?0??_CrtMemDumpAllObjectsSince_stat@@YAXPEBU_CrtMemState@@PEAUlocaleinfo_struct@@@Z@4HA 000000014003d314     LIBCMTD:dbgheap.obj
 0004:00001314       $pdata$_heap_alloc_dbg_impl$fin$0 000000014003d314     LIBCMTD:dbgheap.obj
 0004:00001320       $pdata$_freefls$fin$0      000000014003d320     LIBCMTD:tidtable.obj
 0004:00001320       $pdata$_initptd$fin$0      000000014003d320     LIBCMTD:tidtable.obj
 0004:0000132c       $pdata$_freefls$fin$1      000000014003d32c     LIBCMTD:tidtable.obj
 0004:0000132c       $pdata$_initptd$fin$1      000000014003d32c     LIBCMTD:tidtable.obj
 0004:00001338       $pdata$doexit$fin$0        000000014003d338     LIBCMTD:crt0dat.obj
 0004:00001344       $pdata$_ioinit$fin$0       000000014003d344     LIBCMTD:ioinit.obj
 0004:00001350       $pdata$raise$fin$0         000000014003d350     LIBCMTD:winsig.obj
 0004:0000135c       $pdata$_VCrtDbgReportA$fin$0 000000014003d35c     LIBCMTD:dbgrptt.obj
 0004:00001368       $pdata$_VCrtDbgReportA$fin$1 000000014003d368     LIBCMTD:dbgrptt.obj
 0004:00001374       $pdata$_VCrtDbgReportW$fin$0 000000014003d374     LIBCMTD:dbgrptt.obj
 0004:00001380       $pdata$_VCrtDbgReportW$fin$1 000000014003d380     LIBCMTD:dbgrptt.obj
 0004:0000138c       $pdata$?dtor$0@?0??getSystemCP@@YAHH@Z@4HA 000000014003d38c     LIBCMTD:mbctype.obj
 0004:00001398       $pdata$_setmbcp$fin$0      000000014003d398     LIBCMTD:mbctype.obj
 0004:00001398       $pdata$__updatetmbcinfo$fin$0 000000014003d398     LIBCMTD:mbctype.obj
 0004:000013a4       $pdata$_IsNonwritableInCurrentImage$filt$0 000000014003d3a4     LIBCMTD:pesect.obj
 0004:000013b0       $pdata$_onexit$fin$0       000000014003d3b0     LIBCMTD:onexit.obj
 0004:000013bc       $pdata$?dtor$0@?0??x_ismbbtype_l@@YAHPEAUlocaleinfo_struct@@IHH@Z@4HA 000000014003d3bc     LIBCMTD:ismbbyte.obj
 0004:000013c8       $pdata$_fcloseall$fin$0    000000014003d3c8     LIBCMTD:closeall.obj
 0004:000013d4       $pdata$flsall$fin$0        000000014003d3d4     LIBCMTD:fflush.obj
 0004:000013e0       $pdata$flsall$fin$1        000000014003d3e0     LIBCMTD:fflush.obj
 0004:000013ec       $pdata$_mtinitlocknum$fin$0 000000014003d3ec     LIBCMTD:osfinfo.obj
 0004:000013ec       $pdata$__lock_fhandle$fin$0 000000014003d3ec     LIBCMTD:osfinfo.obj
 0004:000013f8       $pdata$_CallSETranslator$filt$0 000000014003d3f8     LIBCMTD:trnsctrl.obj
 0004:00001404       $pdata$_locterm$fin$0      000000014003d404     LIBCMTD:wsetloca.obj
 0004:00001404       $pdata$__updatetlocinfo$fin$0 000000014003d404     LIBCMTD:wsetloca.obj
 0004:00001410       $pdata$fclose$fin$0        000000014003d410     LIBCMTD:fclose.obj
 0004:0000141c       $pdata$_write$fin$0        000000014003d41c     LIBCMTD:commit.obj
 0004:0000141c       $pdata$_commit$fin$0       000000014003d41c     LIBCMTD:commit.obj
 0004:0000141c       $pdata$_close$fin$0        000000014003d41c     LIBCMTD:commit.obj
 0004:0000141c       $pdata$_lseeki64$fin$0     000000014003d41c     LIBCMTD:commit.obj
 0004:00001428       $pdata$?filt$0@?0??terminate@@YAXXZ@4HA 000000014003d428     LIBCMTD:frame.obj
 0004:00001428       $pdata$?filt$0@?0??__crtIsBadReadPtr@@YAHPEBX_K@Z@4HA 000000014003d428     LIBCMTD:frame.obj
 0004:00001428       $pdata$?filt$0@?0??_inconsistency@@YAXXZ@4HA 000000014003d428     LIBCMTD:frame.obj
 0004:00001428       $pdata$__BuildCatchObject$filt$0 000000014003d428     LIBCMTD:frame.obj
 0004:00001428       $pdata$__BuildCatchObjectHelper$filt$0 000000014003d428     LIBCMTD:frame.obj
 0004:00001434       $pdata$__CxxCallCatchBlock$filt$0 000000014003d434     LIBCMTD:frame.obj
 0004:00001440       $pdata$__CxxCallCatchBlock$fin$1 000000014003d440     LIBCMTD:frame.obj
 0004:0000144c       $pdata$__DestructExceptionObject$filt$0 000000014003d44c     LIBCMTD:frame.obj
 0004:00001458       $pdata$__FrameUnwindToState$filt$0 000000014003d458     LIBCMTD:frame.obj
 0004:00001464       $pdata$__FrameUnwindToState$fin$1 000000014003d464     LIBCMTD:frame.obj
 0004:00001470       $pdata$?fin$0@?0??_Type_info_dtor@type_info@@CAXPEAV1@@Z@4HA 000000014003d470     LIBCMTD:typname.obj
