 win32_pong

 Timestamp is 55294fdf (Sat Apr 11 11:46:23 2015)

 Preferred load address is 0000000140000000

 Start         Length     Name                   Class
 0001:00000000 00029aecH .text$mn                CODE
 0001:00029af0 000005cbH .text$x                 CODE
 0002:00000000 000002e8H .idata$5                DATA
 0002:000002e8 00000008H .CRT$XCA                DATA
 0002:000002f0 00000008H .CRT$XCZ                DATA
 0002:000002f8 00000008H .CRT$XIA                DATA
 0002:00000300 00000020H .CRT$XIC                DATA
 0002:00000320 00000008H .CRT$XIY                DATA
 0002:00000328 00000008H .CRT$XIZ                DATA
 0002:00000330 00000008H .CRT$XPA                DATA
 0002:00000338 00000010H .CRT$XPX                DATA
 0002:00000348 00000008H .CRT$XPXA               DATA
 0002:00000350 00000008H .CRT$XPZ                DATA
 0002:00000358 00000008H .CRT$XTA                DATA
 0002:00000360 00000008H .CRT$XTZ                DATA
 0002:00000370 0000acc0H .rdata                  DATA
 0002:0000b030 0000004cH .rdata$debug            DATA
 0002:0000b080 0000016cH .rdata$r                DATA
 0002:0000b1f0 00000008H .rtc$IAA                DATA
 0002:0000b1f8 00000008H .rtc$IZZ                DATA
 0002:0000b200 00000008H .rtc$TAA                DATA
 0002:0000b208 00000008H .rtc$TZZ                DATA
 0002:0000b210 00000cd4H .xdata                  DATA
 0002:0000bee8 00000084H .xdata$x                DATA
 0002:0000bf6c 00000000H .edata                  DATA
 0002:0000bf6c 00000050H .idata$2                DATA
 0002:0000bfbc 00000014H .idata$3                DATA
 0002:0000bfd0 000002e8H .idata$4                DATA
 0002:0000c2b8 0000068aH .idata$6                DATA
 0003:00000000 00001838H .data                   DATA
 0003:00001838 00000070H .data$r                 DATA
 0003:000018c0 00002518H .bss                    DATA
 0004:00000000 00001530H .pdata                  DATA

  Address         Publics by Value              Rva+Base               Lib:Object

 0000:00000000       ___safe_se_handler_table   0000000000000000     <absolute>
 0000:00000000       __guard_fids_table         0000000000000000     <absolute>
 0000:00000000       __guard_flags              0000000000000000     <absolute>
 0000:00000000       __guard_fids_count         0000000000000000     <absolute>
 0000:00000000       ___safe_se_handler_count   0000000000000000     <absolute>
 0000:00000000       __ImageBase                0000000140000000     <linker-defined>
 0001:00000000       WinMain                    0000000140001000 f   win32_pong.obj
 0001:00000820       ??H@YA?ATvect2@@T0@0@Z     0000000140001820 f   win32_pong.obj
 0001:00000880       ??Y@YAAEATvect2@@AEAT0@T0@@Z 0000000140001880 f   win32_pong.obj
 0001:000008e0       ??G@YA?ATvect2@@T0@0@Z     00000001400018e0 f   win32_pong.obj
 0001:00000940       ??D@YA?ATvect2@@MT0@@Z     0000000140001940 f   win32_pong.obj
 0001:000009a0       ??X@YAAEATvect2@@AEAT0@M@Z 00000001400019a0 f   win32_pong.obj
 0001:00000a00       ?DotProduct@@YAMTvect2@@0@Z 0000000140001a00 f   win32_pong.obj
 0001:00002500       ?InitDSound@@YAXPEAUHWND__@@HPEAUSound_Data@@@Z 0000000140003500 f   win32_pong.obj
 0001:000027b0       ?ResizeClientBuffer@@YAXPEAUScreenBuffer@@JJ@Z 00000001400037b0 f   win32_pong.obj
 0001:000028d0       ?MainWindowCallback@@YA_JPEAUHWND__@@I_K_J@Z 00000001400038d0 f   win32_pong.obj
 0001:00002a10       ??$_snprintf_s@$0BAA@@@YAHAEAY0BAA@D_KPEBDZZ 0000000140003a10 f i win32_pong.obj
 0001:00002a60       ?DrawPlayer@@YAXUplayer@@Utile_map@@PEAUgame_screen_buffer@@@Z 0000000140003a60 f i win32_pong.obj
 0001:00002b10       ?floor@@YAMM@Z             0000000140003b10 f i win32_pong.obj
 0001:00002b30       roundf                     0000000140003b30 f   LIBCMTD:roundf.obj
 0001:00002bc0       _vsnprintf_helper          0000000140003bc0 f   LIBCMTD:vsnprnc.obj
 0001:00002ea0       _vsnprintf_s               0000000140003ea0 f   LIBCMTD:vsnprnc.obj
 0001:00002ef0       _vsnprintf_s_l             0000000140003ef0 f   LIBCMTD:vsnprnc.obj
 0001:00003490       _vsprintf_s_l              0000000140004490 f   LIBCMTD:vsnprnc.obj
 0001:00003820       __GSHandlerCheck           0000000140004820 f   LIBCMTD:gshandler.obj
 0001:00003860       __GSHandlerCheckCommon     0000000140004860 f   LIBCMTD:gshandler.obj
 0001:00003970       __security_check_cookie    0000000140004970 f   LIBCMTD:amdsecgs.obj
 0001:00003990       floorf                     0000000140004990 f   LIBCMTD:floorf.obj
 0001:00003b40       _fpmath                    0000000140004b40 f   LIBCMTD:fpinit.obj
 0001:00003b60       _cfltcvt_init              0000000140004b60 f   LIBCMTD:fpinit.obj
 0001:00003c70       WinMainCRTStartup          0000000140004c70 f   LIBCMTD:wincrt0.obj
 0001:00003ec0       _fd_int                    0000000140004ec0 f   LIBCMTD:_test.obj
 0001:000040f0       _call_reportfault          00000001400050f0 f   LIBCMTD:invarg.obj
 0001:00004220       _initp_misc_invarg         0000000140005220 f   LIBCMTD:invarg.obj
 0001:00004240       _invalid_parameter         0000000140005240 f   LIBCMTD:invarg.obj
 0001:000042d0       _invoke_watson             00000001400052d0 f   LIBCMTD:invarg.obj
 0001:00004330       _flsbuf                    0000000140005330 f   LIBCMTD:_flsbuf.obj
 0001:000046d0       _CrtDbgReportW             00000001400056d0 f   LIBCMTD:dbgrptw.obj
 0001:00004750       _CrtDbgReportWV            0000000140005750 f i LIBCMTD:dbgrptw.obj
 0001:000047b0       __crtMessageWindowW        00000001400057b0 f   LIBCMTD:dbgrptw.obj
 0001:00004e30       _invoke_watson_if_error    0000000140005e30 f i LIBCMTD:dbgrptw.obj
 0001:00004e80       _invoke_watson_if_oneof    0000000140005e80 f i LIBCMTD:dbgrptw.obj
 0001:00004f00       memset                     0000000140005f00 f   LIBCMTD:memset.obj
 0001:00005130       ??0_LocaleUpdate@@QEAA@PEAUlocaleinfo_struct@@@Z 0000000140006130 f i LIBCMTD:output.obj
 0001:00005270       ??1_LocaleUpdate@@QEAA@XZ  0000000140006270 f i LIBCMTD:output.obj
 0001:000052b0       ?GetLocaleT@_LocaleUpdate@@QEAAPEAUlocaleinfo_struct@@XZ 00000001400062b0 f i LIBCMTD:output.obj
 0001:000052c0       get_int64_arg              00000001400062c0 f i LIBCMTD:output.obj
 0001:00005330       get_int_arg                0000000140006330 f i LIBCMTD:output.obj
 0001:00005390       get_short_arg              0000000140006390 f i LIBCMTD:output.obj
 0001:00005400       _output_s_l                0000000140006400 f   LIBCMTD:outputs.obj
 0001:00006fe0       __doserrno                 0000000140007fe0 f   LIBCMTD:dosmap.obj
 0001:00007010       _dosmaperr                 0000000140008010 f   LIBCMTD:dosmap.obj
 0001:00007040       _errno                     0000000140008040 f   LIBCMTD:dosmap.obj
 0001:00007070       _get_errno_from_oserr      0000000140008070 f   LIBCMTD:dosmap.obj
 0001:00007630       _CrtCheckMemory            0000000140008630 f   LIBCMTD:dbgheap.obj
 0001:00007bd0       _CrtDumpMemoryLeaks        0000000140008bd0 f   LIBCMTD:dbgheap.obj
 0001:00007c90       _CrtGetCheckCount          0000000140008c90 f   LIBCMTD:dbgheap.obj
 0001:00007ca0       _CrtIsValidHeapPointer     0000000140008ca0 f   LIBCMTD:dbgheap.obj
 0001:00007d00       _CrtIsValidPointer         0000000140008d00 f   LIBCMTD:dbgheap.obj
 0001:00007d40       _CrtMemCheckpoint          0000000140008d40 f   LIBCMTD:dbgheap.obj
 0001:00007fd0       _CrtMemDumpAllObjectsSince 0000000140008fd0 f   LIBCMTD:dbgheap.obj
 0001:00008020       _CrtSetCheckCount          0000000140009020 f   LIBCMTD:dbgheap.obj
 0001:00008040       _CrtSetDbgFlag             0000000140009040 f   LIBCMTD:dbgheap.obj
 0001:00008180       _calloc_dbg                0000000140009180 f   LIBCMTD:dbgheap.obj
 0001:00008200       _calloc_dbg_impl           0000000140009200 f   LIBCMTD:dbgheap.obj
 0001:000082b0       _free_dbg                  00000001400092b0 f   LIBCMTD:dbgheap.obj
 0001:000082f0       _free_dbg_nolock           00000001400092f0 f   LIBCMTD:dbgheap.obj
 0001:00008e80       _malloc_dbg                0000000140009e80 f   LIBCMTD:dbgheap.obj
 0001:00008ed0       _msize_dbg                 0000000140009ed0 f   LIBCMTD:dbgheap.obj
 0001:00009120       _nh_malloc_dbg             000000014000a120 f   LIBCMTD:dbgheap.obj
 0001:000094b0       _realloc_dbg               000000014000a4b0 f   LIBCMTD:dbgheap.obj
 0001:00009e20       __raise_securityfailure    000000014000ae20 f   LIBCMTD:gs_report.obj
 0001:00009e70       __report_gsfailure         000000014000ae70 f   LIBCMTD:gs_report.obj
 0001:00009f50       __report_rangecheckfailure 000000014000af50 f   LIBCMTD:gs_report.obj
 0001:00009f70       __report_securityfailure   000000014000af70 f   LIBCMTD:gs_report.obj
 0001:0000a1e0       _handle_errorf             000000014000b1e0 f   LIBCMTD:libm_error.obj
 0001:0000a360       ?strrchr@@YAPEADPEADH@Z    000000014000b360 f i LIBCMTD:cvt.obj
 0001:0000a380       _cfltcvt                   000000014000b380 f   LIBCMTD:cvt.obj
 0001:0000a3d0       _cfltcvt_l                 000000014000b3d0 f   LIBCMTD:cvt.obj
 0001:0000a4f0       _cftoa_l                   000000014000b4f0 f   LIBCMTD:cvt.obj
 0001:0000aff0       _cftoe                     000000014000bff0 f   LIBCMTD:cvt.obj
 0001:0000b610       _cftoe_l                   000000014000c610 f   LIBCMTD:cvt.obj
 0001:0000bd10       _cftof_l                   000000014000cd10 f   LIBCMTD:cvt.obj
 0001:0000bff0       _cftog_l                   000000014000cff0 f   LIBCMTD:cvt.obj
 0001:0000c3b0       _cropzeros                 000000014000d3b0 f   LIBCMTD:cvt.obj
 0001:0000c3d0       _cropzeros_l               000000014000d3d0 f   LIBCMTD:cvt.obj
 0001:0000c550       _fassign                   000000014000d550 f   LIBCMTD:cvt.obj
 0001:0000c580       _fassign_l                 000000014000d580 f   LIBCMTD:cvt.obj
 0001:0000c5f0       _forcdecpt                 000000014000d5f0 f   LIBCMTD:cvt.obj
 0001:0000c610       _forcdecpt_l               000000014000d610 f   LIBCMTD:cvt.obj
 0001:0000c710       _positive                  000000014000d710 f   LIBCMTD:cvt.obj
 0001:0000c7a0       _initp_misc_cfltcvt_tab    000000014000d7a0 f   LIBCMTD:cmiscdat.obj
 0001:0000c7f0       ?__CxxUnhandledExceptionFilter@@YAJPEAU_EXCEPTION_POINTERS@@@Z 000000014000d7f0 f   LIBCMTD:unhandld.obj
 0001:0000c870       __CxxSetUnhandledExceptionFilter 000000014000d870 f   LIBCMTD:unhandld.obj
 0001:0000c890       _XcptFilter                000000014000d890 f   LIBCMTD:winxfltr.obj
 0001:0000cbc0       _freefls                   000000014000dbc0 f   LIBCMTD:tidtable.obj
 0001:0000cdd0       _getptd                    000000014000ddd0 f   LIBCMTD:tidtable.obj
 0001:0000ce00       _getptd_noexit             000000014000de00 f   LIBCMTD:tidtable.obj
 0001:0000ced0       _initptd                   000000014000ded0 f   LIBCMTD:tidtable.obj
 0001:0000d000       _mtinit                    000000014000e000 f   LIBCMTD:tidtable.obj
 0001:0000d0c0       _mtterm                    000000014000e0c0 f   LIBCMTD:tidtable.obj
 0001:0000d0f0       __crtCorExitProcess        000000014000e0f0 f   LIBCMTD:crt0dat.obj
 0001:0000d140       __crtExitProcess           000000014000e140 f   LIBCMTD:crt0dat.obj
 0001:0000d160       __freeCrtMemory            000000014000e160 f   LIBCMTD:crt0dat.obj
 0001:0000d390       _amsg_exit                 000000014000e390 f   LIBCMTD:crt0dat.obj
 0001:0000d3c0       _c_exit                    000000014000e3c0 f   LIBCMTD:crt0dat.obj
 0001:0000d3e0       _cexit                     000000014000e3e0 f   LIBCMTD:crt0dat.obj
 0001:0000d400       _cinit                     000000014000e400 f   LIBCMTD:crt0dat.obj
 0001:0000d4b0       _exit                      000000014000e4b0 f   LIBCMTD:crt0dat.obj
 0001:0000d4d0       _init_pointers             000000014000e4d0 f   LIBCMTD:crt0dat.obj
 0001:0000d580       _initterm_e                000000014000e580 f   LIBCMTD:crt0dat.obj
 0001:0000d5e0       _lockexit                  000000014000e5e0 f   LIBCMTD:crt0dat.obj
 0001:0000d600       _unlockexit                000000014000e600 f   LIBCMTD:crt0dat.obj
 0001:0000d830       exit                       000000014000e830 f   LIBCMTD:crt0dat.obj
 0001:0000d850       _heap_init                 000000014000e850 f   LIBCMTD:heapinit.obj
 0001:0000d880       _ioinit                    000000014000e880 f   LIBCMTD:ioinit.obj
 0001:0000de60       _set_pgmptr                000000014000ee60 f i LIBCMTD:stdargv.obj
 0001:0000de80       _setargv                   000000014000ee80 f   LIBCMTD:stdargv.obj
 0001:0000e4e0       _setenvp                   000000014000f4e0 f   LIBCMTD:stdenvp.obj
 0001:0000e6f0       _FF_MSGBANNER              000000014000f6f0 f   LIBCMTD:crt0msg.obj
 0001:0000e740       _GET_RTERRMSG              000000014000f740 f   LIBCMTD:crt0msg.obj
 0001:0000e7a0       _NMSG_WRITE                000000014000f7a0 f   LIBCMTD:crt0msg.obj
 0001:0000ebd0       __set_app_type             000000014000fbd0 f   LIBCMTD:errmode.obj
 0001:0000ebe0       _set_error_mode            000000014000fbe0 f   LIBCMTD:errmode.obj
 0001:0000ecf0       __security_init_cookie     000000014000fcf0 f   LIBCMTD:gs_support.obj
 0001:0000ee10       _RTC_Initialize            000000014000fe10 f   LIBCMTD:initsect.obj
 0001:0000ee50       _RTC_Terminate             000000014000fe50 f   LIBCMTD:initsect.obj
 0001:0000ee90       __crtGetEnvironmentStringsA 000000014000fe90 f   LIBCMTD:a_env.obj
 0001:0000f070       __crtCaptureCurrentContext 0000000140010070 f   LIBCMTD:winapisupp.obj
 0001:0000f110       __crtCapturePreviousContext 0000000140010110 f   LIBCMTD:winapisupp.obj
 0001:0000f1d0       __crtFlsAlloc              00000001400101d0 f   LIBCMTD:winapisupp.obj
 0001:0000f220       __crtFlsFree               0000000140010220 f   LIBCMTD:winapisupp.obj
 0001:0000f270       __crtFlsGetValue           0000000140010270 f   LIBCMTD:winapisupp.obj
 0001:0000f2c0       __crtFlsSetValue           00000001400102c0 f   LIBCMTD:winapisupp.obj
 0001:0000f320       __crtGetShowWindowMode     0000000140010320 f   LIBCMTD:winapisupp.obj
 0001:0000f360       __crtInitializeCriticalSectionEx 0000000140010360 f   LIBCMTD:winapisupp.obj
 0001:0000f3d0       __crtIsPackagedApp         00000001400103d0 f   LIBCMTD:winapisupp.obj
 0001:0000f410       __crtLoadWinApiPointers    0000000140010410 f   LIBCMTD:winapisupp.obj
 0001:0000fa00       __crtSetUnhandledExceptionFilter 0000000140010a00 f   LIBCMTD:winapisupp.obj
 0001:0000fa20       __crtTerminateProcess      0000000140010a20 f   LIBCMTD:winapisupp.obj
 0001:0000fa40       __crtUnhandledException    0000000140010a40 f   LIBCMTD:winapisupp.obj
 0001:0000fa70       _wincmdln                  0000000140010a70 f   LIBCMTD:wincmdln.obj
 0001:0000fb80       __C_specific_handler       0000000140010b80 f   LIBCMTD:chandler.obj
 0001:0000ffa0       _CrtDefaultAllocHook       0000000140010fa0 f   LIBCMTD:dbghook.obj
 0001:0000ffc0       __crt_debugger_hook        0000000140010fc0 f   LIBCMTD:dbghook.obj
 0001:0000ffd0       __initstdio                0000000140010fd0 f   LIBCMTD:_file.obj
 0001:000100d0       __endstdio                 00000001400110d0 f   LIBCMTD:_file.obj
 0001:00010110       __iob_func                 0000000140011110 f   LIBCMTD:_file.obj
 0001:00010120       _lock_file                 0000000140011120 f   LIBCMTD:_file.obj
 0001:000101b0       _lock_file2                00000001400111b0 f   LIBCMTD:_file.obj
 0001:00010200       _unlock_file               0000000140011200 f   LIBCMTD:_file.obj
 0001:00010290       _unlock_file2              0000000140011290 f   LIBCMTD:_file.obj
 0001:000102e0       _fileno                    00000001400112e0 f   LIBCMTD:fileno.obj
 0001:000103a0       _isatty                    00000001400113a0 f   LIBCMTD:isatty.obj
 0001:000104b0       _write                     00000001400114b0 f   LIBCMTD:write.obj
 0001:00010750       _write_nolock              0000000140011750 f   LIBCMTD:write.obj
 0001:00011890       _lseeki64                  0000000140012890 f   LIBCMTD:lseeki64.obj
 0001:00011b40       _lseeki64_nolock           0000000140012b40 f   LIBCMTD:lseeki64.obj
 0001:00011c60       _getbuf                    0000000140012c60 f   LIBCMTD:_getbuf.obj
 0001:00011d70       memcpy_s                   0000000140012d70 f   LIBCMTD:memcpy_s.obj
 0001:00011fe0       wcscpy_s                   0000000140012fe0 f   LIBCMTD:wcscpy_s.obj
 0001:00012490       wcslen                     0000000140013490 f   LIBCMTD:wcslen.obj
 0001:000124e0       _lock                      00000001400134e0 f   LIBCMTD:mlock.obj
 0001:00012540       _mtdeletelocks             0000000140013540 f   LIBCMTD:mlock.obj
 0001:00012660       _mtinitlocknum             0000000140013660 f   LIBCMTD:mlock.obj
 0001:00012760       _mtinitlocks               0000000140013760 f   LIBCMTD:mlock.obj
 0001:00012800       _unlock                    0000000140013800 f   LIBCMTD:mlock.obj
 0001:00012830       _snwprintf_s               0000000140013830 f   LIBCMTD:swprintf.obj
 0001:00012890       __get_sigabrt              0000000140013890 f   LIBCMTD:winsig.obj
 0001:000128b0       _initp_misc_winsig         00000001400138b0 f   LIBCMTD:winsig.obj
 0001:000128f0       raise                      00000001400138f0 f   LIBCMTD:winsig.obj
 0001:00012d60       __crtMessageBoxW           0000000140013d60 f   LIBCMTD:crtmboxw.obj
 0001:000131d0       __crtMessageBoxWaitThreadW 00000001400141d0 f   LIBCMTD:crtmboxw.obj
 0001:00013220       _CrtDbgBreak               0000000140014220 f   LIBCMTD:dbgrptt.obj
 0001:00013230       _VCrtDbgReportA            0000000140014230 f   LIBCMTD:dbgrptt.obj
 0001:00013c00       _VCrtDbgReportW            0000000140014c00 f   LIBCMTD:dbgrptt.obj
 0001:00014750       __chkstk                   0000000140015750 f   LIBCMTD:chkstk.obj
 0001:00014750       _alloca_probe              0000000140015750 f   LIBCMTD:chkstk.obj
 0001:000147a0       __isa_available_init       00000001400157a0 f   LIBCMTD:cpu_disp.obj
 0001:00014ae0       __addlocaleref             0000000140015ae0 f   LIBCMTD:localref.obj
 0001:00014c30       __freetlocinfo             0000000140015c30 f   LIBCMTD:localref.obj
 0001:00014fe0       __removelocaleref          0000000140015fe0 f   LIBCMTD:localref.obj
 0001:00015140       __updatetlocinfo           0000000140016140 f   LIBCMTD:localref.obj
 0001:000151e0       _updatetlocinfoEx_nolock   00000001400161e0 f   LIBCMTD:localref.obj
 0001:00015280       __initmbctable             0000000140016280 f   LIBCMTD:mbctype.obj
 0001:00015910       __updatetmbcinfo           0000000140016910 f   LIBCMTD:mbctype.obj
 0001:00015a20       _setmbcp                   0000000140016a20 f   LIBCMTD:mbctype.obj
 0001:00015d10       _setmbcp_nolock            0000000140016d10 f   LIBCMTD:mbctype.obj
 0001:00016160       _isleadbyte_l              0000000140017160 f i LIBCMTD:_wctype.obj
 0001:000161c0       isleadbyte                 00000001400171c0 f i LIBCMTD:_wctype.obj
 0001:000161f0       strlen                     00000001400171f0 f   LIBCMTD:strlen.obj
 0001:000162a0       _get_printf_count_output   00000001400172a0 f   LIBCMTD:printf.obj
 0001:000162d0       _wctomb_s_l                00000001400172d0 f   LIBCMTD:wctomb.obj
 0001:00016770       wctomb_s                   0000000140017770 f   LIBCMTD:wctomb.obj
 0001:000167c0       _chvalidator               00000001400177c0 f   LIBCMTD:isctype.obj
 0001:00016830       _chvalidator_l             0000000140017830 f   LIBCMTD:isctype.obj
 0001:00016940       _isctype_l                 0000000140017940 f   LIBCMTD:isctype.obj
 0001:00016b30       memmove                    0000000140017b30 f   LIBCMTD:memcpy.obj
 0001:00016b30       memcpy                     0000000140017b30 f   LIBCMTD:memcpy.obj
 0001:000170a0       _free_base                 00000001400180a0 f   LIBCMTD:free.obj
 0001:00017100       _realloc_base              0000000140018100 f   LIBCMTD:realloc.obj
 0001:00017220       _expand_base               0000000140018220 f   LIBCMTD:expand.obj
 0001:00017400       _CrtDbgReport              0000000140018400 f   LIBCMTD:dbgrpt.obj
 0001:00017480       _CrtDbgReportV             0000000140018480 f i LIBCMTD:dbgrpt.obj
 0001:000174e0       __crtMessageWindowA        00000001400184e0 f   LIBCMTD:dbgrpt.obj
 0001:00017b60       _callnewh                  0000000140018b60 f   LIBCMTD:handler.obj
 0001:00017ba0       _initp_heap_handler        0000000140018ba0 f   LIBCMTD:handler.obj
 0001:00017bc0       _heapchk                   0000000140018bc0 f   LIBCMTD:heapchk.obj
 0001:00017c00       _snprintf_s                0000000140018c00 f   LIBCMTD:sprintf.obj
 0001:00017c60       sprintf_s                  0000000140018c60 f   LIBCMTD:sprintf.obj
 0001:00017cb0       _heap_alloc_base           0000000140018cb0 f i LIBCMTD:malloc.obj
 0001:00017d20       _malloc_base               0000000140018d20 f   LIBCMTD:malloc.obj
 0001:00017dc0       _raise_exc_ex              0000000140018dc0 f   LIBCMTD:fpexcept.obj
 0001:00018440       _raise_excf                0000000140019440 f   LIBCMTD:fpexcept.obj
 0001:000184a0       _set_errno_from_matherr    00000001400194a0 f   LIBCMTD:fpexcept.obj
 0001:000184f0       _clrfp                     00000001400194f0 f   LIBCMTD:fpctrl.obj
 0001:00018520       _ctrlfp                    0000000140019520 f   LIBCMTD:fpctrl.obj
 0001:000185d0       _set_statfp                00000001400195d0 f   LIBCMTD:fpctrl.obj
 0001:00018610       _statfp                    0000000140019610 f   LIBCMTD:fpctrl.obj
 0001:00018640       _matherr                   0000000140019640 f   LIBCMTD:matherr.obj
 0001:00018650       _isdigit_l                 0000000140019650 f i LIBCMTD:_ctype.obj
 0001:000186f0       isdigit                    00000001400196f0 f i LIBCMTD:_ctype.obj
 0001:00018730       _tolower_l                 0000000140019730 f   LIBCMTD:tolower.obj
 0001:00018a90       tolower                    0000000140019a90 f   LIBCMTD:tolower.obj
 0001:00018ae0       strcpy_s                   0000000140019ae0 f   LIBCMTD:strcpy_s.obj
 0001:00018f80       strrchr                    0000000140019f80 f   LIBCMTD:strrchr.obj
 0001:000193a0       _fptostr                   000000014001a3a0 f   LIBCMTD:_fptostr.obj
 0001:00019800       __crt_atoflt_l             000000014001a800 f   LIBCMTD:atodbl.obj
 0001:000199a0       _atodbl_l                  000000014001a9a0 f   LIBCMTD:atodbl.obj
 0001:00019b20       _atoflt_l                  000000014001ab20 f   LIBCMTD:atodbl.obj
 0001:00019b50       __dtold                    000000014001ab50 f   LIBCMTD:cfout.obj
 0001:00019d00       _fltout2                   000000014001ad00 f   LIBCMTD:cfout.obj
 0001:00019e10       _fptrap                    000000014001ae10 f   LIBCMTD:crt0fp.obj
 0001:00019e30       ?_inconsistency@@YAXXZ     000000014001ae30 f   LIBCMTD:hooks.obj
 0001:00019e60       ?terminate@@YAXXZ          000000014001ae60 f   LIBCMTD:hooks.obj
 0001:00019e90       _initp_eh_hooks            000000014001ae90 f   LIBCMTD:hooks.obj
 0001:00019ec0       _FindPESection             000000014001aec0 f   LIBCMTD:pesect.obj
 0001:00019f70       _IsNonwritableInCurrentImage 000000014001af70 f   LIBCMTD:pesect.obj
 0001:0001a000       _ValidateImageBase         000000014001b000 f   LIBCMTD:pesect.obj
 0001:0001a080       __onexitinit               000000014001b080 f   LIBCMTD:onexit.obj
 0001:0001a0f0       _onexit                    000000014001b0f0 f   LIBCMTD:onexit.obj
 0001:0001a300       atexit                     000000014001b300 f   LIBCMTD:onexit.obj
 0001:0001a340       _initp_misc_purevirt       000000014001b340 f   LIBCMTD:inithelp.obj
 0001:0001a360       _initp_misc_rand_s         000000014001b360 f   LIBCMTD:rand_s.obj
 0001:0001a390       _local_unwind              000000014001b390 f   LIBCMTD:jmpuwind.obj
 0001:0001a3c0       _NLG_Notify                000000014001b3c0 f   LIBCMTD:jmpuwind.obj
 0001:0001a3e0       __NLG_Dispatch2            000000014001b3e0 f   LIBCMTD:jmpuwind.obj
 0001:0001a3f0       __NLG_Return2              000000014001b3f0 f   LIBCMTD:jmpuwind.obj
 0001:0001a4d0       _ismbblead                 000000014001b4d0 f   LIBCMTD:ismbbyte.obj
 0001:0001a500       wcscat_s                   000000014001b500 f   LIBCMTD:wcscat_s.obj
 0001:0001ab30       wcsncpy_s                  000000014001bb30 f   LIBCMTD:wcsncpy_s.obj
 0001:0001b1d0       _fcloseall                 000000014001c1d0 f   LIBCMTD:closeall.obj
 0001:0001b2d0       _fflush_nolock             000000014001c2d0 f   LIBCMTD:fflush.obj
 0001:0001b350       _flush                     000000014001c350 f   LIBCMTD:fflush.obj
 0001:0001b440       _flushall                  000000014001c440 f   LIBCMTD:fflush.obj
 0001:0001b5d0       __lock_fhandle             000000014001c5d0 f   LIBCMTD:osfinfo.obj
 0001:0001b6a0       _free_osfhnd               000000014001c6a0 f   LIBCMTD:osfinfo.obj
 0001:0001b7d0       _get_osfhandle             000000014001c7d0 f   LIBCMTD:osfinfo.obj
 0001:0001b9d0       _unlock_fhandle            000000014001c9d0 f   LIBCMTD:osfinfo.obj
 0001:0001ba10       _mbtowc_l                  000000014001ca10 f   LIBCMTD:mbtowc.obj
 0001:0001bd50       mbtowc                     000000014001cd50 f   LIBCMTD:mbtowc.obj
 0001:0001bd80       _putwch_nolock             000000014001cd80 f   LIBCMTD:putwch.obj
 0001:0001bdf0       _vsnwprintf_s              000000014001cdf0 f   LIBCMTD:vswprnc.obj
 0001:0001be40       _vsnwprintf_s_l            000000014001ce40 f   LIBCMTD:vswprnc.obj
 0001:0001c3f0       _vswprintf_helper          000000014001d3f0 f   LIBCMTD:vswprnc.obj
 0001:0001c740       strcat_s                   000000014001d740 f   LIBCMTD:strcat_s.obj
 0001:0001cd50       _itoa_s                    000000014001dd50 f   LIBCMTD:xtoas.obj
 0001:0001d380       _mbstowcs_l_helper         000000014001e380 f   LIBCMTD:mbstowcs.obj
 0001:0001d8f0       _mbstowcs_s_l              000000014001e8f0 f   LIBCMTD:mbstowcs.obj
 0001:0001de80       mbstowcs_s                 000000014001ee80 f   LIBCMTD:mbstowcs.obj
 0001:0001df60       _wcstombs_l_helper         000000014001ef60 f   LIBCMTD:wcstombs.obj
 0001:0001e770       _wcstombs_s_l              000000014001f770 f   LIBCMTD:wcstombs.obj
 0001:0001ec70       wcstombs_s                 000000014001fc70 f   LIBCMTD:wcstombs.obj
 0001:0001ecc0       _itow_s                    000000014001fcc0 f   LIBCMTD:xtows.obj
 0001:0001f310       __GSHandlerCheck_SEH       0000000140020310 f   LIBCMTD:gshandlerseh.obj
 0001:0001f3d0       __free_lconv_mon           00000001400203d0 f   LIBCMTD:initmon.obj
 0001:0001f5e0       __free_lconv_num           00000001400205e0 f   LIBCMTD:initnum.obj
 0001:0001f6c0       __free_lc_time             00000001400206c0 f   LIBCMTD:inittime.obj
 0001:00020600       _MallocaIsSizeInRange      0000000140021600 f i LIBCMTD:a_map.obj
 0001:00020640       _MarkAllocaS               0000000140021640 f i LIBCMTD:a_map.obj
 0001:00020670       __crtLCMapStringA          0000000140021670 f   LIBCMTD:a_map.obj
 0001:00020720       _freea                     0000000140021720 f i LIBCMTD:a_map.obj
 0001:00020970       __crtGetStringTypeA        0000000140021970 f   LIBCMTD:a_str.obj
 0001:00020a90       ?_GetEstablisherFrame@@YAPEA_KPEA_KPEAU_xDISPATCHER_CONTEXT@@PEBU_s_FuncInfo@@0@Z 0000000140021a90 f   LIBCMTD:trnsctrl.obj
 0001:00020c00       ?_GetRangeOfTrysToCheck@@YAPEBU_s_TryBlockMapEntry@@PEA_KPEBU_s_FuncInfo@@HHPEAI2PEAU_xDISPATCHER_CONTEXT@@@Z 0000000140021c00 f   LIBCMTD:trnsctrl.obj
 0001:00020e20       ?__FrameUnwindToEmptyState@@YAXPEA_KPEAU_xDISPATCHER_CONTEXT@@PEBU_s_FuncInfo@@@Z 0000000140021e20 f   LIBCMTD:trnsctrl.obj
 0001:00020ec0       ?__SehTransFilter@@YAHPEAU_EXCEPTION_POINTERS@@PEAUEHExceptionRecord@@PEA_KPEAU_CONTEXT@@PEAU_xDISPATCHER_CONTEXT@@PEBU_s_FuncInfo@@PEAH@Z 0000000140021ec0 f   LIBCMTD:trnsctrl.obj
 0001:00020f80       _CallSETranslator          0000000140021f80 f   LIBCMTD:trnsctrl.obj
 0001:00021000       _CreateFrameInfo           0000000140022000 f   LIBCMTD:trnsctrl.obj
 0001:00021080       _FindAndUnlinkFrame        0000000140022080 f   LIBCMTD:trnsctrl.obj
 0001:00021110       _GetImageBase              0000000140022110 f   LIBCMTD:trnsctrl.obj
 0001:00021130       _GetThrowImageBase         0000000140022130 f   LIBCMTD:trnsctrl.obj
 0001:00021150       _IsExceptionObjectToBeDestroyed 0000000140022150 f   LIBCMTD:trnsctrl.obj
 0001:000211b0       _SetImageBase              00000001400221b0 f   LIBCMTD:trnsctrl.obj
 0001:000211d0       _SetThrowImageBase         00000001400221d0 f   LIBCMTD:trnsctrl.obj
 0001:000211f0       _UnwindNestedFrames        00000001400221f0 f   LIBCMTD:trnsctrl.obj
 0001:00021360       __CxxFrameHandler3         0000000140022360 f   LIBCMTD:trnsctrl.obj
 0001:00021420       _locterm                   0000000140022420 f   LIBCMTD:wsetloca.obj
 0001:00021480       _get_fpsr                  0000000140022480 f   LIBCMTD:fpsr.obj
 0001:00021490       _set_fpsr                  0000000140022490 f   LIBCMTD:fpsr.obj
 0001:0002149a       _fclrf                     000000014002249a f   LIBCMTD:fpsr.obj
 0001:000214ae       _frnd                      00000001400224ae f   LIBCMTD:fpsr.obj
 0001:000214d0       _CopyMan                   00000001400224d0 f i LIBCMTD:intrncvt.obj
 0001:00021540       _FillZeroMan               0000000140022540 f i LIBCMTD:intrncvt.obj
 0001:00021580       _IncMan                    0000000140022580 f i LIBCMTD:intrncvt.obj
 0001:00021660       _IsZeroMan                 0000000140022660 f i LIBCMTD:intrncvt.obj
 0001:000216a0       _RoundMan                  00000001400226a0 f i LIBCMTD:intrncvt.obj
 0001:000217b0       _ShrMan                    00000001400227b0 f i LIBCMTD:intrncvt.obj
 0001:000218f0       _ZeroTail                  00000001400228f0 f i LIBCMTD:intrncvt.obj
 0001:000219a0       __addl                     00000001400229a0 f i LIBCMTD:intrncvt.obj
 0001:00021a00       _ld12cvt                   0000000140022a00 f i LIBCMTD:intrncvt.obj
 0001:00021d70       _ld12tod                   0000000140022d70 f   LIBCMTD:intrncvt.obj
 0001:00021da0       _ld12tof                   0000000140022da0 f   LIBCMTD:intrncvt.obj
 0001:00021dd0       __ld12mul                  0000000140022dd0 f i LIBCMTD:strgtold.obj
 0001:00022340       __multtenpow12             0000000140023340 f i LIBCMTD:strgtold.obj
 0001:00022470       __shl_12                   0000000140023470 f i LIBCMTD:strgtold.obj
 0001:00022510       __shr_12                   0000000140023510 f i LIBCMTD:strgtold.obj
 0001:000225b0       __strgtold12_l             00000001400235b0 f   LIBCMTD:strgtold.obj
 0001:00023390       $I10_OUTPUT                0000000140024390 f   LIBCMTD:x10fout.obj
 0001:00023c50       __add_12                   0000000140024c50 f i LIBCMTD:x10fout.obj
 0001:00023d30       abort                      0000000140024d30 f   LIBCMTD:abort.obj
 0001:00023dc0       GetTableIndexFromLocaleName 0000000140024dc0 f   LIBCMTD:winapinls.obj
 0001:00023e70       __crtDownlevelLocaleNameToLCID 0000000140024e70 f   LIBCMTD:winapinls.obj
 0001:00023ed0       __crtLCMapStringEx         0000000140024ed0 f   LIBCMTD:winapinls.obj
 0001:00023fb0       __wcsnicmp_ascii           0000000140024fb0 f   LIBCMTD:winapinls.obj
 0001:000240c0       _fclose_nolock             00000001400250c0 f   LIBCMTD:fclose.obj
 0001:00024210       fclose                     0000000140025210 f   LIBCMTD:fclose.obj
 0001:00024310       _commit                    0000000140025310 f   LIBCMTD:commit.obj
 0001:000245a0       __termconout               00000001400255a0 f   LIBCMTD:initcon.obj
 0001:000245d0       __initconout               00000001400255d0 f   LIBCMTD:initcon.obj
 0001:00024620       _woutput_s_l               0000000140025620 f   LIBCMTD:woutputs.obj
 0001:00025f10       _fputwc_nolock             0000000140026f10 f   LIBCMTD:fputwc.obj
 0001:00026370       free                       0000000140027370 f   LIBCMTD:dbgfree.obj
 0001:00026390       malloc                     0000000140027390 f   LIBCMTD:dbgmalloc.obj
 0001:000263d0       __DestructExceptionObject  00000001400273d0 f   LIBCMTD:frame.obj
 0001:000264c0       ??0bad_exception@std@@QEAA@AEBV01@@Z 00000001400274c0 f i LIBCMTD:frame.obj
 0001:00026500       ??0bad_exception@std@@QEAA@PEBD@Z 0000000140027500 f i LIBCMTD:frame.obj
 0001:00026540       ??1bad_exception@std@@UEAA@XZ 0000000140027540 f i LIBCMTD:frame.obj
 0001:00026570       ??_Gbad_exception@std@@UEAAPEAXI@Z 0000000140027570 f i LIBCMTD:frame.obj
 0001:00026570       ??_Ebad_exception@std@@UEAAPEAXI@Z 0000000140027570 f i LIBCMTD:frame.obj
 0001:00027540       __AdjustPointer            0000000140028540 f   LIBCMTD:frame.obj
 0001:000275c0       __BuildCatchObject         00000001400285c0 f   LIBCMTD:frame.obj
 0001:00027700       __BuildCatchObjectHelper   0000000140028700 f   LIBCMTD:frame.obj
 0001:00027b30       __CxxCallCatchBlock        0000000140028b30 f   LIBCMTD:frame.obj
 0001:00027da0       __FrameUnwindFilter        0000000140028da0 f   LIBCMTD:frame.obj
 0001:00027e30       __FrameUnwindToState       0000000140028e30 f   LIBCMTD:frame.obj
 0001:00028090       __InternalCxxFrameHandler  0000000140029090 f   LIBCMTD:frame.obj
 0001:000284b0       __TypeMatch                00000001400294b0 f   LIBCMTD:frame.obj
 0001:000286a0       ?__GetCurrentState@@YAHPEA_KPEAU_xDISPATCHER_CONTEXT@@PEBU_s_FuncInfo@@@Z 00000001400296a0 f   LIBCMTD:ehstate.obj
 0001:00028700       ?__GetUnwindTryBlock@@YAHPEA_KPEAU_xDISPATCHER_CONTEXT@@PEBU_s_FuncInfo@@@Z 0000000140029700 f   LIBCMTD:ehstate.obj
 0001:00028750       ?__SetState@@YAXPEA_KPEAU_xDISPATCHER_CONTEXT@@PEBU_s_FuncInfo@@H@Z 0000000140029750 f   LIBCMTD:ehstate.obj
 0001:00028780       ?__SetUnwindTryBlock@@YAXPEA_KPEAU_xDISPATCHER_CONTEXT@@PEBU_s_FuncInfo@@H@Z 0000000140029780 f   LIBCMTD:ehstate.obj
 0001:000287f0       ?__StateFromControlPc@@YAHPEBU_s_FuncInfo@@PEAU_xDISPATCHER_CONTEXT@@@Z 00000001400297f0 f   LIBCMTD:ehstate.obj
 0001:00028820       ?__StateFromIp@@YAHPEBU_s_FuncInfo@@PEAU_xDISPATCHER_CONTEXT@@_J@Z 0000000140029820 f   LIBCMTD:ehstate.obj
 0001:00028910       memcmp                     0000000140029910 f   LIBCMTD:memcmp.obj
 0001:000289e0       __mtold12                  00000001400299e0 f   LIBCMTD:mantold.obj
 0001:00028b70       _close                     0000000140029b70 f   LIBCMTD:close.obj
 0001:00028df0       _close_nolock              0000000140029df0 f   LIBCMTD:close.obj
 0001:00028f00       _freebuf                   0000000140029f00 f   LIBCMTD:_freebuf.obj
 0001:00028fc0       _flswbuf                   0000000140029fc0 f   LIBCMTD:_flswbuf.obj
 0001:00029370       ??3@YAXPEAX@Z              000000014002a370 f   LIBCMTD:dbgdel.obj
 0001:00029450       strcmp                     000000014002a450 f   LIBCMTD:strcmp.obj
 0001:000294c0       ?_ValidateExecute@@YAHP6A_JXZ@Z 000000014002a4c0 f   LIBCMTD:validate.obj
 0001:000294f0       ?_ValidateRead@@YAHPEBXI@Z 000000014002a4f0 f   LIBCMTD:validate.obj
 0001:000294f0       ?_ValidateWrite@@YAHPEAXI@Z 000000014002a4f0 f   LIBCMTD:validate.obj
 0001:00029530       _CallSettingFrame          000000014002a530 f   LIBCMTD:handlers.obj
 0001:00029570       _GetNextInstrOffset        000000014002a570 f   LIBCMTD:handlers.obj
 0001:00029580       ??1type_info@@UEAA@XZ      000000014002a580 f   LIBCMTD:typinfo.obj
 0001:000295b0       ??8type_info@@QEBA_NAEBV0@@Z 000000014002a5b0 f   LIBCMTD:typinfo.obj
 0001:00029600       ??_Gtype_info@@UEAAPEAXI@Z 000000014002a600 f i LIBCMTD:typinfo.obj
 0001:00029600       ??_Etype_info@@UEAAPEAXI@Z 000000014002a600 f i LIBCMTD:typinfo.obj
 0001:00029640       ??0exception@std@@QEAA@AEBQEBD@Z 000000014002a640 f   LIBCMTD:stdexcpt.obj
 0001:00029690       ??0exception@std@@QEAA@AEBV01@@Z 000000014002a690 f   LIBCMTD:stdexcpt.obj
 0001:000296e0       ??1exception@std@@UEAA@XZ  000000014002a6e0 f   LIBCMTD:stdexcpt.obj
 0001:00029710       ??4exception@std@@QEAAAEAV01@AEBV01@@Z 000000014002a710 f   LIBCMTD:stdexcpt.obj
 0001:00029780       ??_Eexception@std@@UEAAPEAXI@Z 000000014002a780 f i LIBCMTD:stdexcpt.obj
 0001:00029780       ??_Gexception@std@@UEAAPEAXI@Z 000000014002a780 f i LIBCMTD:stdexcpt.obj
 0001:000297c0       ?_Copy_str@exception@std@@AEAAXPEBD@Z 000000014002a7c0 f   LIBCMTD:stdexcpt.obj
 0001:00029830       ?_Tidy@exception@std@@AEAAXXZ 000000014002a830 f   LIBCMTD:stdexcpt.obj
 0001:00029870       ?what@exception@std@@UEBAPEBDXZ 000000014002a870 f   LIBCMTD:stdexcpt.obj
 0001:000298b0       _CxxThrowException         000000014002a8b0 f   LIBCMTD:throw.obj
 0001:000299d0       ?_Type_info_dtor@type_info@@CAXPEAV1@@Z 000000014002a9d0 f   LIBCMTD:typname.obj
 0001:00029ae0       IsProcessorFeaturePresent  000000014002aae0 f   kernel32:KERNEL32.dll
 0001:00029ae6       RtlUnwindEx                000000014002aae6 f   kernel32:KERNEL32.dll
 0002:00000000       __imp_StretchDIBits        000000014002c000     gdi32:GDI32.dll
 0002:00000008       \177GDI32_NULL_THUNK_DATA  000000014002c008     gdi32:GDI32.dll
 0002:00000010       __imp_CloseHandle          000000014002c010     kernel32:KERNEL32.dll
 0002:00000018       __imp_CreateFileW          000000014002c018     kernel32:KERNEL32.dll
 0002:00000020       __imp_FlushFileBuffers     000000014002c020     kernel32:KERNEL32.dll
 0002:00000028       __imp_RtlPcToFileHeader    000000014002c028     kernel32:KERNEL32.dll
 0002:00000030       __imp_LCMapStringW         000000014002c030     kernel32:KERNEL32.dll
 0002:00000038       __imp_RtlCaptureContext    000000014002c038     kernel32:KERNEL32.dll
 0002:00000040       __imp_GetStringTypeW       000000014002c040     kernel32:KERNEL32.dll
 0002:00000048       __imp_SetStdHandle         000000014002c048     kernel32:KERNEL32.dll
 0002:00000050       __imp_OutputDebugStringA   000000014002c050     kernel32:KERNEL32.dll
 0002:00000058       __imp_QueryPerformanceCounter 000000014002c058     kernel32:KERNEL32.dll
 0002:00000060       __imp_QueryPerformanceFrequency 000000014002c060     kernel32:KERNEL32.dll
 0002:00000068       __imp_Sleep                000000014002c068     kernel32:KERNEL32.dll
 0002:00000070       __imp_VirtualAlloc         000000014002c070     kernel32:KERNEL32.dll
 0002:00000078       __imp_VirtualFree          000000014002c078     kernel32:KERNEL32.dll
 0002:00000080       __imp_GetProcAddress       000000014002c080     kernel32:KERNEL32.dll
 0002:00000088       __imp_LoadLibraryA         000000014002c088     kernel32:KERNEL32.dll
 0002:00000090       __imp_GetCommandLineA      000000014002c090     kernel32:KERNEL32.dll
 0002:00000098       __imp_IsDebuggerPresent    000000014002c098     kernel32:KERNEL32.dll
 0002:000000a0       __imp_EncodePointer        000000014002c0a0     kernel32:KERNEL32.dll
 0002:000000a8       __imp_DecodePointer        000000014002c0a8     kernel32:KERNEL32.dll
 0002:000000b0       __imp_IsProcessorFeaturePresent 000000014002c0b0     kernel32:KERNEL32.dll
 0002:000000b8       __imp_GetModuleFileNameW   000000014002c0b8     kernel32:KERNEL32.dll
 0002:000000c0       __imp_GetModuleHandleExW   000000014002c0c0     kernel32:KERNEL32.dll
 0002:000000c8       __imp_HeapSize             000000014002c0c8     kernel32:KERNEL32.dll
 0002:000000d0       __imp_HeapValidate         000000014002c0d0     kernel32:KERNEL32.dll
 0002:000000d8       __imp_GetSystemInfo        000000014002c0d8     kernel32:KERNEL32.dll
 0002:000000e0       __imp_GetLastError         000000014002c0e0     kernel32:KERNEL32.dll
 0002:000000e8       __imp_SetLastError         000000014002c0e8     kernel32:KERNEL32.dll
 0002:000000f0       __imp_GetCurrentThreadId   000000014002c0f0     kernel32:KERNEL32.dll
 0002:000000f8       __imp_ExitProcess          000000014002c0f8     kernel32:KERNEL32.dll
 0002:00000100       __imp_MultiByteToWideChar  000000014002c100     kernel32:KERNEL32.dll
 0002:00000108       __imp_WideCharToMultiByte  000000014002c108     kernel32:KERNEL32.dll
 0002:00000110       __imp_GetProcessHeap       000000014002c110     kernel32:KERNEL32.dll
 0002:00000118       __imp_GetStdHandle         000000014002c118     kernel32:KERNEL32.dll
 0002:00000120       __imp_GetFileType          000000014002c120     kernel32:KERNEL32.dll
 0002:00000128       __imp_DeleteCriticalSection 000000014002c128     kernel32:KERNEL32.dll
 0002:00000130       __imp_GetStartupInfoW      000000014002c130     kernel32:KERNEL32.dll
 0002:00000138       __imp_GetModuleFileNameA   000000014002c138     kernel32:KERNEL32.dll
 0002:00000140       __imp_WriteFile            000000014002c140     kernel32:KERNEL32.dll
 0002:00000148       __imp_GetCurrentProcessId  000000014002c148     kernel32:KERNEL32.dll
 0002:00000150       __imp_GetSystemTimeAsFileTime 000000014002c150     kernel32:KERNEL32.dll
 0002:00000158       __imp_GetEnvironmentStringsW 000000014002c158     kernel32:KERNEL32.dll
 0002:00000160       __imp_FreeEnvironmentStringsW 000000014002c160     kernel32:KERNEL32.dll
 0002:00000168       __imp_RtlLookupFunctionEntry 000000014002c168     kernel32:KERNEL32.dll
 0002:00000170       __imp_RtlVirtualUnwind     000000014002c170     kernel32:KERNEL32.dll
 0002:00000178       __imp_UnhandledExceptionFilter 000000014002c178     kernel32:KERNEL32.dll
 0002:00000180       __imp_SetUnhandledExceptionFilter 000000014002c180     kernel32:KERNEL32.dll
 0002:00000188       __imp_InitializeCriticalSectionAndSpinCount 000000014002c188     kernel32:KERNEL32.dll
 0002:00000190       __imp_GetCurrentProcess    000000014002c190     kernel32:KERNEL32.dll
 0002:00000198       __imp_TerminateProcess     000000014002c198     kernel32:KERNEL32.dll
 0002:000001a0       __imp_TlsAlloc             000000014002c1a0     kernel32:KERNEL32.dll
 0002:000001a8       __imp_TlsGetValue          000000014002c1a8     kernel32:KERNEL32.dll
 0002:000001b0       __imp_TlsSetValue          000000014002c1b0     kernel32:KERNEL32.dll
 0002:000001b8       __imp_TlsFree              000000014002c1b8     kernel32:KERNEL32.dll
 0002:000001c0       __imp_GetModuleHandleW     000000014002c1c0     kernel32:KERNEL32.dll
 0002:000001c8       __imp_RtlUnwindEx          000000014002c1c8     kernel32:KERNEL32.dll
 0002:000001d0       __imp_EnterCriticalSection 000000014002c1d0     kernel32:KERNEL32.dll
 0002:000001d8       __imp_LeaveCriticalSection 000000014002c1d8     kernel32:KERNEL32.dll
 0002:000001e0       __imp_GetConsoleCP         000000014002c1e0     kernel32:KERNEL32.dll
 0002:000001e8       __imp_GetConsoleMode       000000014002c1e8     kernel32:KERNEL32.dll
 0002:000001f0       __imp_SetFilePointerEx     000000014002c1f0     kernel32:KERNEL32.dll
 0002:000001f8       __imp_OutputDebugStringW   000000014002c1f8     kernel32:KERNEL32.dll
 0002:00000200       __imp_WaitForSingleObjectEx 000000014002c200     kernel32:KERNEL32.dll
 0002:00000208       __imp_CreateThread         000000014002c208     kernel32:KERNEL32.dll
 0002:00000210       __imp_LoadLibraryExW       000000014002c210     kernel32:KERNEL32.dll
 0002:00000218       __imp_WriteConsoleW        000000014002c218     kernel32:KERNEL32.dll
 0002:00000220       __imp_IsValidCodePage      000000014002c220     kernel32:KERNEL32.dll
 0002:00000228       __imp_GetACP               000000014002c228     kernel32:KERNEL32.dll
 0002:00000230       __imp_GetOEMCP             000000014002c230     kernel32:KERNEL32.dll
 0002:00000238       __imp_GetCPInfo            000000014002c238     kernel32:KERNEL32.dll
 0002:00000240       __imp_HeapFree             000000014002c240     kernel32:KERNEL32.dll
 0002:00000248       __imp_HeapReAlloc          000000014002c248     kernel32:KERNEL32.dll
 0002:00000250       __imp_HeapQueryInformation 000000014002c250     kernel32:KERNEL32.dll
 0002:00000258       __imp_HeapAlloc            000000014002c258     kernel32:KERNEL32.dll
 0002:00000260       __imp_RaiseException       000000014002c260     kernel32:KERNEL32.dll
 0002:00000268       \177KERNEL32_NULL_THUNK_DATA 000000014002c268     kernel32:KERNEL32.dll
 0002:00000270       __imp_ReleaseDC            000000014002c270     User32:USER32.dll
 0002:00000278       __imp_DispatchMessageA     000000014002c278     User32:USER32.dll
 0002:00000280       __imp_PeekMessageA         000000014002c280     User32:USER32.dll
 0002:00000288       __imp_GetClientRect        000000014002c288     User32:USER32.dll
 0002:00000290       __imp_EndPaint             000000014002c290     User32:USER32.dll
 0002:00000298       __imp_BeginPaint           000000014002c298     User32:USER32.dll
 0002:000002a0       __imp_TranslateMessage     000000014002c2a0     User32:USER32.dll
 0002:000002a8       __imp_GetDC                000000014002c2a8     User32:USER32.dll
 0002:000002b0       __imp_CreateWindowExA      000000014002c2b0     User32:USER32.dll
 0002:000002b8       __imp_RegisterClassA       000000014002c2b8     User32:USER32.dll
 0002:000002c0       __imp_DefWindowProcA       000000014002c2c0     User32:USER32.dll
 0002:000002c8       \177USER32_NULL_THUNK_DATA 000000014002c2c8     User32:USER32.dll
 0002:000002d0       __imp_timeEndPeriod        000000014002c2d0     winmm:WINMM.dll
 0002:000002d8       __imp_timeBeginPeriod      000000014002c2d8     winmm:WINMM.dll
 0002:000002e0       \177WINMM_NULL_THUNK_DATA  000000014002c2e0     winmm:WINMM.dll
 0002:000002e8       __xc_a                     000000014002c2e8     LIBCMTD:crt0init.obj
 0002:000002f0       __xc_z                     000000014002c2f0     LIBCMTD:crt0init.obj
 0002:000002f8       __xi_a                     000000014002c2f8     LIBCMTD:crt0init.obj
 0002:00000328       __xi_z                     000000014002c328     LIBCMTD:crt0init.obj
 0002:00000330       __xp_a                     000000014002c330     LIBCMTD:crt0init.obj
 0002:00000350       __xp_z                     000000014002c350     LIBCMTD:crt0init.obj
 0002:00000358       __xt_a                     000000014002c358     LIBCMTD:crt0init.obj
 0002:00000360       __xt_z                     000000014002c360     LIBCMTD:crt0init.obj
 0002:00000468       __real@3f000000            000000014002c468     win32_pong.obj
 0002:0000046c       __real@3f800000            000000014002c46c     win32_pong.obj
 0002:00000470       __real@40000000            000000014002c470     win32_pong.obj
 0002:00000474       __real@41200000            000000014002c474     win32_pong.obj
 0002:00000478       __real@41f00000            000000014002c478     win32_pong.obj
 0002:0000047c       __real@42200000            000000014002c47c     win32_pong.obj
 0002:00000480       __real@42480000            000000014002c480     win32_pong.obj
 0002:00000484       __real@42c80000            000000014002c484     win32_pong.obj
 0002:00000488       __real@447a0000            000000014002c488     win32_pong.obj
 0002:0000048c       __real@5f800000            000000014002c48c     win32_pong.obj
 0002:00000490       __real@bf800000            000000014002c490     win32_pong.obj
 0002:00000498       ??_C@_1CC@MGIEJOME@?$AA?$CI?$AAf?$AAo?$AAr?$AAm?$AAa?$AAt?$AA?5?$AA?$CB?$AA?$DN?$AA?5?$AAN?$AAU?$AAL?$AAL?$AA?$CJ?$AA?$AA@ 000000014002c498     LIBCMTD:vsnprnc.obj
 0002:000004bc       ??_C@_15GANGMFKL@?$AA?$CF?$AAs?$AA?$AA@ 000000014002c4bc     LIBCMTD:vsnprnc.obj
 0002:000004d0       ??_C@_1FE@CKCGICM@?$AAf?$AA?3?$AA?2?$AAd?$AAd?$AA?2?$AAv?$AAc?$AAt?$AAo?$AAo?$AAl?$AAs?$AA?2?$AAc?$AAr?$AAt?$AA?2?$AAc?$AAr?$AAt?$AAw?$AA3?$AA2?$AA?2?$AAs?$AAt?$AAd?$AAi?$AAo?$AA?2?$AAv@ 000000014002c4d0     LIBCMTD:vsnprnc.obj
 0002:00000528       ??_C@_1CE@PCFPEIFI@?$AA_?$AAv?$AAs?$AAn?$AAp?$AAr?$AAi?$AAn?$AAt?$AAf?$AA_?$AAh?$AAe?$AAl?$AAp?$AAe?$AAr?$AA?$AA@ 000000014002c528     LIBCMTD:vsnprnc.obj
 0002:00000550       ??_C@_1EC@FABAOFFO@?$AA?$CI?$AAc?$AAo?$AAu?$AAn?$AAt?$AA?5?$AA?$DN?$AA?$DN?$AA?5?$AA0?$AA?$CJ?$AA?5?$AA?$HM?$AA?$HM?$AA?5?$AA?$CI?$AAs?$AAt?$AAr?$AAi?$AAn?$AAg?$AA?5?$AA?$CB?$AA?$DN?$AA?5?$AAN?$AAU?$AAL?$AAL?$AA?$CJ@ 000000014002c550     LIBCMTD:vsnprnc.obj
 0002:00000598       ??_C@_1BO@MLMCMBKN@?$AAf?$AAo?$AAr?$AAm?$AAa?$AAt?$AA?5?$AA?$CB?$AA?$DN?$AA?5?$AAN?$AAU?$AAL?$AAL?$AA?$AA@ 000000014002c598     LIBCMTD:vsnprnc.obj
 0002:000005b8       ??_C@_1BM@BLJALHEF@?$AA_?$AAv?$AAs?$AAp?$AAr?$AAi?$AAn?$AAt?$AAf?$AA_?$AAs?$AA_?$AAl?$AA?$AA@ 000000014002c5b8     LIBCMTD:vsnprnc.obj
 0002:000005e0       ??_C@_1EE@OKCKIGFK@?$AAs?$AAt?$AAr?$AAi?$AAn?$AAg?$AA?5?$AA?$CB?$AA?$DN?$AA?5?$AAN?$AAU?$AAL?$AAL?$AA?5?$AA?$CG?$AA?$CG?$AA?5?$AAs?$AAi?$AAz?$AAe?$AAI?$AAn?$AAB?$AAy?$AAt?$AAe?$AAs?$AA?5?$AA?$DO?$AA?5@ 000000014002c5e0     LIBCMTD:vsnprnc.obj
 0002:00000628       ??_C@_1DA@HPBFKMEB@?$AA?$CI?$AA?$CC?$AAB?$AAu?$AAf?$AAf?$AAe?$AAr?$AA?5?$AAt?$AAo?$AAo?$AA?5?$AAs?$AAm?$AAa?$AAl?$AAl?$AA?$CC?$AA?0?$AA?5?$AA0?$AA?$CJ?$AA?$AA@ 000000014002c628     LIBCMTD:vsnprnc.obj
 0002:00000658       ??_C@_1BO@MMPELNIM@?$AA_?$AAv?$AAs?$AAn?$AAp?$AAr?$AAi?$AAn?$AAt?$AAf?$AA_?$AAs?$AA_?$AAl?$AA?$AA@ 000000014002c658     LIBCMTD:vsnprnc.obj
 0002:00000678       ??_C@_06OJDGOBKJ@floorf?$AA@ 000000014002c678     LIBCMTD:floorf.obj
 0002:00000680       _FPinit                    000000014002c680     LIBCMTD:fpinit.obj
 0002:000006f8       ??_C@_1BI@MFCLPIBM@?$AAs?$AAt?$AAr?$AA?5?$AA?$CB?$AA?$DN?$AA?5?$AAN?$AAU?$AAL?$AAL?$AA?$AA@ 000000014002c6f8     LIBCMTD:_flsbuf.obj
 0002:00000710       ??_C@_1FC@OBEHAONE@?$AAf?$AA?3?$AA?2?$AAd?$AAd?$AA?2?$AAv?$AAc?$AAt?$AAo?$AAo?$AAl?$AAs?$AA?2?$AAc?$AAr?$AAt?$AA?2?$AAc?$AAr?$AAt?$AAw?$AA3?$AA2?$AA?2?$AAs?$AAt?$AAd?$AAi?$AAo?$AA?2?$AA_@ 000000014002c710     LIBCMTD:_flsbuf.obj
 0002:00000770       ??_C@_1HO@MLMGPAFH@?$AA?$CI?$AA?$CC?$AAi?$AAn?$AAc?$AAo?$AAn?$AAs?$AAi?$AAs?$AAt?$AAe?$AAn?$AAt?$AA?5?$AAI?$AAO?$AAB?$AA?5?$AAf?$AAi?$AAe?$AAl?$AAd?$AAs?$AA?$CC?$AA?0?$AA?5?$AAs?$AAt?$AAr?$AAe@ 000000014002c770     LIBCMTD:_flsbuf.obj
 0002:00000808       ??_C@_1BA@GLMCNLEM@?$AAW?$AAa?$AAr?$AAn?$AAi?$AAn?$AAg?$AA?$AA@ 000000014002c808     LIBCMTD:dbgrptw.obj
 0002:00000818       ??_C@_1M@ILHOPKA@?$AAE?$AAr?$AAr?$AAo?$AAr?$AA?$AA@ 000000014002c818     LIBCMTD:dbgrptw.obj
 0002:00000828       ??_C@_1CC@CGHMNGDG@?$AAA?$AAs?$AAs?$AAe?$AAr?$AAt?$AAi?$AAo?$AAn?$AA?5?$AAF?$AAa?$AAi?$AAl?$AAe?$AAd?$AA?$AA@ 000000014002c828     LIBCMTD:dbgrptw.obj
 0002:00000850       ??_C@_17LGKOMLJ@?$AA?4?$AA?4?$AA?4?$AA?$AA@ 000000014002c850     LIBCMTD:dbgrptw.obj
 0002:00000860       ??_C@_1EO@JACJHHCK@?$AAf?$AA?3?$AA?2?$AAd?$AAd?$AA?2?$AAv?$AAc?$AAt?$AAo?$AAo?$AAl?$AAs?$AA?2?$AAc?$AAr?$AAt?$AA?2?$AAc?$AAr?$AAt?$AAw?$AA3?$AA2?$AA?2?$AAm?$AAi?$AAs?$AAc?$AA?2?$AAd?$AAb@ 000000014002c860     LIBCMTD:dbgrptw.obj
 0002:000008b0       ??_C@_1CI@PGJIFDEK@?$AA_?$AA_?$AAc?$AAr?$AAt?$AAM?$AAe?$AAs?$AAs?$AAa?$AAg?$AAe?$AAW?$AAi?$AAn?$AAd?$AAo?$AAw?$AAW?$AA?$AA@ 000000014002c8b0     LIBCMTD:dbgrptw.obj
 0002:000008e0       ??_C@_1GI@DEDNNLCI@?$AAw?$AAc?$AAs?$AAc?$AAp?$AAy?$AA_?$AAs?$AA?$CI?$AAs?$AAz?$AAE?$AAx?$AAe?$AAN?$AAa?$AAm?$AAe?$AA?0?$AA?5?$AA2?$AA6?$AA0?$AA?0?$AA?5?$AAL?$AA?$CC?$AA?$DM?$AAp?$AAr?$AAo?$AAg@ 000000014002c8e0     LIBCMTD:dbgrptw.obj
 0002:00000948       ??_C@_1CO@EAEJAADC@?$AA?$DM?$AAp?$AAr?$AAo?$AAg?$AAr?$AAa?$AAm?$AA?5?$AAn?$AAa?$AAm?$AAe?$AA?5?$AAu?$AAn?$AAk?$AAn?$AAo?$AAw?$AAn?$AA?$DO?$AA?$AA@ 000000014002c948     LIBCMTD:dbgrptw.obj
 0002:00000980       ??_C@_1NO@LECLLHOL@?$AAm?$AAe?$AAm?$AAc?$AAp?$AAy?$AA_?$AAs?$AA?$CI?$AAs?$AAz?$AAS?$AAh?$AAo?$AAr?$AAt?$AAP?$AAr?$AAo?$AAg?$AAN?$AAa?$AAm?$AAe?$AA?0?$AA?5?$AAs?$AAi?$AAz?$AAe?$AAo?$AAf@ 000000014002c980     LIBCMTD:dbgrptw.obj
 0002:00000a60       ??_C@_1OG@PMPPFHAF@?$AA?6?$AA?6?$AAF?$AAo?$AAr?$AA?5?$AAi?$AAn?$AAf?$AAo?$AAr?$AAm?$AAa?$AAt?$AAi?$AAo?$AAn?$AA?5?$AAo?$AAn?$AA?5?$AAh?$AAo?$AAw?$AA?5?$AAy?$AAo?$AAu?$AAr?$AA?5?$AAp?$AAr@ 000000014002ca60     LIBCMTD:dbgrptw.obj
 0002:00000b48       ??_C@_11LOCGONAA@?$AA?$AA@ 000000014002cb48     LIBCMTD:dbgrptw.obj
 0002:00000b50       ??_C@_1BK@PEDCIPMA@?$AAE?$AAx?$AAp?$AAr?$AAe?$AAs?$AAs?$AAi?$AAo?$AAn?$AA?3?$AA?5?$AA?$AA@ 000000014002cb50     LIBCMTD:dbgrptw.obj
 0002:00000b6c       ??_C@_15IABLJNFO@?$AA?6?$AA?6?$AA?$AA@ 000000014002cb6c     LIBCMTD:dbgrptw.obj
 0002:00000b78       ??_C@_1BA@GLLGCPCK@?$AA?6?$AAL?$AAi?$AAn?$AAe?$AA?3?$AA?5?$AA?$AA@ 000000014002cb78     LIBCMTD:dbgrptw.obj
 0002:00000b88       ??_C@_1BA@LNHECFIM@?$AA?6?$AAF?$AAi?$AAl?$AAe?$AA?3?$AA?5?$AA?$AA@ 000000014002cb88     LIBCMTD:dbgrptw.obj
 0002:00000b98       ??_C@_1BE@CGCJKGHI@?$AA?6?$AAM?$AAo?$AAd?$AAu?$AAl?$AAe?$AA?3?$AA?5?$AA?$AA@ 000000014002cb98     LIBCMTD:dbgrptw.obj
 0002:00000bb0       ??_C@_1KM@HNMIBKJH@?$AAD?$AAe?$AAb?$AAu?$AAg?$AA?5?$AA?$CF?$AAs?$AA?$CB?$AA?6?$AA?6?$AAP?$AAr?$AAo?$AAg?$AAr?$AAa?$AAm?$AA?3?$AA?5?$AA?$CF?$AAs?$AA?$CF?$AAs?$AA?$CF?$AAs?$AA?$CF?$AAs?$AA?$CF?$AAs?$AA?$CF?$AAs@ 000000014002cbb0     LIBCMTD:dbgrptw.obj
 0002:00000c60       ??_C@_1BI@KALLJECN@?$AA?$CI?$AA?$CK?$AA_?$AAe?$AAr?$AAr?$AAn?$AAo?$AA?$CI?$AA?$CJ?$AA?$CJ?$AA?$AA@ 000000014002cc60     LIBCMTD:dbgrptw.obj
 0002:00000c80       ??_C@_1JI@EACPGHID@?$AAw?$AAc?$AAs?$AAc?$AAp?$AAy?$AA_?$AAs?$AA?$CI?$AAs?$AAz?$AAO?$AAu?$AAt?$AAM?$AAe?$AAs?$AAs?$AAa?$AAg?$AAe?$AA?0?$AA?5?$AA4?$AA0?$AA9?$AA6?$AA?0?$AA?5?$AAL?$AA?$CC?$AA_@ 000000014002cc80     LIBCMTD:dbgrptw.obj
 0002:00000d20       ??_C@_1FG@BBOLDHGF@?$AA_?$AAC?$AAr?$AAt?$AAD?$AAb?$AAg?$AAR?$AAe?$AAp?$AAo?$AAr?$AAt?$AA?3?$AA?5?$AAS?$AAt?$AAr?$AAi?$AAn?$AAg?$AA?5?$AAt?$AAo?$AAo?$AA?5?$AAl?$AAo?$AAn?$AAg?$AA?5?$AAo@ 000000014002cd20     LIBCMTD:dbgrptw.obj
 0002:00000d80       ??_C@_1EK@MBDPDCGA@?$AAM?$AAi?$AAc?$AAr?$AAo?$AAs?$AAo?$AAf?$AAt?$AA?5?$AAV?$AAi?$AAs?$AAu?$AAa?$AAl?$AA?5?$AAC?$AA?$CL?$AA?$CL?$AA?5?$AAR?$AAu?$AAn?$AAt?$AAi?$AAm?$AAe?$AA?5?$AAL?$AAi?$AAb@ 000000014002cd80     LIBCMTD:dbgrptw.obj
 0002:00000dcc       ??_C@_06OJHGLDPL@?$CInull?$CJ?$AA@ 000000014002cdcc     LIBCMTD:output.obj
 0002:00000dd8       ??_C@_1O@CEDCILHN@?$AA?$CI?$AAn?$AAu?$AAl?$AAl?$AA?$CJ?$AA?$AA@ 000000014002cdd8     LIBCMTD:output.obj
 0002:00000df0       __lookuptable              000000014002cdf0     LIBCMTD:output.obj
 0002:00000e50       ??_C@_1CC@FADMNIL@?$AA?$CI?$AAs?$AAt?$AAr?$AAe?$AAa?$AAm?$AA?5?$AA?$CB?$AA?$DN?$AA?5?$AAN?$AAU?$AAL?$AAL?$AA?$CJ?$AA?$AA@ 000000014002ce50     LIBCMTD:output.obj
 0002:00000e80       ??_C@_1FA@KMIJDCIC@?$AAf?$AA?3?$AA?2?$AAd?$AAd?$AA?2?$AAv?$AAc?$AAt?$AAo?$AAo?$AAl?$AAs?$AA?2?$AAc?$AAr?$AAt?$AA?2?$AAc?$AAr?$AAt?$AAw?$AA3?$AA2?$AA?2?$AAs?$AAt?$AAd?$AAi?$AAo?$AA?2?$AAo@ 000000014002ce80     LIBCMTD:output.obj
 0002:00000ed0       ??_C@_1BAA@ODEGEDCK@?$AA?$CI?$AA?5?$AA?$CI?$AA_?$AAS?$AAt?$AAr?$AAe?$AAa?$AAm?$AA?9?$AA?$DO?$AA_?$AAf?$AAl?$AAa?$AAg?$AA?5?$AA?$CG?$AA?5?$AA_?$AAI?$AAO?$AAS?$AAT?$AAR?$AAG?$AA?$CJ?$AA?5?$AA?$HM?$AA?$HM?$AA?5@ 000000014002ced0     LIBCMTD:output.obj
 0002:00000fd0       ??_C@_1CC@IFFHEMNF@?$AA?$CI?$AAc?$AAh?$AA?5?$AA?$CB?$AA?$DN?$AA?5?$AA_?$AAT?$AA?$CI?$AA?8?$AA?2?$AA0?$AA?8?$AA?$CJ?$AA?$CJ?$AA?$AA@ 000000014002cfd0     LIBCMTD:output.obj
 0002:00001000       ??_C@_1EK@PNGFDECN@?$AA?$CI?$AA?$CC?$AA?8?$AAn?$AA?8?$AA?5?$AAf?$AAo?$AAr?$AAm?$AAa?$AAt?$AA?5?$AAs?$AAp?$AAe?$AAc?$AAi?$AAf?$AAi?$AAe?$AAr?$AA?5?$AAd?$AAi?$AAs?$AAa?$AAb?$AAl?$AAe?$AAd?$AA?$CC@ 000000014002d000     LIBCMTD:output.obj
 0002:00001050       ??_C@_0CI@CMOPBIOD@f?3?2dd?2vctools?2crt?2crtw32?2stdio?2o@ 000000014002d050     LIBCMTD:output.obj
 0002:00001080       __lookuptable_s            000000014002d080     LIBCMTD:outputs.obj
 0002:000010e0       ??_C@_1BI@COFBLHCG@?$AA_?$AAo?$AAu?$AAt?$AAp?$AAu?$AAt?$AA_?$AAs?$AA_?$AAl?$AA?$AA@ 000000014002d0e0     LIBCMTD:outputs.obj
 0002:00001100       ??_C@_1EE@DMAIGNBG@?$AA?$CI?$AA?$CC?$AAI?$AAn?$AAc?$AAo?$AAr?$AAr?$AAe?$AAc?$AAt?$AA?5?$AAf?$AAo?$AAr?$AAm?$AAa?$AAt?$AA?5?$AAs?$AAp?$AAe?$AAc?$AAi?$AAf?$AAi?$AAe?$AAr?$AA?$CC?$AA?0?$AA?5?$AA0@ 000000014002d100     LIBCMTD:outputs.obj
 0002:00001150       ??_C@_1FK@LNCFKALM@?$AA?$CI?$AA?$CI?$AAs?$AAt?$AAa?$AAt?$AAe?$AA?5?$AA?$DN?$AA?$DN?$AA?5?$AAS?$AAT?$AA_?$AAN?$AAO?$AAR?$AAM?$AAA?$AAL?$AA?$CJ?$AA?5?$AA?$HM?$AA?$HM?$AA?5?$AA?$CI?$AAs?$AAt?$AAa?$AAt?$AAe?$AA?5@ 000000014002d150     LIBCMTD:outputs.obj
 0002:000011d8       ??_C@_04HJMOFLDF@Free?$AA@ 000000014002d1d8     LIBCMTD:dbgheap.obj
 0002:000011e0       ??_C@_06EFAGIKOH@Normal?$AA@ 000000014002d1e0     LIBCMTD:dbgheap.obj
 0002:000011e8       ??_C@_03OGPFLFLO@CRT?$AA@  000000014002d1e8     LIBCMTD:dbgheap.obj
 0002:000011ec       ??_C@_06KMEJCCGM@Ignore?$AA@ 000000014002d1ec     LIBCMTD:dbgheap.obj
 0002:000011f4       ??_C@_06PJIGMIJB@Client?$AA@ 000000014002d1f4     LIBCMTD:dbgheap.obj
 0002:00001200       ??_C@_1CE@LJFEPPMP@?$AA_?$AAC?$AAr?$AAt?$AAC?$AAh?$AAe?$AAc?$AAk?$AAM?$AAe?$AAm?$AAo?$AAr?$AAy?$AA?$CI?$AA?$CJ?$AA?$AA@ 000000014002d200     LIBCMTD:dbgheap.obj
 0002:00001230       ??_C@_1FA@JKEKCOIC@?$AAf?$AA?3?$AA?2?$AAd?$AAd?$AA?2?$AAv?$AAc?$AAt?$AAo?$AAo?$AAl?$AAs?$AA?2?$AAc?$AAr?$AAt?$AA?2?$AAc?$AAr?$AAt?$AAw?$AA3?$AA2?$AA?2?$AAm?$AAi?$AAs?$AAc?$AA?2?$AAd?$AAb@ 000000014002d230     LIBCMTD:dbgheap.obj
 0002:00001280       ??_C@_0DF@BBEGIFEK@Client?5hook?5allocation?5failure?5a@ 000000014002d280     LIBCMTD:dbgheap.obj
 0002:000012b8       ??_C@_0CB@CCLOLAHO@Client?5hook?5allocation?5failure?4?6@ 000000014002d2b8     LIBCMTD:dbgheap.obj
 0002:000012dc       ??_C@_02DKCKIIND@?$CFs?$AA@ 000000014002d2dc     LIBCMTD:dbgheap.obj
 0002:000012e0       ??_C@_0CF@BICKFLAF@Invalid?5allocation?5size?3?5?$CFIu?5byt@ 000000014002d2e0     LIBCMTD:dbgheap.obj
 0002:00001308       ??_C@_0DC@JEMAGEKG@Error?3?5memory?5allocation?3?5bad?5me@ 000000014002d308     LIBCMTD:dbgheap.obj
 0002:00001340       ??_C@_0DI@KKJPDPGM@Client?5hook?5re?9allocation?5failur@ 000000014002d340     LIBCMTD:dbgheap.obj
 0002:00001378       ??_C@_0CE@DOFMDOL@Client?5hook?5re?9allocation?5failur@ 000000014002d378     LIBCMTD:dbgheap.obj
 0002:000013a0       ??_C@_0ED@GPCPBAGP@Invalid?5allocation?5size?3?5?$CFIu?5byt@ 000000014002d3a0     LIBCMTD:dbgheap.obj
 0002:000013f0       ??_C@_0FA@EFEIGJKG@Error?3?5memory?5allocation?3?5bad?5me@ 000000014002d3f0     LIBCMTD:dbgheap.obj
 0002:00001440       ??_C@_0EM@LGFLMAGJ@The?5Block?5at?50x?$CFp?5was?5allocated?5@ 000000014002d440     LIBCMTD:dbgheap.obj
 0002:00001490       ??_C@_1EE@GFOPCECE@?$AA_?$AAC?$AAr?$AAt?$AAI?$AAs?$AAV?$AAa?$AAl?$AAi?$AAd?$AAH?$AAe?$AAa?$AAp?$AAP?$AAo?$AAi?$AAn?$AAt?$AAe?$AAr?$AA?$CI?$AAp?$AAU?$AAs?$AAe?$AAr?$AAD?$AAa?$AAt?$AAa@ 000000014002d490     LIBCMTD:dbgheap.obj
 0002:000014e0       ??_C@_1IK@DCPKDGNH@?$AAp?$AAO?$AAl?$AAd?$AAB?$AAl?$AAo?$AAc?$AAk?$AA?9?$AA?$DO?$AAn?$AAL?$AAi?$AAn?$AAe?$AA?5?$AA?$DN?$AA?$DN?$AA?5?$AAI?$AAG?$AAN?$AAO?$AAR?$AAE?$AA_?$AAL?$AAI?$AAN?$AAE?$AA?5@ 000000014002d4e0     LIBCMTD:dbgheap.obj
 0002:00001570       ??_C@_0DA@HFBKENN@Error?3?5possible?5heap?5corruption?5@ 000000014002d570     LIBCMTD:dbgheap.obj
 0002:000015a0       ??_C@_1GE@PCKLOLAO@?$AAf?$AAR?$AAe?$AAa?$AAl?$AAl?$AAo?$AAc?$AA?5?$AA?$HM?$AA?$HM?$AA?5?$AA?$CI?$AA?$CB?$AAf?$AAR?$AAe?$AAa?$AAl?$AAl?$AAo?$AAc?$AA?5?$AA?$CG?$AA?$CG?$AA?5?$AAp?$AAN?$AAe?$AAw?$AAB?$AAl@ 000000014002d5a0     LIBCMTD:dbgheap.obj
 0002:00001608       ??_C@_1DC@GEFKNOOL@?$AA_?$AAp?$AAL?$AAa?$AAs?$AAt?$AAB?$AAl?$AAo?$AAc?$AAk?$AA?5?$AA?$DN?$AA?$DN?$AA?5?$AAp?$AAO?$AAl?$AAd?$AAB?$AAl?$AAo?$AAc?$AAk?$AA?$AA@ 000000014002d608     LIBCMTD:dbgheap.obj
 0002:00001640       ??_C@_1DE@KOOKLFBB@?$AA_?$AAp?$AAF?$AAi?$AAr?$AAs?$AAt?$AAB?$AAl?$AAo?$AAc?$AAk?$AA?5?$AA?$DN?$AA?$DN?$AA?5?$AAp?$AAO?$AAl?$AAd?$AAB?$AAl?$AAo?$AAc?$AAk?$AA?$AA@ 000000014002d640     LIBCMTD:dbgheap.obj
 0002:00001678       ??_C@_1CE@CJACEFBA@?$AAp?$AAU?$AAs?$AAe?$AAr?$AAD?$AAa?$AAt?$AAa?$AA?5?$AA?$CB?$AA?$DN?$AA?5?$AAN?$AAU?$AAL?$AAL?$AA?$AA@ 000000014002d678     LIBCMTD:dbgheap.obj
 0002:000016a0       ??_C@_0EJ@HEIBCIMJ@The?5Block?5at?50x?$CFp?5was?5allocated?5@ 000000014002d6a0     LIBCMTD:dbgheap.obj
 0002:000016f0       ??_C@_0BL@KEIPLFAC@Client?5hook?5free?5failure?4?6?$AA@ 000000014002d6f0     LIBCMTD:dbgheap.obj
 0002:00001710       ??_C@_1EO@LHDAJOCM@?$AA_?$AAB?$AAL?$AAO?$AAC?$AAK?$AA_?$AAT?$AAY?$AAP?$AAE?$AA_?$AAI?$AAS?$AA_?$AAV?$AAA?$AAL?$AAI?$AAD?$AA?$CI?$AAp?$AAH?$AAe?$AAa?$AAd?$AA?9?$AA?$DO?$AAn?$AAB?$AAl?$AAo@ 000000014002d710     LIBCMTD:dbgheap.obj
 0002:00001760       ??_C@_0KI@JGFOHMEB@HEAP?5CORRUPTION?5DETECTED?3?5before@ 000000014002d760     LIBCMTD:dbgheap.obj
 0002:00001810       ??_C@_0IK@PJCGLBOB@HEAP?5CORRUPTION?5DETECTED?3?5before@ 000000014002d810     LIBCMTD:dbgheap.obj
 0002:000018a0       ??_C@_0KE@MBMNHHHN@HEAP?5CORRUPTION?5DETECTED?3?5after?5@ 000000014002d8a0     LIBCMTD:dbgheap.obj
 0002:00001950       ??_C@_0IG@LEMBDCJK@HEAP?5CORRUPTION?5DETECTED?3?5after?5@ 000000014002d950     LIBCMTD:dbgheap.obj
 0002:000019e0       ??_C@_1HK@HPCBMDFG@?$AAp?$AAH?$AAe?$AAa?$AAd?$AA?9?$AA?$DO?$AAn?$AAL?$AAi?$AAn?$AAe?$AA?5?$AA?$DN?$AA?$DN?$AA?5?$AAI?$AAG?$AAN?$AAO?$AAR?$AAE?$AA_?$AAL?$AAI?$AAN?$AAE?$AA?5?$AA?$CG?$AA?$CG?$AA?5?$AAp@ 000000014002d9e0     LIBCMTD:dbgheap.obj
 0002:00001a60       ??_C@_1DM@ODCJIDCP@?$AAp?$AAH?$AAe?$AAa?$AAd?$AA?9?$AA?$DO?$AAn?$AAB?$AAl?$AAo?$AAc?$AAk?$AAU?$AAs?$AAe?$AA?5?$AA?$DN?$AA?$DN?$AA?5?$AAn?$AAB?$AAl?$AAo?$AAc?$AAk?$AAU?$AAs?$AAe?$AA?$AA@ 000000014002da60     LIBCMTD:dbgheap.obj
 0002:00001aa0       ??_C@_1CK@DMAGEMBG@?$AA_?$AAp?$AAL?$AAa?$AAs?$AAt?$AAB?$AAl?$AAo?$AAc?$AAk?$AA?5?$AA?$DN?$AA?$DN?$AA?5?$AAp?$AAH?$AAe?$AAa?$AAd?$AA?$AA@ 000000014002daa0     LIBCMTD:dbgheap.obj
 0002:00001ad0       ??_C@_1CM@MMAADDMD@?$AA_?$AAp?$AAF?$AAi?$AAr?$AAs?$AAt?$AAB?$AAl?$AAo?$AAc?$AAk?$AA?5?$AA?$DN?$AA?$DN?$AA?5?$AAp?$AAH?$AAe?$AAa?$AAd?$AA?$AA@ 000000014002dad0     LIBCMTD:dbgheap.obj
 0002:00001b00       ??_C@_1BG@MBKOGDLD@?$AA_?$AAm?$AAs?$AAi?$AAz?$AAe?$AA_?$AAd?$AAb?$AAg?$AA?$AA@ 000000014002db00     LIBCMTD:dbgheap.obj
 0002:00001b18       ??_C@_0CE@MKKHMBMK@_heapchk?5fails?5with?5_HEAPBADBEGI@ 000000014002db18     LIBCMTD:dbgheap.obj
 0002:00001b40       ??_C@_0CD@CPKEAPBD@_heapchk?5fails?5with?5_HEAPBADNODE@ 000000014002db40     LIBCMTD:dbgheap.obj
 0002:00001b68       ??_C@_0CC@MJGLGBDG@_heapchk?5fails?5with?5_HEAPBADEND?4@ 000000014002db68     LIBCMTD:dbgheap.obj
 0002:00001b90       ??_C@_0CC@MFFCHFHO@_heapchk?5fails?5with?5_HEAPBADPTR?4@ 000000014002db90     LIBCMTD:dbgheap.obj
 0002:00001bb8       ??_C@_0CL@HNNNMKMJ@_heapchk?5fails?5with?5unknown?5retu@ 000000014002dbb8     LIBCMTD:dbgheap.obj
 0002:00001be8       ??_C@_07OHKEFPKJ@DAMAGED?$AA@ 000000014002dbe8     LIBCMTD:dbgheap.obj
 0002:00001bf0       ??_C@_0KA@IHNJJKPL@HEAP?5CORRUPTION?5DETECTED?3?5on?5top@ 000000014002dbf0     LIBCMTD:dbgheap.obj
 0002:00001c90       ??_C@_0IC@BBJIOOJH@HEAP?5CORRUPTION?5DETECTED?3?5on?5top@ 000000014002dc90     LIBCMTD:dbgheap.obj
 0002:00001d20       ??_C@_0EG@DGJMPDBH@?$CFhs?5located?5at?50x?$CFp?5is?5?$CFIu?5bytes@ 000000014002dd20     LIBCMTD:dbgheap.obj
 0002:00001d68       ??_C@_0CI@JMLBEDHJ@?$CFhs?5located?5at?50x?$CFp?5is?5?$CFIu?5bytes@ 000000014002dd68     LIBCMTD:dbgheap.obj
 0002:00001d90       ??_C@_1BHO@NNANJNF@?$AA?$CI?$AAf?$AAN?$AAe?$AAw?$AAB?$AAi?$AAt?$AAs?$AA?$DN?$AA?$DN?$AA_?$AAC?$AAR?$AAT?$AAD?$AAB?$AAG?$AA_?$AAR?$AAE?$AAP?$AAO?$AAR?$AAT?$AA_?$AAF?$AAL?$AAA?$AAG?$AA?$CJ?$AA?5@ 000000014002dd90     LIBCMTD:dbgheap.obj
 0002:00001f10       ??_C@_1BO@GJFDNMNF@?$AA_?$AAC?$AAr?$AAt?$AAS?$AAe?$AAt?$AAD?$AAb?$AAg?$AAF?$AAl?$AAa?$AAg?$AA?$AA@ 000000014002df10     LIBCMTD:dbgheap.obj
 0002:00001f30       ??_C@_1BM@MIMANDHC@?$AAs?$AAt?$AAa?$AAt?$AAe?$AA?5?$AA?$CB?$AA?$DN?$AA?5?$AAN?$AAU?$AAL?$AAL?$AA?$AA@ 000000014002df30     LIBCMTD:dbgheap.obj
 0002:00001f50       ??_C@_1CE@NJJKELF@?$AA_?$AAC?$AAr?$AAt?$AAM?$AAe?$AAm?$AAC?$AAh?$AAe?$AAc?$AAk?$AAp?$AAo?$AAi?$AAn?$AAt?$AA?$AA@ 000000014002df50     LIBCMTD:dbgheap.obj
 0002:00001f78       ??_C@_0DP@LEFMFBOD@Bad?5memory?5block?5found?5at?50x?$CFp?4?6@ 000000014002df78     LIBCMTD:dbgheap.obj
 0002:00001fb8       ??_C@_0CB@EAAIGELO@Bad?5memory?5block?5found?5at?50x?$CFp?4?6@ 000000014002dfb8     LIBCMTD:dbgheap.obj
 0002:00001fdc       ??_C@_05MKKEDADM@?$CF?42X?5?$AA@ 000000014002dfdc     LIBCMTD:dbgheap.obj
 0002:00001fe8       ??_C@_1CG@LPFIACGM@?$AA_?$AAp?$AAr?$AAi?$AAn?$AAt?$AAM?$AAe?$AAm?$AAB?$AAl?$AAo?$AAc?$AAk?$AAD?$AAa?$AAt?$AAa?$AA?$AA@ 000000014002dfe8     LIBCMTD:dbgheap.obj
 0002:00002010       ??_C@_0BA@HJBKCELP@?5Data?3?5?$DM?$CFs?$DO?5?$CFs?6?$AA@ 000000014002e010     LIBCMTD:dbgheap.obj
 0002:00002020       ??_C@_0BE@KCIPKCIA@Dumping?5objects?5?9?$DO?6?$AA@ 000000014002e020     LIBCMTD:dbgheap.obj
 0002:00002038       ??_C@_0BE@OIEFNFL@?$CDFile?5Error?$CD?$CI?$CFd?$CJ?5?3?5?$AA@ 000000014002e038     LIBCMTD:dbgheap.obj
 0002:00002050       ??_C@_0L@JMEFFCCJ@?$CFhs?$CI?$CFd?$CJ?5?3?5?$AA@ 000000014002e050     LIBCMTD:dbgheap.obj
 0002:0000205c       ??_C@_06PKLGBFGM@?$HL?$CFld?$HN?5?$AA@ 000000014002e05c     LIBCMTD:dbgheap.obj
 0002:00002068       ??_C@_0DD@GHNAAKBB@client?5block?5at?50x?$CFp?0?5subtype?5?$CFx@ 000000014002e068     LIBCMTD:dbgheap.obj
 0002:000020a0       ??_C@_0CH@FAGDDGPN@normal?5block?5at?50x?$CFp?0?5?$CFIu?5bytes?5@ 000000014002e0a0     LIBCMTD:dbgheap.obj
 0002:000020c8       ??_C@_0DA@MDLBNIBM@crt?5block?5at?50x?$CFp?0?5subtype?5?$CFx?0?5?$CF@ 000000014002e0c8     LIBCMTD:dbgheap.obj
 0002:000020f8       ??_C@_0BH@GFGKJDCO@Object?5dump?5complete?4?6?$AA@ 000000014002e0f8     LIBCMTD:dbgheap.obj
 0002:00002110       ??_C@_0BI@JBFPOEJA@Detected?5memory?5leaks?$CB?6?$AA@ 000000014002e110     LIBCMTD:dbgheap.obj
 0002:00002138       ??_C@_1BI@ICGGMGLK@?$AAb?$AAu?$AAf?$AA?5?$AA?$CB?$AA?$DN?$AA?5?$AAN?$AAU?$AAL?$AAL?$AA?$AA@ 000000014002e138     LIBCMTD:cvt.obj
 0002:00002150       ??_C@_1EG@OHONNKNN@?$AAf?$AA?3?$AA?2?$AAd?$AAd?$AA?2?$AAv?$AAc?$AAt?$AAo?$AAo?$AAl?$AAs?$AA?2?$AAc?$AAr?$AAt?$AA?2?$AAf?$AAp?$AAw?$AA3?$AA2?$AA?2?$AAc?$AAo?$AAn?$AAv?$AA?2?$AAc?$AAv?$AAt@ 000000014002e150     LIBCMTD:cvt.obj
 0002:00002198       ??_C@_1BE@OLBNEILL@?$AA_?$AAc?$AAf?$AAt?$AAo?$AAe?$AA2?$AA_?$AAl?$AA?$AA@ 000000014002e198     LIBCMTD:cvt.obj
 0002:000021b0       ??_C@_1CA@CBMNPEO@?$AAs?$AAi?$AAz?$AAe?$AAI?$AAn?$AAB?$AAy?$AAt?$AAe?$AAs?$AA?5?$AA?$DO?$AA?5?$AA0?$AA?$AA@ 000000014002e1b0     LIBCMTD:cvt.obj
 0002:000021d0       ??_C@_1HE@NACBNDPP@?$AAs?$AAi?$AAz?$AAe?$AAI?$AAn?$AAB?$AAy?$AAt?$AAe?$AAs?$AA?5?$AA?$DO?$AA?5?$AA?$CI?$AAs?$AAi?$AAz?$AAe?$AA_?$AAt?$AA?$CJ?$AA?$CI?$AA3?$AA?5?$AA?$CL?$AA?5?$AA?$CI?$AAn?$AAd?$AAe?$AAc@ 000000014002e1d0     LIBCMTD:cvt.obj
 0002:00002250       ??_C@_1LE@EOIFGNCJ@?$AAs?$AAt?$AAr?$AAc?$AAp?$AAy?$AA_?$AAs?$AA?$CI?$AAp?$AA?0?$AA?5?$AA?$CI?$AAs?$AAi?$AAz?$AAe?$AAI?$AAn?$AAB?$AAy?$AAt?$AAe?$AAs?$AA?5?$AA?$DN?$AA?$DN?$AA?5?$AA?$CI?$AAs?$AAi?$AAz@ 000000014002e250     LIBCMTD:cvt.obj
 0002:00002304       ??_C@_05KLBDPFGC@e?$CL000?$AA@ 000000014002e304     LIBCMTD:cvt.obj
 0002:00002310       ??_C@_1BC@INKAPMHI@?$AA_?$AAc?$AAf?$AAt?$AAo?$AAe?$AA_?$AAl?$AA?$AA@ 000000014002e310     LIBCMTD:cvt.obj
 0002:00002328       ??_C@_1BC@JOKPCIC@?$AA_?$AAc?$AAf?$AAt?$AAo?$AAa?$AA_?$AAl?$AA?$AA@ 000000014002e328     LIBCMTD:cvt.obj
 0002:00002340       ??_C@_1FC@IKIMAMJB@?$AAs?$AAi?$AAz?$AAe?$AAI?$AAn?$AAB?$AAy?$AAt?$AAe?$AAs?$AA?5?$AA?$DO?$AA?5?$AA?$CI?$AAs?$AAi?$AAz?$AAe?$AA_?$AAt?$AA?$CJ?$AA?$CI?$AA1?$AA?5?$AA?$CL?$AA?5?$AA4?$AA?5?$AA?$CL?$AA?5?$AAn@ 000000014002e340     LIBCMTD:cvt.obj
 0002:00002398       ??_C@_1BE@CKPDLI@?$AA_?$AAc?$AAf?$AAt?$AAo?$AAf?$AA2?$AA_?$AAl?$AA?$AA@ 000000014002e398     LIBCMTD:cvt.obj
 0002:000023b0       ??_C@_1BC@DCPPLJL@?$AA_?$AAc?$AAf?$AAt?$AAo?$AAf?$AA_?$AAl?$AA?$AA@ 000000014002e3b0     LIBCMTD:cvt.obj
 0002:000023c8       ??_C@_1BC@MPIFPLAF@?$AA_?$AAc?$AAf?$AAt?$AAo?$AAg?$AA_?$AAl?$AA?$AA@ 000000014002e3c8     LIBCMTD:cvt.obj
 0002:000023e0       __real@0000000000000000    000000014002e3e0     LIBCMTD:cvt.obj
 0002:000023f0       _XcptActTab                000000014002e3f0     LIBCMTD:winxfltr.obj
 0002:000024b0       _XcptActTabCount           000000014002e4b0     LIBCMTD:winxfltr.obj
 0002:000024b4       _XcptActTabSize            000000014002e4b4     LIBCMTD:winxfltr.obj
 0002:000024b8       _First_FPE_Indx            000000014002e4b8     LIBCMTD:winxfltr.obj
 0002:000024bc       _Num_FPE                   000000014002e4bc     LIBCMTD:winxfltr.obj
 0002:000024c0       ??_C@_0CM@KPPOKOAI@f?3?2dd?2vctools?2crt?2crtw32?2startup@ 000000014002e4c0     LIBCMTD:tidtable.obj
 0002:000024f0       ??_C@_1BI@BGOHAHKC@?$AAm?$AAs?$AAc?$AAo?$AAr?$AAe?$AAe?$AA?4?$AAd?$AAl?$AAl?$AA?$AA@ 000000014002e4f0     LIBCMTD:crt0dat.obj
 0002:00002508       ??_C@_0P@MIGLKIOC@CorExitProcess?$AA@ 000000014002e508     LIBCMTD:crt0dat.obj
 0002:00002518       ??_C@_0CI@BIOGDJKL@f?3?2dd?2vctools?2crt?2crtw32?2lowio?2i@ 000000014002e518     LIBCMTD:ioinit.obj
 0002:00002540       ??_C@_0CL@OBKFGCKK@f?3?2dd?2vctools?2crt?2crtw32?2startup@ 000000014002e540     LIBCMTD:stdargv.obj
 0002:00002570       ??_C@_0CL@BJBFGFLH@f?3?2dd?2vctools?2crt?2crtw32?2startup@ 000000014002e570     LIBCMTD:stdenvp.obj
 0002:000025a0       ??_C@_1FG@MHBLOJIO@?$AAf?$AA?3?$AA?2?$AAd?$AAd?$AA?2?$AAv?$AAc?$AAt?$AAo?$AAo?$AAl?$AAs?$AA?2?$AAc?$AAr?$AAt?$AA?2?$AAc?$AAr?$AAt?$AAw?$AA3?$AA2?$AA?2?$AAs?$AAt?$AAa?$AAr?$AAt?$AAu?$AAp@ 000000014002e5a0     LIBCMTD:stdenvp.obj
 0002:000025f8       ??_C@_1BC@GHMCNHHL@?$AA_?$AAs?$AAe?$AAt?$AAe?$AAn?$AAv?$AAp?$AA?$AA@ 000000014002e5f8     LIBCMTD:stdenvp.obj
 0002:00002610       ??_C@_1DE@MMOGFGHF@?$AAs?$AAt?$AAr?$AAc?$AAp?$AAy?$AA_?$AAs?$AA?$CI?$AA?$CK?$AAe?$AAn?$AAv?$AA?0?$AA?5?$AAc?$AAc?$AAh?$AAa?$AAr?$AAs?$AA?0?$AA?5?$AAp?$AA?$CJ?$AA?$AA@ 000000014002e610     LIBCMTD:stdenvp.obj
 0002:000027c0       ??_C@_1FK@PGACCAFB@?$AAR?$AA6?$AA0?$AA0?$AA2?$AA?$AN?$AA?6?$AA?9?$AA?5?$AAf?$AAl?$AAo?$AAa?$AAt?$AAi?$AAn?$AAg?$AA?5?$AAp?$AAo?$AAi?$AAn?$AAt?$AA?5?$AAs?$AAu?$AAp?$AAp?$AAo?$AAr?$AAt?$AA?5@ 000000014002e7c0     LIBCMTD:crt0msg.obj
 0002:00002820       ??_C@_1FE@LLNEDJMD@?$AAR?$AA6?$AA0?$AA0?$AA8?$AA?$AN?$AA?6?$AA?9?$AA?5?$AAn?$AAo?$AAt?$AA?5?$AAe?$AAn?$AAo?$AAu?$AAg?$AAh?$AA?5?$AAs?$AAp?$AAa?$AAc?$AAe?$AA?5?$AAf?$AAo?$AAr?$AA?5?$AAa?$AAr@ 000000014002e820     LIBCMTD:crt0msg.obj
 0002:00002880       ??_C@_1FI@HONFMGBI@?$AAR?$AA6?$AA0?$AA0?$AA9?$AA?$AN?$AA?6?$AA?9?$AA?5?$AAn?$AAo?$AAt?$AA?5?$AAe?$AAn?$AAo?$AAu?$AAg?$AAh?$AA?5?$AAs?$AAp?$AAa?$AAc?$AAe?$AA?5?$AAf?$AAo?$AAr?$AA?5?$AAe?$AAn@ 000000014002e880     LIBCMTD:crt0msg.obj
 0002:000028e0       ??_C@_1EG@BEHAGFJD@?$AAR?$AA6?$AA0?$AA1?$AA0?$AA?$AN?$AA?6?$AA?9?$AA?5?$AAa?$AAb?$AAo?$AAr?$AAt?$AA?$CI?$AA?$CJ?$AA?5?$AAh?$AAa?$AAs?$AA?5?$AAb?$AAe?$AAe?$AAn?$AA?5?$AAc?$AAa?$AAl?$AAl?$AAe?$AAd@ 000000014002e8e0     LIBCMTD:crt0msg.obj
 0002:00002930       ??_C@_1FI@LOGNIKDM@?$AAR?$AA6?$AA0?$AA1?$AA6?$AA?$AN?$AA?6?$AA?9?$AA?5?$AAn?$AAo?$AAt?$AA?5?$AAe?$AAn?$AAo?$AAu?$AAg?$AAh?$AA?5?$AAs?$AAp?$AAa?$AAc?$AAe?$AA?5?$AAf?$AAo?$AAr?$AA?5?$AAt?$AAh@ 000000014002e930     LIBCMTD:crt0msg.obj
 0002:00002990       ??_C@_1FK@BEOGODMC@?$AAR?$AA6?$AA0?$AA1?$AA7?$AA?$AN?$AA?6?$AA?9?$AA?5?$AAu?$AAn?$AAe?$AAx?$AAp?$AAe?$AAc?$AAt?$AAe?$AAd?$AA?5?$AAm?$AAu?$AAl?$AAt?$AAi?$AAt?$AAh?$AAr?$AAe?$AAa?$AAd?$AA?5@ 000000014002e990     LIBCMTD:crt0msg.obj
 0002:000029f0       ??_C@_1EC@JIBHAOPH@?$AAR?$AA6?$AA0?$AA1?$AA8?$AA?$AN?$AA?6?$AA?9?$AA?5?$AAu?$AAn?$AAe?$AAx?$AAp?$AAe?$AAc?$AAt?$AAe?$AAd?$AA?5?$AAh?$AAe?$AAa?$AAp?$AA?5?$AAe?$AAr?$AAr?$AAo?$AAr?$AA?$AN?$AA?6@ 000000014002e9f0     LIBCMTD:crt0msg.obj
 0002:00002a40       ??_C@_1FC@ECHBIFBC@?$AAR?$AA6?$AA0?$AA1?$AA9?$AA?$AN?$AA?6?$AA?9?$AA?5?$AAu?$AAn?$AAa?$AAb?$AAl?$AAe?$AA?5?$AAt?$AAo?$AA?5?$AAo?$AAp?$AAe?$AAn?$AA?5?$AAc?$AAo?$AAn?$AAs?$AAo?$AAl?$AAe?$AA?5@ 000000014002ea40     LIBCMTD:crt0msg.obj
 0002:00002aa0       ??_C@_1GK@FHCKBEFA@?$AAR?$AA6?$AA0?$AA2?$AA4?$AA?$AN?$AA?6?$AA?9?$AA?5?$AAn?$AAo?$AAt?$AA?5?$AAe?$AAn?$AAo?$AAu?$AAg?$AAh?$AA?5?$AAs?$AAp?$AAa?$AAc?$AAe?$AA?5?$AAf?$AAo?$AAr?$AA?5?$AA_?$AAo@ 000000014002eaa0     LIBCMTD:crt0msg.obj
 0002:00002b10       ??_C@_1EM@MAADIHMB@?$AAR?$AA6?$AA0?$AA2?$AA5?$AA?$AN?$AA?6?$AA?9?$AA?5?$AAp?$AAu?$AAr?$AAe?$AA?5?$AAv?$AAi?$AAr?$AAt?$AAu?$AAa?$AAl?$AA?5?$AAf?$AAu?$AAn?$AAc?$AAt?$AAi?$AAo?$AAn?$AA?5?$AAc@ 000000014002eb10     LIBCMTD:crt0msg.obj
 0002:00002b60       ??_C@_1GK@MCAAGJMO@?$AAR?$AA6?$AA0?$AA2?$AA6?$AA?$AN?$AA?6?$AA?9?$AA?5?$AAn?$AAo?$AAt?$AA?5?$AAe?$AAn?$AAo?$AAu?$AAg?$AAh?$AA?5?$AAs?$AAp?$AAa?$AAc?$AAe?$AA?5?$AAf?$AAo?$AAr?$AA?5?$AAs?$AAt@ 000000014002eb60     LIBCMTD:crt0msg.obj
 0002:00002bd0       ??_C@_1GK@MFGOKLAG@?$AAR?$AA6?$AA0?$AA2?$AA7?$AA?$AN?$AA?6?$AA?9?$AA?5?$AAn?$AAo?$AAt?$AA?5?$AAe?$AAn?$AAo?$AAu?$AAg?$AAh?$AA?5?$AAs?$AAp?$AAa?$AAc?$AAe?$AA?5?$AAf?$AAo?$AAr?$AA?5?$AAl?$AAo@ 000000014002ebd0     LIBCMTD:crt0msg.obj
 0002:00002c40       ??_C@_1EK@HHFLMAOL@?$AAR?$AA6?$AA0?$AA2?$AA8?$AA?$AN?$AA?6?$AA?9?$AA?5?$AAu?$AAn?$AAa?$AAb?$AAl?$AAe?$AA?5?$AAt?$AAo?$AA?5?$AAi?$AAn?$AAi?$AAt?$AAi?$AAa?$AAl?$AAi?$AAz?$AAe?$AA?5?$AAh?$AAe@ 000000014002ec40     LIBCMTD:crt0msg.obj
 0002:00002c90       ??_C@_1DO@BMFCDCD@?$AAR?$AA6?$AA0?$AA3?$AA0?$AA?$AN?$AA?6?$AA?9?$AA?5?$AAC?$AAR?$AAT?$AA?5?$AAn?$AAo?$AAt?$AA?5?$AAi?$AAn?$AAi?$AAt?$AAi?$AAa?$AAl?$AAi?$AAz?$AAe?$AAd?$AA?$AN?$AA?6?$AA?$AA@ 000000014002ec90     LIBCMTD:crt0msg.obj
 0002:00002cd0       ??_C@_1MG@ENCOOIDF@?$AAR?$AA6?$AA0?$AA3?$AA1?$AA?$AN?$AA?6?$AA?9?$AA?5?$AAA?$AAt?$AAt?$AAe?$AAm?$AAp?$AAt?$AA?5?$AAt?$AAo?$AA?5?$AAi?$AAn?$AAi?$AAt?$AAi?$AAa?$AAl?$AAi?$AAz?$AAe?$AA?5?$AAt@ 000000014002ecd0     LIBCMTD:crt0msg.obj
 0002:00002da0       ??_C@_1GG@GOPILAJP@?$AAR?$AA6?$AA0?$AA3?$AA2?$AA?$AN?$AA?6?$AA?9?$AA?5?$AAn?$AAo?$AAt?$AA?5?$AAe?$AAn?$AAo?$AAu?$AAg?$AAh?$AA?5?$AAs?$AAp?$AAa?$AAc?$AAe?$AA?5?$AAf?$AAo?$AAr?$AA?5?$AAl?$AAo@ 000000014002eda0     LIBCMTD:crt0msg.obj
 0002:00002e10       ??_C@_1BOO@KGEDBGAJ@?$AAR?$AA6?$AA0?$AA3?$AA3?$AA?$AN?$AA?6?$AA?9?$AA?5?$AAA?$AAt?$AAt?$AAe?$AAm?$AAp?$AAt?$AA?5?$AAt?$AAo?$AA?5?$AAu?$AAs?$AAe?$AA?5?$AAM?$AAS?$AAI?$AAL?$AA?5?$AAc?$AAo?$AAd@ 000000014002ee10     LIBCMTD:crt0msg.obj
 0002:00003000       ??_C@_1GG@MKFPEKFO@?$AAR?$AA6?$AA0?$AA3?$AA4?$AA?$AN?$AA?6?$AA?9?$AA?5?$AAi?$AAn?$AAc?$AAo?$AAn?$AAs?$AAi?$AAs?$AAt?$AAe?$AAn?$AAt?$AA?5?$AAo?$AAn?$AAe?$AAx?$AAi?$AAt?$AA?5?$AAb?$AAe?$AAg@ 000000014002f000     LIBCMTD:crt0msg.obj
 0002:00003068       ??_C@_1BO@BFCDCGC@?$AAD?$AAO?$AAM?$AAA?$AAI?$AAN?$AA?5?$AAe?$AAr?$AAr?$AAo?$AAr?$AA?$AN?$AA?6?$AA?$AA@ 000000014002f068     LIBCMTD:crt0msg.obj
 0002:00003088       ??_C@_1BK@KMOMNAAI@?$AAS?$AAI?$AAN?$AAG?$AA?5?$AAe?$AAr?$AAr?$AAo?$AAr?$AA?$AN?$AA?6?$AA?$AA@ 000000014002f088     LIBCMTD:crt0msg.obj
 0002:000030a8       ??_C@_1BM@JBBEPPHI@?$AAT?$AAL?$AAO?$AAS?$AAS?$AA?5?$AAe?$AAr?$AAr?$AAo?$AAr?$AA?$AN?$AA?6?$AA?$AA@ 000000014002f0a8     LIBCMTD:crt0msg.obj
 0002:000030c4       ??_C@_15JNBOKNOG@?$AA?$AN?$AA?6?$AA?$AA@ 000000014002f0c4     LIBCMTD:crt0msg.obj
 0002:000030d0       ??_C@_1BO@BKOMIGKJ@?$AAr?$AAu?$AAn?$AAt?$AAi?$AAm?$AAe?$AA?5?$AAe?$AAr?$AAr?$AAo?$AAr?$AA?5?$AA?$AA@ 000000014002f0d0     LIBCMTD:crt0msg.obj
 0002:000030f0       ??_C@_1FG@ILOHEEMG@?$AAf?$AA?3?$AA?2?$AAd?$AAd?$AA?2?$AAv?$AAc?$AAt?$AAo?$AAo?$AAl?$AAs?$AA?2?$AAc?$AAr?$AAt?$AA?2?$AAc?$AAr?$AAt?$AAw?$AA3?$AA2?$AA?2?$AAs?$AAt?$AAa?$AAr?$AAt?$AAu?$AAp@ 000000014002f0f0     LIBCMTD:crt0msg.obj
 0002:00003148       ??_C@_1BI@EAHMBMEC@?$AA_?$AAN?$AAM?$AAS?$AAG?$AA_?$AAW?$AAR?$AAI?$AAT?$AAE?$AA?$AA@ 000000014002f148     LIBCMTD:crt0msg.obj
 0002:00003160       ??_C@_1KO@BKLCKNFL@?$AAw?$AAc?$AAs?$AAc?$AAp?$AAy?$AA_?$AAs?$AA?$CI?$AAo?$AAu?$AAt?$AAm?$AAs?$AAg?$AA?0?$AA?5?$AA?$CI?$AAs?$AAi?$AAz?$AAe?$AAo?$AAf?$AA?$CI?$AAo?$AAu?$AAt?$AAm?$AAs?$AAg?$AA?$CJ@ 000000014002f160     LIBCMTD:crt0msg.obj
 0002:00003210       ??_C@_1DE@JNGNBFGO@?$AAR?$AAu?$AAn?$AAt?$AAi?$AAm?$AAe?$AA?5?$AAE?$AAr?$AAr?$AAo?$AAr?$AA?$CB?$AA?6?$AA?6?$AAP?$AAr?$AAo?$AAg?$AAr?$AAa?$AAm?$AA?3?$AA?5?$AA?$AA@ 000000014002f210     LIBCMTD:crt0msg.obj
 0002:00003250       ??_C@_1HK@FJJNAABO@?$AAw?$AAc?$AAs?$AAc?$AAp?$AAy?$AA_?$AAs?$AA?$CI?$AAp?$AAr?$AAo?$AAg?$AAn?$AAa?$AAm?$AAe?$AA?0?$AA?5?$AAp?$AAr?$AAo?$AAg?$AAn?$AAa?$AAm?$AAe?$AA_?$AAs?$AAi?$AAz?$AAe@ 000000014002f250     LIBCMTD:crt0msg.obj
 0002:000032d0       ??_C@_1HI@FLHKGEBE@?$AAw?$AAc?$AAs?$AAn?$AAc?$AAp?$AAy?$AA_?$AAs?$AA?$CI?$AAp?$AAc?$AAh?$AA?0?$AA?5?$AAp?$AAr?$AAo?$AAg?$AAn?$AAa?$AAm?$AAe?$AA_?$AAs?$AAi?$AAz?$AAe?$AA?5?$AA?9?$AA?5?$AA?$CI@ 000000014002f2d0     LIBCMTD:crt0msg.obj
 0002:00003350       ??_C@_1IA@DCJGKHFO@?$AAw?$AAc?$AAs?$AAc?$AAa?$AAt?$AA_?$AAs?$AA?$CI?$AAo?$AAu?$AAt?$AAm?$AAs?$AAg?$AA?0?$AA?5?$AA?$CI?$AAs?$AAi?$AAz?$AAe?$AAo?$AAf?$AA?$CI?$AAo?$AAu?$AAt?$AAm?$AAs?$AAg?$AA?$CJ@ 000000014002f350     LIBCMTD:crt0msg.obj
 0002:000033d0       ??_C@_1IG@NMONDPP@?$AAw?$AAc?$AAs?$AAc?$AAa?$AAt?$AA_?$AAs?$AA?$CI?$AAo?$AAu?$AAt?$AAm?$AAs?$AAg?$AA?0?$AA?5?$AA?$CI?$AAs?$AAi?$AAz?$AAe?$AAo?$AAf?$AA?$CI?$AAo?$AAu?$AAt?$AAm?$AAs?$AAg?$AA?$CJ@ 000000014002f3d0     LIBCMTD:crt0msg.obj
 0002:00003458       ??_C@_1DE@BCNCAIK@?$AA?$CI?$AA?$CC?$AAI?$AAn?$AAv?$AAa?$AAl?$AAi?$AAd?$AA?5?$AAe?$AAr?$AAr?$AAo?$AAr?$AA_?$AAm?$AAo?$AAd?$AAe?$AA?$CC?$AA?0?$AA?5?$AA0?$AA?$CJ?$AA?$AA@ 000000014002f458     LIBCMTD:errmode.obj
 0002:00003490       ??_C@_1FA@PBBGNIFD@?$AAf?$AA?3?$AA?2?$AAd?$AAd?$AA?2?$AAv?$AAc?$AAt?$AAo?$AAo?$AAl?$AAs?$AA?2?$AAc?$AAr?$AAt?$AA?2?$AAc?$AAr?$AAt?$AAw?$AA3?$AA2?$AA?2?$AAm?$AAi?$AAs?$AAc?$AA?2?$AAe?$AAr@ 000000014002f490     LIBCMTD:errmode.obj
 0002:000034e0       ??_C@_1CA@LFDHAMEM@?$AA_?$AAs?$AAe?$AAt?$AA_?$AAe?$AAr?$AAr?$AAo?$AAr?$AA_?$AAm?$AAo?$AAd?$AAe?$AA?$AA@ 000000014002f4e0     LIBCMTD:errmode.obj
 0002:00003500       ??_C@_0CG@NNNNMKLF@f?3?2dd?2vctools?2crt?2crtw32?2misc?2a_@ 000000014002f500     LIBCMTD:a_env.obj
 0002:00003528       ??_C@_1BK@MGMFAEKH@?$AAk?$AAe?$AAr?$AAn?$AAe?$AAl?$AA3?$AA2?$AA?4?$AAd?$AAl?$AAl?$AA?$AA@ 000000014002f528     LIBCMTD:winapisupp.obj
 0002:00003548       ??_C@_08KNHFBNJ@FlsAlloc?$AA@ 000000014002f548     LIBCMTD:winapisupp.obj
 0002:00003558       ??_C@_07PEJMOBNF@FlsFree?$AA@ 000000014002f558     LIBCMTD:winapisupp.obj
 0002:00003560       ??_C@_0M@GDNOONDI@FlsGetValue?$AA@ 000000014002f560     LIBCMTD:winapisupp.obj
 0002:00003570       ??_C@_0M@JCPCPOEF@FlsSetValue?$AA@ 000000014002f570     LIBCMTD:winapisupp.obj
 0002:00003580       ??_C@_0BM@HCFOFFN@InitializeCriticalSectionEx?$AA@ 000000014002f580     LIBCMTD:winapisupp.obj
 0002:000035a0       ??_C@_0P@DLHPPCNH@CreateEventExW?$AA@ 000000014002f5a0     LIBCMTD:winapisupp.obj
 0002:000035b0       ??_C@_0BD@KIEEOEEH@CreateSemaphoreExW?$AA@ 000000014002f5b0     LIBCMTD:winapisupp.obj
 0002:000035c8       ??_C@_0BI@BKLFFAPO@SetThreadStackGuarantee?$AA@ 000000014002f5c8     LIBCMTD:winapisupp.obj
 0002:000035e0       ??_C@_0BG@OGFAJCKC@CreateThreadpoolTimer?$AA@ 000000014002f5e0     LIBCMTD:winapisupp.obj
 0002:000035f8       ??_C@_0BD@LPLEMMDI@SetThreadpoolTimer?$AA@ 000000014002f5f8     LIBCMTD:winapisupp.obj
 0002:00003610       ??_C@_0CA@FMNJENH@WaitForThreadpoolTimerCallbacks?$AA@ 000000014002f610     LIBCMTD:winapisupp.obj
 0002:00003630       ??_C@_0BF@DCFCCNOC@CloseThreadpoolTimer?$AA@ 000000014002f630     LIBCMTD:winapisupp.obj
 0002:00003648       ??_C@_0BF@FLABGKKM@CreateThreadpoolWait?$AA@ 000000014002f648     LIBCMTD:winapisupp.obj
 0002:00003660       ??_C@_0BC@MGCOHNA@SetThreadpoolWait?$AA@ 000000014002f660     LIBCMTD:winapisupp.obj
 0002:00003678       ??_C@_0BE@OCIOMIMP@CloseThreadpoolWait?$AA@ 000000014002f678     LIBCMTD:winapisupp.obj
 0002:00003690       ??_C@_0BJ@LKGHFHBO@FlushProcessWriteBuffers?$AA@ 000000014002f690     LIBCMTD:winapisupp.obj
 0002:000036b0       ??_C@_0BP@KALKKPMO@FreeLibraryWhenCallbackReturns?$AA@ 000000014002f6b0     LIBCMTD:winapisupp.obj
 0002:000036d0       ??_C@_0BK@DFNBACLA@GetCurrentProcessorNumber?$AA@ 000000014002f6d0     LIBCMTD:winapisupp.obj
 0002:000036f0       ??_C@_0BP@KHGALBC@GetLogicalProcessorInformation?$AA@ 000000014002f6f0     LIBCMTD:winapisupp.obj
 0002:00003710       ??_C@_0BE@FKKLLFLM@CreateSymbolicLinkW?$AA@ 000000014002f710     LIBCMTD:winapisupp.obj
 0002:00003728       ??_C@_0BJ@OHNKDLIJ@SetDefaultDllDirectories?$AA@ 000000014002f728     LIBCMTD:winapisupp.obj
 0002:00003748       ??_C@_0BE@LJANKFHF@EnumSystemLocalesEx?$AA@ 000000014002f748     LIBCMTD:winapisupp.obj
 0002:00003760       ??_C@_0BA@IHGNDAEB@CompareStringEx?$AA@ 000000014002f760     LIBCMTD:winapisupp.obj
[...]
 0004:00000c24       $pdata$_fptrap             000000014003dc24     LIBCMTD:crt0fp.obj
 0004:00000c30       $pdata$?_inconsistency@@YAXXZ 000000014003dc30     LIBCMTD:hooks.obj
 0004:00000c3c       $pdata$?terminate@@YAXXZ   000000014003dc3c     LIBCMTD:hooks.obj
 0004:00000c48       $pdata$_initp_eh_hooks     000000014003dc48     LIBCMTD:hooks.obj
 0004:00000c54       $pdata$_FindPESection      000000014003dc54     LIBCMTD:pesect.obj
 0004:00000c60       $pdata$_IsNonwritableInCurrentImage 000000014003dc60     LIBCMTD:pesect.obj
 0004:00000c6c       $pdata$_ValidateImageBase  000000014003dc6c     LIBCMTD:pesect.obj
 0004:00000c78       $pdata$__onexitinit        000000014003dc78     LIBCMTD:onexit.obj
 0004:00000c84       $pdata$_onexit             000000014003dc84     LIBCMTD:onexit.obj
 0004:00000c90       $pdata$_onexit_nolock      000000014003dc90     LIBCMTD:onexit.obj
 0004:00000c9c       $pdata$atexit              000000014003dc9c     LIBCMTD:onexit.obj
 0004:00000cd8       $pdata$?x_ismbbtype_l@@YAHPEAUlocaleinfo_struct@@IHH@Z 000000014003dcd8     LIBCMTD:ismbbyte.obj
 0004:00000ce4       $pdata$_ismbblead          000000014003dce4     LIBCMTD:ismbbyte.obj
 0004:00000cf0       $pdata$wcscat_s            000000014003dcf0     LIBCMTD:wcscat_s.obj
 0004:00000cfc       $pdata$wcsncpy_s           000000014003dcfc     LIBCMTD:wcsncpy_s.obj
 0004:00000d08       $pdata$_fcloseall          000000014003dd08     LIBCMTD:closeall.obj
 0004:00000d14       $pdata$_fflush_nolock      000000014003dd14     LIBCMTD:fflush.obj
 0004:00000d20       $pdata$_flush              000000014003dd20     LIBCMTD:fflush.obj
 0004:00000d2c       $pdata$_flushall           000000014003dd2c     LIBCMTD:fflush.obj
 0004:00000d38       $pdata$flsall              000000014003dd38     LIBCMTD:fflush.obj
 0004:00000d44       $pdata$__lock_fhandle      000000014003dd44     LIBCMTD:osfinfo.obj
 0004:00000d50       $pdata$_free_osfhnd        000000014003dd50     LIBCMTD:osfinfo.obj
 0004:00000d5c       $pdata$_get_osfhandle      000000014003dd5c     LIBCMTD:osfinfo.obj
 0004:00000d68       $pdata$_unlock_fhandle     000000014003dd68     LIBCMTD:osfinfo.obj
 0004:00000d74       $pdata$_mbtowc_l           000000014003dd74     LIBCMTD:mbtowc.obj
 0004:00000d80       $pdata$mbtowc              000000014003dd80     LIBCMTD:mbtowc.obj
 0004:00000d8c       $pdata$_putwch_nolock      000000014003dd8c     LIBCMTD:putwch.obj
 0004:00000d98       $pdata$_vsnwprintf_s       000000014003dd98     LIBCMTD:vswprnc.obj
 0004:00000da4       $pdata$_vsnwprintf_s_l     000000014003dda4     LIBCMTD:vswprnc.obj
 0004:00000db0       $pdata$_vswprintf_helper   000000014003ddb0     LIBCMTD:vswprnc.obj
 0004:00000dbc       $pdata$strcat_s            000000014003ddbc     LIBCMTD:strcat_s.obj
 0004:00000dc8       $pdata$_itoa_s             000000014003ddc8     LIBCMTD:xtoas.obj
 0004:00000dd4       $pdata$xtoa_s              000000014003ddd4     LIBCMTD:xtoas.obj
 0004:00000de0       $pdata$_mbstowcs_l_helper  000000014003dde0     LIBCMTD:mbstowcs.obj
 0004:00000dec       $pdata$_mbstowcs_s_l       000000014003ddec     LIBCMTD:mbstowcs.obj
 0004:00000df8       $pdata$mbstowcs_s          000000014003ddf8     LIBCMTD:mbstowcs.obj
 0004:00000e04       $pdata$?wcsncnt@@YA_KPEB_W_K@Z 000000014003de04     LIBCMTD:wcstombs.obj
 0004:00000e10       $pdata$_wcstombs_l_helper  000000014003de10     LIBCMTD:wcstombs.obj
 0004:00000e1c       $pdata$_wcstombs_s_l       000000014003de1c     LIBCMTD:wcstombs.obj
 0004:00000e28       $pdata$wcstombs_s          000000014003de28     LIBCMTD:wcstombs.obj
 0004:00000e34       $pdata$_itow_s             000000014003de34     LIBCMTD:xtows.obj
 0004:00000e40       $pdata$xtow_s              000000014003de40     LIBCMTD:xtows.obj
 0004:00000e4c       $pdata$__GSHandlerCheck_SEH 000000014003de4c     LIBCMTD:gshandlerseh.obj
 0004:00000e58       $pdata$__free_lconv_mon    000000014003de58     LIBCMTD:initmon.obj
 0004:00000e64       $pdata$__free_lconv_num    000000014003de64     LIBCMTD:initnum.obj
 0004:00000e70       $pdata$__free_lc_time      000000014003de70     LIBCMTD:inittime.obj
 0004:00000e7c       $pdata$?__crtLCMapStringA_stat@@YAHPEAUlocaleinfo_struct@@PEB_WKPEBDHPEADHHH@Z 000000014003de7c     LIBCMTD:a_map.obj
 0004:00000e88       $pdata$?strncnt@@YAHPEBDH@Z 000000014003de88     LIBCMTD:a_map.obj
 0004:00000e94       $pdata$_MallocaIsSizeInRange 000000014003de94     LIBCMTD:a_map.obj
 0004:00000ea0       $pdata$__crtLCMapStringA   000000014003dea0     LIBCMTD:a_map.obj
 0004:00000eac       $pdata$_freea              000000014003deac     LIBCMTD:a_map.obj
 0004:00000eb8       $pdata$?__crtGetStringTypeA_stat@@YAHPEAUlocaleinfo_struct@@KPEBDHPEAGHH@Z 000000014003deb8     LIBCMTD:a_str.obj
 0004:00000ec4       $pdata$__crtGetStringTypeA 000000014003dec4     LIBCMTD:a_str.obj
 0004:00000ed0       $pdata$?_CatchTryBlock@@YAPEBU_s_TryBlockMapEntry@@PEBU_s_FuncInfo@@H@Z 000000014003ded0     LIBCMTD:trnsctrl.obj
 0004:00000edc       $pdata$?_GetEstablisherFrame@@YAPEA_KPEA_KPEAU_xDISPATCHER_CONTEXT@@PEBU_s_FuncInfo@@0@Z 000000014003dedc     LIBCMTD:trnsctrl.obj
 0004:00000ee8       $pdata$?_GetRangeOfTrysToCheck@@YAPEBU_s_TryBlockMapEntry@@PEA_KPEBU_s_FuncInfo@@HHPEAI2PEAU_xDISPATCHER_CONTEXT@@@Z 000000014003dee8     LIBCMTD:trnsctrl.obj
 0004:00000ef4       $pdata$?__FrameUnwindToEmptyState@@YAXPEA_KPEAU_xDISPATCHER_CONTEXT@@PEBU_s_FuncInfo@@@Z 000000014003def4     LIBCMTD:trnsctrl.obj
 0004:00000f00       $pdata$?__SehTransFilter@@YAHPEAU_EXCEPTION_POINTERS@@PEAUEHExceptionRecord@@PEA_KPEAU_CONTEXT@@PEAU_xDISPATCHER_CONTEXT@@PEBU_s_FuncInfo@@PEAH@Z 000000014003df00     LIBCMTD:trnsctrl.obj
 0004:00000f0c       $pdata$_CallSETranslator   000000014003df0c     LIBCMTD:trnsctrl.obj
 0004:00000f18       $pdata$_CreateFrameInfo    000000014003df18     LIBCMTD:trnsctrl.obj
 0004:00000f24       $pdata$_FindAndUnlinkFrame 000000014003df24     LIBCMTD:trnsctrl.obj
 0004:00000f30       $pdata$_GetImageBase       000000014003df30     LIBCMTD:trnsctrl.obj
 0004:00000f3c       $pdata$_GetThrowImageBase  000000014003df3c     LIBCMTD:trnsctrl.obj
 0004:00000f48       $pdata$_IsExceptionObjectToBeDestroyed 000000014003df48     LIBCMTD:trnsctrl.obj
 0004:00000f54       $pdata$_SetImageBase       000000014003df54     LIBCMTD:trnsctrl.obj
 0004:00000f60       $pdata$_SetThrowImageBase  000000014003df60     LIBCMTD:trnsctrl.obj
 0004:00000f6c       $pdata$_UnwindNestedFrames 000000014003df6c     LIBCMTD:trnsctrl.obj
 0004:00000f78       $pdata$__CxxFrameHandler3  000000014003df78     LIBCMTD:trnsctrl.obj
 0004:00000f84       $pdata$_locterm            000000014003df84     LIBCMTD:wsetloca.obj
 0004:00000f9c       $pdata$_CopyMan            000000014003df9c     LIBCMTD:intrncvt.obj
 0004:00000fa8       $pdata$_FillZeroMan        000000014003dfa8     LIBCMTD:intrncvt.obj
 0004:00000fb4       $pdata$_IncMan             000000014003dfb4     LIBCMTD:intrncvt.obj
 0004:00000fc0       $pdata$_IsZeroMan          000000014003dfc0     LIBCMTD:intrncvt.obj
 0004:00000fcc       $pdata$_RoundMan           000000014003dfcc     LIBCMTD:intrncvt.obj
 0004:00000fd8       $pdata$_ShrMan             000000014003dfd8     LIBCMTD:intrncvt.obj
 0004:00000fe4       $pdata$_ZeroTail           000000014003dfe4     LIBCMTD:intrncvt.obj
 0004:00000ff0       $pdata$__addl              000000014003dff0     LIBCMTD:intrncvt.obj
 0004:00000ffc       $pdata$_ld12cvt            000000014003dffc     LIBCMTD:intrncvt.obj
 0004:00001008       $pdata$_ld12tod            000000014003e008     LIBCMTD:intrncvt.obj
 0004:00001014       $pdata$_ld12tof            000000014003e014     LIBCMTD:intrncvt.obj
 0004:00001020       $pdata$__ld12mul           000000014003e020     LIBCMTD:strgtold.obj
 0004:0000102c       $pdata$__multtenpow12      000000014003e02c     LIBCMTD:strgtold.obj
 0004:00001038       $pdata$__shl_12            000000014003e038     LIBCMTD:strgtold.obj
 0004:00001044       $pdata$__shr_12            000000014003e044     LIBCMTD:strgtold.obj
 0004:00001050       $pdata$__strgtold12_l      000000014003e050     LIBCMTD:strgtold.obj
 0004:0000105c       $pdata$$I10_OUTPUT         000000014003e05c     LIBCMTD:x10fout.obj
 0004:00001068       $pdata$__add_12            000000014003e068     LIBCMTD:x10fout.obj
 0004:00001074       $pdata$abort               000000014003e074     LIBCMTD:abort.obj
 0004:00001080       $pdata$GetTableIndexFromLocaleName 000000014003e080     LIBCMTD:winapinls.obj
 0004:0000108c       $pdata$__crtDownlevelLocaleNameToLCID 000000014003e08c     LIBCMTD:winapinls.obj
 0004:00001098       $pdata$__crtLCMapStringEx  000000014003e098     LIBCMTD:winapinls.obj
 0004:000010a4       $pdata$__wcsnicmp_ascii    000000014003e0a4     LIBCMTD:winapinls.obj
 0004:000010b0       $pdata$_fclose_nolock      000000014003e0b0     LIBCMTD:fclose.obj
 0004:000010bc       $pdata$fclose              000000014003e0bc     LIBCMTD:fclose.obj
 0004:000010c8       $pdata$_commit             000000014003e0c8     LIBCMTD:commit.obj
 0004:000010d4       $pdata$__termconout        000000014003e0d4     LIBCMTD:initcon.obj
 0004:000010e0       $pdata$__initconout        000000014003e0e0     LIBCMTD:initcon.obj
 0004:000010ec       $pdata$_woutput_s_l        000000014003e0ec     LIBCMTD:woutputs.obj
 0004:000010f8       $pdata$write_char          000000014003e0f8     LIBCMTD:woutputs.obj
 0004:00001104       $pdata$write_multi_char    000000014003e104     LIBCMTD:woutputs.obj
 0004:00001110       $pdata$write_string        000000014003e110     LIBCMTD:woutputs.obj
 0004:0000111c       $pdata$_fputwc_nolock      000000014003e11c     LIBCMTD:fputwc.obj
 0004:00001128       $pdata$free                000000014003e128     LIBCMTD:dbgfree.obj
 0004:00001134       $pdata$malloc              000000014003e134     LIBCMTD:dbgmalloc.obj
 0004:00001140       $pdata$__DestructExceptionObject 000000014003e140     LIBCMTD:frame.obj
 0004:0000114c       $pdata$??0bad_exception@std@@QEAA@AEBV01@@Z 000000014003e14c     LIBCMTD:frame.obj
 0004:00001158       $pdata$??0bad_exception@std@@QEAA@PEBD@Z 000000014003e158     LIBCMTD:frame.obj
 0004:00001164       $pdata$??1bad_exception@std@@UEAA@XZ 000000014003e164     LIBCMTD:frame.obj
 0004:00001170       $pdata$??_Gbad_exception@std@@UEAAPEAXI@Z 000000014003e170     LIBCMTD:frame.obj
 0004:0000117c       $pdata$?CatchIt@@YAXPEAUEHExceptionRecord@@PEA_KPEAU_CONTEXT@@PEAU_xDISPATCHER_CONTEXT@@PEBU_s_FuncInfo@@PEBU_s_HandlerType@@PEBU_s_CatchableType@@PEBU_s_TryBlockMapEntry@@H1EE@Z 000000014003e17c     LIBCMTD:frame.obj
 0004:00001188       $pdata$?ExFilterRethrow@@YAHPEAU_EXCEPTION_POINTERS@@PEAUEHExceptionRecord@@PEAH@Z 000000014003e188     LIBCMTD:frame.obj
 0004:00001194       $pdata$?FindHandler@@YAXPEAUEHExceptionRecord@@PEA_KPEAU_CONTEXT@@PEAU_xDISPATCHER_CONTEXT@@PEBU_s_FuncInfo@@EH1@Z 000000014003e194     LIBCMTD:frame.obj
 0004:000011a0       $pdata$?FindHandlerForForeignException@@YAXPEAUEHExceptionRecord@@PEA_KPEAU_CONTEXT@@PEAU_xDISPATCHER_CONTEXT@@PEBU_s_FuncInfo@@HH1@Z 000000014003e1a0     LIBCMTD:frame.obj
 0004:000011ac       $pdata$?IsInExceptionSpec@@YAEPEAUEHExceptionRecord@@PEBU_s_ESTypeList@@@Z 000000014003e1ac     LIBCMTD:frame.obj
 0004:000011b8       $pdata$?Is_bad_exception_allowed@@YAEPEBU_s_ESTypeList@@@Z 000000014003e1b8     LIBCMTD:frame.obj
 0004:000011c4       $pdata$?__RethrowException@@YAXPEAUEHExceptionRecord@@@Z 000000014003e1c4     LIBCMTD:frame.obj
 0004:000011d0       $pdata$__AdjustPointer     000000014003e1d0     LIBCMTD:frame.obj
 0004:000011dc       $pdata$__BuildCatchObject  000000014003e1dc     LIBCMTD:frame.obj
 0004:000011e8       $pdata$__BuildCatchObjectHelper 000000014003e1e8     LIBCMTD:frame.obj
 0004:000011f4       $pdata$__CxxCallCatchBlock 000000014003e1f4     LIBCMTD:frame.obj
 0004:00001200       $pdata$__FrameUnwindFilter 000000014003e200     LIBCMTD:frame.obj
 0004:0000120c       $pdata$__FrameUnwindToState 000000014003e20c     LIBCMTD:frame.obj
 0004:00001218       $pdata$__InternalCxxFrameHandler 000000014003e218     LIBCMTD:frame.obj
 0004:00001224       $pdata$__TypeMatch         000000014003e224     LIBCMTD:frame.obj
 0004:00001230       $pdata$?__GetCurrentState@@YAHPEA_KPEAU_xDISPATCHER_CONTEXT@@PEBU_s_FuncInfo@@@Z 000000014003e230     LIBCMTD:ehstate.obj
 0004:0000123c       $pdata$?__GetUnwindTryBlock@@YAHPEA_KPEAU_xDISPATCHER_CONTEXT@@PEBU_s_FuncInfo@@@Z 000000014003e23c     LIBCMTD:ehstate.obj
 0004:00001248       $pdata$?__SetUnwindTryBlock@@YAXPEA_KPEAU_xDISPATCHER_CONTEXT@@PEBU_s_FuncInfo@@H@Z 000000014003e248     LIBCMTD:ehstate.obj
 0004:00001254       $pdata$?__StateFromControlPc@@YAHPEBU_s_FuncInfo@@PEAU_xDISPATCHER_CONTEXT@@@Z 000000014003e254     LIBCMTD:ehstate.obj
 0004:00001260       $pdata$?__StateFromIp@@YAHPEBU_s_FuncInfo@@PEAU_xDISPATCHER_CONTEXT@@_J@Z 000000014003e260     LIBCMTD:ehstate.obj
 0004:00001278       $pdata$__mtold12           000000014003e278     LIBCMTD:mantold.obj
 0004:00001284       $pdata$_close              000000014003e284     LIBCMTD:close.obj
 0004:00001290       $pdata$_close_nolock       000000014003e290     LIBCMTD:close.obj
 0004:0000129c       $pdata$_freebuf            000000014003e29c     LIBCMTD:_freebuf.obj
 0004:000012a8       $pdata$_flswbuf            000000014003e2a8     LIBCMTD:_flswbuf.obj
 0004:000012b4       $pdata$??3@YAXPEAX@Z       000000014003e2b4     LIBCMTD:dbgdel.obj
 0004:000012cc       $pdata$?_ValidateExecute@@YAHP6A_JXZ@Z 000000014003e2cc     LIBCMTD:validate.obj
 0004:000012d8       $pdata$?_ValidateWrite@@YAHPEAXI@Z 000000014003e2d8     LIBCMTD:validate.obj
 0004:000012d8       $pdata$?_ValidateRead@@YAHPEBXI@Z 000000014003e2d8     LIBCMTD:validate.obj
 0004:000012f0       $pdata$??1type_info@@UEAA@XZ 000000014003e2f0     LIBCMTD:typinfo.obj
 0004:000012fc       $pdata$??8type_info@@QEBA_NAEBV0@@Z 000000014003e2fc     LIBCMTD:typinfo.obj
 0004:00001308       $pdata$??_Gtype_info@@UEAAPEAXI@Z 000000014003e308     LIBCMTD:typinfo.obj
 0004:00001314       $pdata$??0exception@std@@QEAA@AEBQEBD@Z 000000014003e314     LIBCMTD:stdexcpt.obj
 0004:00001320       $pdata$??0exception@std@@QEAA@AEBV01@@Z 000000014003e320     LIBCMTD:stdexcpt.obj
 0004:0000132c       $pdata$??1exception@std@@UEAA@XZ 000000014003e32c     LIBCMTD:stdexcpt.obj
 0004:00001338       $pdata$??4exception@std@@QEAAAEAV01@AEBV01@@Z 000000014003e338     LIBCMTD:stdexcpt.obj
 0004:00001344       $pdata$??_Gexception@std@@UEAAPEAXI@Z 000000014003e344     LIBCMTD:stdexcpt.obj
 0004:00001350       $pdata$?_Copy_str@exception@std@@AEAAXPEBD@Z 000000014003e350     LIBCMTD:stdexcpt.obj
 0004:0000135c       $pdata$?_Tidy@exception@std@@AEAAXXZ 000000014003e35c     LIBCMTD:stdexcpt.obj
 0004:00001368       $pdata$?what@exception@std@@UEBAPEBDXZ 000000014003e368     LIBCMTD:stdexcpt.obj
 0004:00001374       $pdata$_CxxThrowException  000000014003e374     LIBCMTD:throw.obj
 0004:00001380       $pdata$?_Type_info_dtor@type_info@@CAXPEAV1@@Z 000000014003e380     LIBCMTD:typname.obj
 0004:0000138c       $pdata$__tmainCRTStartup$filt$0 000000014003e38c     LIBCMTD:wincrt0.obj
 0004:00001398       $pdata$_CrtCheckMemory$fin$0 000000014003e398     LIBCMTD:dbgheap.obj
 0004:000013a4       $pdata$_free_dbg$fin$0     000000014003e3a4     LIBCMTD:dbgheap.obj
 0004:000013b0       $pdata$?fin$0@?0??_CrtMemDumpAllObjectsSince_stat@@YAXPEBU_CrtMemState@@PEAUlocaleinfo_struct@@@Z@4HA 000000014003e3b0     LIBCMTD:dbgheap.obj
 0004:000013b0       $pdata$_heap_alloc_dbg_impl$fin$0 000000014003e3b0     LIBCMTD:dbgheap.obj
 0004:000013b0       $pdata$_CrtMemCheckpoint$fin$0 000000014003e3b0     LIBCMTD:dbgheap.obj
 0004:000013bc       $pdata$_CrtSetDbgFlag$fin$0 000000014003e3bc     LIBCMTD:dbgheap.obj
 0004:000013bc       $pdata$_msize_dbg$fin$0    000000014003e3bc     LIBCMTD:dbgheap.obj
 0004:000013bc       $pdata$?fin$0@?0???3@YAXPEAX@Z@4HA 000000014003e3bc     LIBCMTD:dbgheap.obj
 0004:000013bc       $pdata$_realloc_dbg$fin$0  000000014003e3bc     LIBCMTD:dbgheap.obj
 0004:000013c8       $pdata$_initptd$fin$0      000000014003e3c8     LIBCMTD:tidtable.obj
 0004:000013c8       $pdata$_freefls$fin$0      000000014003e3c8     LIBCMTD:tidtable.obj
 0004:000013d4       $pdata$_freefls$fin$1      000000014003e3d4     LIBCMTD:tidtable.obj
 0004:000013d4       $pdata$_initptd$fin$1      000000014003e3d4     LIBCMTD:tidtable.obj
 0004:000013e0       $pdata$doexit$fin$0        000000014003e3e0     LIBCMTD:crt0dat.obj
 0004:000013ec       $pdata$_ioinit$fin$0       000000014003e3ec     LIBCMTD:ioinit.obj
 0004:000013f8       $pdata$raise$fin$0         000000014003e3f8     LIBCMTD:winsig.obj
 0004:00001404       $pdata$_VCrtDbgReportA$fin$0 000000014003e404     LIBCMTD:dbgrptt.obj
 0004:00001410       $pdata$_VCrtDbgReportA$fin$1 000000014003e410     LIBCMTD:dbgrptt.obj
 0004:0000141c       $pdata$_VCrtDbgReportW$fin$0 000000014003e41c     LIBCMTD:dbgrptt.obj
 0004:00001428       $pdata$_VCrtDbgReportW$fin$1 000000014003e428     LIBCMTD:dbgrptt.obj
 0004:00001434       $pdata$__updatetlocinfo$fin$0 000000014003e434     LIBCMTD:localref.obj
 0004:00001434       $pdata$_locterm$fin$0      000000014003e434     LIBCMTD:localref.obj
 0004:00001440       $pdata$?dtor$0@?0??getSystemCP@@YAHH@Z@4HA 000000014003e440     LIBCMTD:mbctype.obj
 0004:0000144c       $pdata$__updatetmbcinfo$fin$0 000000014003e44c     LIBCMTD:mbctype.obj
 0004:0000144c       $pdata$_setmbcp$fin$0      000000014003e44c     LIBCMTD:mbctype.obj
 0004:00001458       $pdata$_ctrlfp$filt$0      000000014003e458     LIBCMTD:fpctrl.obj
 0004:00001464       $pdata$__BuildCatchObject$filt$0 000000014003e464     LIBCMTD:hooks.obj
 0004:00001464       $pdata$__BuildCatchObjectHelper$filt$0 000000014003e464     LIBCMTD:hooks.obj
 0004:00001464       $pdata$?filt$0@?0??terminate@@YAXXZ@4HA 000000014003e464     LIBCMTD:hooks.obj
 0004:00001464       $pdata$?filt$0@?0??__crtIsBadReadPtr@@YAHPEBX_K@Z@4HA 000000014003e464     LIBCMTD:hooks.obj
 0004:00001464       $pdata$?filt$0@?0??_inconsistency@@YAXXZ@4HA 000000014003e464     LIBCMTD:hooks.obj
 0004:00001470       $pdata$_IsNonwritableInCurrentImage$filt$0 000000014003e470     LIBCMTD:pesect.obj
 0004:0000147c       $pdata$_onexit$fin$0       000000014003e47c     LIBCMTD:onexit.obj
 0004:00001488       $pdata$?dtor$0@?0??x_ismbbtype_l@@YAHPEAUlocaleinfo_struct@@IHH@Z@4HA 000000014003e488     LIBCMTD:ismbbyte.obj
 0004:00001494       $pdata$_fcloseall$fin$0    000000014003e494     LIBCMTD:closeall.obj
 0004:000014a0       $pdata$flsall$fin$0        000000014003e4a0     LIBCMTD:fflush.obj
 0004:000014ac       $pdata$flsall$fin$1        000000014003e4ac     LIBCMTD:fflush.obj
 0004:000014b8       $pdata$__lock_fhandle$fin$0 000000014003e4b8     LIBCMTD:osfinfo.obj
 0004:000014b8       $pdata$_mtinitlocknum$fin$0 000000014003e4b8     LIBCMTD:osfinfo.obj
 0004:000014c4       $pdata$_CallSETranslator$filt$0 000000014003e4c4     LIBCMTD:trnsctrl.obj
 0004:000014d0       $pdata$fclose$fin$0        000000014003e4d0     LIBCMTD:fclose.obj
 0004:000014dc       $pdata$__CxxCallCatchBlock$filt$0 000000014003e4dc     LIBCMTD:frame.obj
 0004:000014e8       $pdata$__CxxCallCatchBlock$fin$1 000000014003e4e8     LIBCMTD:frame.obj
 0004:000014f4       $pdata$__DestructExceptionObject$filt$0 000000014003e4f4     LIBCMTD:frame.obj
 0004:00001500       $pdata$__FrameUnwindToState$filt$0 000000014003e500     LIBCMTD:frame.obj
 0004:0000150c       $pdata$__FrameUnwindToState$fin$1 000000014003e50c     LIBCMTD:frame.obj
 0004:00001518       $pdata$_write$fin$0        000000014003e518     LIBCMTD:close.obj
 0004:00001518       $pdata$_lseeki64$fin$0     000000014003e518     LIBCMTD:close.obj
 0004:00001518       $pdata$_commit$fin$0       000000014003e518     LIBCMTD:close.obj
 0004:00001518       $pdata$_close$fin$0        000000014003e518     LIBCMTD:close.obj
 0004:00001524       $pdata$?fin$0@?0??_Type_info_dtor@type_info@@CAXPEAV1@@Z@4HA 000000014003e524     LIBCMTD:typname.obj
